Archive member included to satisfy reference by file (symbol)

libDaisy/build/libdaisy.a(daisy_seed.o)
                              build/fjol.o (daisy::DaisySeed::GetPin(unsigned char))
libDaisy/build/libdaisy.a(codec_ak4556.o)
                              libDaisy/build/libdaisy.a(daisy_seed.o) (daisy::Ak4556::Init(dsy_gpio_pin))
libDaisy/build/libdaisy.a(codec_wm8731.o)
                              libDaisy/build/libdaisy.a(daisy_seed.o) (daisy::Wm8731::Init(daisy::Wm8731::Config const&, daisy::I2CHandle))
libDaisy/build/libdaisy.a(sdram.o)
                              libDaisy/build/libdaisy.a(daisy_seed.o) (SdramHandle::Init())
libDaisy/build/libdaisy.a(audio.o)
                              libDaisy/build/libdaisy.a(daisy_seed.o) (daisy::AudioHandle::Init(daisy::AudioHandle::Config const&, daisy::SaiHandle))
libDaisy/build/libdaisy.a(ctrl.o)
                              build/fjol.o (daisy::AnalogControl::Init(unsigned short*, float, bool, bool, float))
libDaisy/build/libdaisy.a(encoder.o)
                              build/fjol.o (daisy::Encoder::Init(dsy_gpio_pin, dsy_gpio_pin, dsy_gpio_pin, float))
libDaisy/build/libdaisy.a(logger.o)
                              build/fjol.o (daisy::Logger<(daisy::LoggerDestination)1>::PrintLine(char const*, ...))
libDaisy/build/libdaisy.a(parameter.o)
                              build/fjol.o (daisy::Parameter::Init(daisy::AnalogControl, float, float, daisy::Parameter::Curve))
libDaisy/build/libdaisy.a(switch.o)
                              build/fjol.o (daisy::Switch::Init(dsy_gpio_pin, float))
libDaisy/build/libdaisy.a(usb.o)
                              libDaisy/build/libdaisy.a(logger.o) (daisy::UsbHandle::Init(daisy::UsbHandle::UsbPeriph))
libDaisy/build/libdaisy.a(adc.o)
                              build/fjol.o (daisy::AdcChannelConfig::InitSingle(dsy_gpio_pin))
libDaisy/build/libdaisy.a(gpio.o)
                              libDaisy/build/libdaisy.a(daisy_seed.o) (dsy_gpio_init)
libDaisy/build/libdaisy.a(i2c.o)
                              build/fjol.o (daisy::I2CHandle::Init(daisy::I2CHandle::Config const&))
libDaisy/build/libdaisy.a(qspi.o)
                              libDaisy/build/libdaisy.a(daisy_seed.o) (daisy::QSPIHandle::Init(daisy::QSPIHandle::Config const&))
libDaisy/build/libdaisy.a(sai.o)
                              libDaisy/build/libdaisy.a(daisy_seed.o) (daisy::SaiHandle::Init(daisy::SaiHandle::Config const&))
libDaisy/build/libdaisy.a(uart.o)
                              build/fjol.o (daisy::UartHandler::Init(daisy::UartHandler::Config const&))
libDaisy/build/libdaisy.a(system.o)
                              libDaisy/build/libdaisy.a(daisy_seed.o) (daisy::System::DeInit())
libDaisy/build/libdaisy.a(system_stm32h7xx.o)
                              build/startup_stm32h750xx.o (SystemInit)
libDaisy/build/libdaisy.a(usbd_cdc_if.o)
                              libDaisy/build/libdaisy.a(usb.o) (CDC_Transmit_FS)
libDaisy/build/libdaisy.a(usbd_conf.o)
                              libDaisy/build/libdaisy.a(system.o) (hpcd_USB_OTG_HS)
libDaisy/build/libdaisy.a(usbd_desc.o)
                              libDaisy/build/libdaisy.a(usb.o) (HS_Desc)
libDaisy/build/libdaisy.a(usbh_conf.o)
                              libDaisy/build/libdaisy.a(system.o) (hhcd_USB_OTG_HS)
libDaisy/build/libdaisy.a(hal_map.o)
                              libDaisy/build/libdaisy.a(gpio.o) (dsy_hal_map_get_port)
libDaisy/build/libdaisy.a(stm32h7xx_hal.o)
                              libDaisy/build/libdaisy.a(system.o) (HAL_Init)
libDaisy/build/libdaisy.a(stm32h7xx_hal_adc.o)
                              libDaisy/build/libdaisy.a(adc.o) (HAL_ADC_ConfigChannel)
libDaisy/build/libdaisy.a(stm32h7xx_hal_adc_ex.o)
                              libDaisy/build/libdaisy.a(adc.o) (HAL_ADCEx_Calibration_Start)
libDaisy/build/libdaisy.a(stm32h7xx_hal_cortex.o)
                              libDaisy/build/libdaisy.a(stm32h7xx_hal.o) (HAL_NVIC_SetPriorityGrouping)
libDaisy/build/libdaisy.a(stm32h7xx_hal_dma.o)
                              libDaisy/build/libdaisy.a(adc.o) (HAL_DMA_Init)
libDaisy/build/libdaisy.a(stm32h7xx_hal_gpio.o)
                              libDaisy/build/libdaisy.a(sdram.o) (HAL_GPIO_Init)
libDaisy/build/libdaisy.a(stm32h7xx_hal_hcd.o)
                              libDaisy/build/libdaisy.a(usbh_conf.o) (HAL_HCD_HC_Init)
libDaisy/build/libdaisy.a(stm32h7xx_hal_i2c.o)
                              libDaisy/build/libdaisy.a(i2c.o) (HAL_I2C_Init)
libDaisy/build/libdaisy.a(stm32h7xx_hal_i2c_ex.o)
                              libDaisy/build/libdaisy.a(i2c.o) (HAL_I2CEx_ConfigAnalogFilter)
libDaisy/build/libdaisy.a(stm32h7xx_hal_pcd.o)
                              libDaisy/build/libdaisy.a(usbd_conf.o) (HAL_PCD_Init)
libDaisy/build/libdaisy.a(stm32h7xx_hal_pcd_ex.o)
                              libDaisy/build/libdaisy.a(usbd_conf.o) (HAL_PCDEx_SetTxFiFo)
libDaisy/build/libdaisy.a(stm32h7xx_hal_pwr_ex.o)
[...]
Memory Configuration

Name             Origin             Length             Attributes
FLASH            0x0000000008000000 0x0000000000020000 xr
DTCMRAM          0x0000000020000000 0x0000000000020000 xrw
SRAM             0x0000000024000000 0x0000000000080000 xrw
RAM_D2           0x0000000030000000 0x0000000000048000 xrw
RAM_D3           0x0000000038000000 0x0000000000010000 xrw
ITCMRAM          0x0000000000000000 0x0000000000010000 xrw
SDRAM            0x00000000c0000000 0x0000000004000000 xrw
QSPIFLASH        0x0000000090000000 0x0000000000800000 xr
*default*        0x0000000000000000 0xffffffffffffffff

Linker script and memory map

LOAD /home/hallmar/Developer/gcc-arm-none-eabi-10.3-2021.10/bin/../lib/gcc/arm-none-eabi/10.3.1/thumb/v7e-m+dp/hard/crti.o
LOAD /home/hallmar/Developer/gcc-arm-none-eabi-10.3-2021.10/bin/../lib/gcc/arm-none-eabi/10.3.1/thumb/v7e-m+dp/hard/crtbegin.o
LOAD /home/hallmar/Developer/gcc-arm-none-eabi-10.3-2021.10/bin/../lib/gcc/arm-none-eabi/10.3.1/../../../../arm-none-eabi/lib/thumb/v7e-m+dp/hard/crt0.o
LOAD build/startup_stm32h750xx.o
LOAD build/fjol.o
LOAD build/variables.o
LOAD build/midi.o
LOAD build/calibrate.o
LOAD libDaisy/build/libdaisy.a
LOAD /home/hallmar/Developer/gcc-arm-none-eabi-10.3-2021.10/bin/../lib/gcc/arm-none-eabi/10.3.1/../../../../arm-none-eabi/lib/thumb/v7e-m+dp/hard/libnosys.a
LOAD DaisySP/build/libdaisysp.a
LOAD /home/hallmar/Developer/gcc-arm-none-eabi-10.3-2021.10/bin/../lib/gcc/arm-none-eabi/10.3.1/../../../../arm-none-eabi/lib/thumb/v7e-m+dp/hard/libstdc++_nano.a
LOAD /home/hallmar/Developer/gcc-arm-none-eabi-10.3-2021.10/bin/../lib/gcc/arm-none-eabi/10.3.1/../../../../arm-none-eabi/lib/thumb/v7e-m+dp/hard/libm.a
LOAD /home/hallmar/Developer/gcc-arm-none-eabi-10.3-2021.10/bin/../lib/gcc/arm-none-eabi/10.3.1/../../../../arm-none-eabi/lib/thumb/v7e-m+dp/hard/libc_nano.a
START GROUP
LOAD /home/hallmar/Developer/gcc-arm-none-eabi-10.3-2021.10/bin/../lib/gcc/arm-none-eabi/10.3.1/thumb/v7e-m+dp/hard/libgcc.a
LOAD /home/hallmar/Developer/gcc-arm-none-eabi-10.3-2021.10/bin/../lib/gcc/arm-none-eabi/10.3.1/../../../../arm-none-eabi/lib/thumb/v7e-m+dp/hard/libc_nano.a
END GROUP
START GROUP
LOAD /home/hallmar/Developer/gcc-arm-none-eabi-10.3-2021.10/bin/../lib/gcc/arm-none-eabi/10.3.1/thumb/v7e-m+dp/hard/libgcc.a
LOAD /home/hallmar/Developer/gcc-arm-none-eabi-10.3-2021.10/bin/../lib/gcc/arm-none-eabi/10.3.1/../../../../arm-none-eabi/lib/thumb/v7e-m+dp/hard/libc_nano.a
LOAD /home/hallmar/Developer/gcc-arm-none-eabi-10.3-2021.10/bin/../lib/gcc/arm-none-eabi/10.3.1/../../../../arm-none-eabi/lib/thumb/v7e-m+dp/hard/libnosys.a
END GROUP
START GROUP
LOAD /home/hallmar/Developer/gcc-arm-none-eabi-10.3-2021.10/bin/../lib/gcc/arm-none-eabi/10.3.1/thumb/v7e-m+dp/hard/libgcc.a
LOAD /home/hallmar/Developer/gcc-arm-none-eabi-10.3-2021.10/bin/../lib/gcc/arm-none-eabi/10.3.1/../../../../arm-none-eabi/lib/thumb/v7e-m+dp/hard/libc_nano.a
LOAD /home/hallmar/Developer/gcc-arm-none-eabi-10.3-2021.10/bin/../lib/gcc/arm-none-eabi/10.3.1/../../../../arm-none-eabi/lib/thumb/v7e-m+dp/hard/libnosys.a
END GROUP
LOAD /home/hallmar/Developer/gcc-arm-none-eabi-10.3-2021.10/bin/../lib/gcc/arm-none-eabi/10.3.1/thumb/v7e-m+dp/hard/crtend.o
LOAD /home/hallmar/Developer/gcc-arm-none-eabi-10.3-2021.10/bin/../lib/gcc/arm-none-eabi/10.3.1/thumb/v7e-m+dp/hard/crtn.o
                0x0000000020020000                _estack = 0x20020000

.isr_vector     0x0000000008000000      0x298
                0x0000000008000000                . = ALIGN (0x4)
 *(.isr_vector)
 .isr_vector    0x0000000008000000      0x298 build/startup_stm32h750xx.o
                0x0000000008000000                g_pfnVectors
                0x0000000008000298                . = ALIGN (0x4)

.text           0x00000000080002a0    0x148ec
                0x00000000080002a0                . = ALIGN (0x4)
                0x00000000080002a0                _stext = .
 *(.text)
 .text          0x00000000080002a0       0x40 /home/hallmar/Developer/gcc-arm-none-eabi-10.3-2021.10/bin/../lib/gcc/arm-none-eabi/10.3.1/thumb/v7e-m+dp/hard/crtbegin.o
 .text          0x00000000080002e0       0xa0 /home/hallmar/Developer/gcc-arm-none-eabi-10.3-2021.10/bin/../lib/gcc/arm-none-eabi/10.3.1/../../../../arm-none-eabi/lib/thumb/v7e-m+dp/hard/libc_nano.a(lib_a-memchr.o)
                0x00000000080002e0                memchr
 .text          0x0000000008000380      0x378 /home/hallmar/Developer/gcc-arm-none-eabi-10.3-2021.10/bin/../lib/gcc/arm-none-eabi/10.3.1/thumb/v7e-m+dp/hard/libgcc.a(_arm_addsubdf3.o)
                0x0000000008000380                __aeabi_drsub
                0x0000000008000388                __aeabi_dsub
                0x0000000008000388                __subdf3
                0x000000000800038c                __adddf3
                0x000000000800038c                __aeabi_dadd
                0x0000000008000604                __aeabi_ui2d
                0x0000000008000604                __floatunsidf
                0x0000000008000624                __floatsidf
                0x0000000008000624                __aeabi_i2d
                0x0000000008000648                __extendsfdf2
                0x0000000008000648                __aeabi_f2d
                0x000000000800068c                __aeabi_ul2d
                0x000000000800068c                __floatundidf
                0x000000000800069c                __floatdidf
                0x000000000800069c                __aeabi_l2d
 .text          0x00000000080006f8       0x30 /home/hallmar/Developer/gcc-arm-none-eabi-10.3-2021.10/bin/../lib/gcc/arm-none-eabi/10.3.1/thumb/v7e-m+dp/hard/libgcc.a(_aeabi_uldivmod.o)
                0x00000000080006f8                __aeabi_uldivmod
 .text          0x0000000008000728      0x2d0 /home/hallmar/Developer/gcc-arm-none-eabi-10.3-2021.10/bin/../lib/gcc/arm-none-eabi/10.3.1/thumb/v7e-m+dp/hard/libgcc.a(_udivmoddi4.o)
                0x0000000008000728                __udivmoddi4
 .text          0x00000000080009f8        0x4 /home/hallmar/Developer/gcc-arm-none-eabi-10.3-2021.10/bin/../lib/gcc/arm-none-eabi/10.3.1/thumb/v7e-m+dp/hard/libgcc.a(_dvmd_tls.o)
                0x00000000080009f8                __aeabi_ldiv0
                0x00000000080009f8                __aeabi_idiv0
 *(.text*)
 .text.Default_Handler
                0x00000000080009fc        0x4 build/startup_stm32h750xx.o
                0x00000000080009fc                RTC_Alarm_IRQHandler
                0x00000000080009fc                HASH_RNG_IRQHandler
                0x00000000080009fc                EXTI2_IRQHandler
                0x00000000080009fc                TIM8_CC_IRQHandler
                0x00000000080009fc                HRTIM1_Master_IRQHandler
                0x00000000080009fc                DebugMon_Handler
                0x00000000080009fc                TIM1_CC_IRQHandler
                0x00000000080009fc                BDMA_Channel6_IRQHandler
                0x00000000080009fc                DMA2_Stream5_IRQHandler
                0x00000000080009fc                HRTIM1_FLT_IRQHandler
                0x00000000080009fc                JPEG_IRQHandler
                0x00000000080009fc                BDMA_Channel1_IRQHandler
                0x00000000080009fc                HRTIM1_TIMD_IRQHandler
                0x00000000080009fc                TAMP_STAMP_IRQHandler
                0x00000000080009fc                PendSV_Handler
                0x00000000080009fc                NMI_Handler
                0x00000000080009fc                EXTI3_IRQHandler
                0x00000000080009fc                LPTIM4_IRQHandler
                0x00000000080009fc                TIM8_TRG_COM_TIM14_IRQHandler
                0x00000000080009fc                LPTIM2_IRQHandler
                0x00000000080009fc                DFSDM1_FLT1_IRQHandler
                0x00000000080009fc                DMAMUX2_OVR_IRQHandler
                0x00000000080009fc                TIM8_UP_TIM13_IRQHandler
                0x00000000080009fc                I2C3_ER_IRQHandler
                0x00000000080009fc                DFSDM1_FLT2_IRQHandler
                0x00000000080009fc                MDMA_IRQHandler
                0x00000000080009fc                LPTIM3_IRQHandler
                0x00000000080009fc                HSEM1_IRQHandler
                0x00000000080009fc                EXTI0_IRQHandler
                0x00000000080009fc                FPU_IRQHandler
                0x00000000080009fc                OTG_HS_WKUP_IRQHandler
                0x00000000080009fc                FDCAN1_IT1_IRQHandler
                0x00000000080009fc                UsageFault_Handler
                0x00000000080009fc                LTDC_ER_IRQHandler
                0x00000000080009fc                HRTIM1_TIME_IRQHandler
                0x00000000080009fc                TIM6_DAC_IRQHandler
                0x00000000080009fc                DCMI_IRQHandler
                0x00000000080009fc                HRTIM1_TIMC_IRQHandler
                0x00000000080009fc                SAI2_IRQHandler
                0x00000000080009fc                DFSDM1_FLT3_IRQHandler
                0x00000000080009fc                TIM17_IRQHandler
                0x00000000080009fc                CRYP_IRQHandler
                0x00000000080009fc                BDMA_Channel7_IRQHandler
                0x00000000080009fc                LPTIM5_IRQHandler
                0x00000000080009fc                ADC3_IRQHandler
                0x00000000080009fc                DMA2_Stream0_IRQHandler
                0x00000000080009fc                BDMA_Channel2_IRQHandler
                0x00000000080009fc                DMAMUX1_OVR_IRQHandler
                0x00000000080009fc                TIM16_IRQHandler
                0x00000000080009fc                BDMA_Channel5_IRQHandler
                0x00000000080009fc                RCC_IRQHandler
                0x00000000080009fc                TIM8_BRK_TIM12_IRQHandler
                0x00000000080009fc                TIM1_TRG_COM_IRQHandler
                0x00000000080009fc                Default_Handler
                0x00000000080009fc                ECC_IRQHandler
                0x00000000080009fc                CEC_IRQHandler
                0x00000000080009fc                EXTI15_10_IRQHandler
                0x00000000080009fc                BDMA_Channel0_IRQHandler
                0x00000000080009fc                ADC_IRQHandler
                0x00000000080009fc                DMA1_Stream7_IRQHandler
                0x00000000080009fc                HRTIM1_TIMA_IRQHandler
                0x00000000080009fc                TIM7_IRQHandler
                0x00000000080009fc                SDMMC1_IRQHandler
                0x00000000080009fc                DMA2_Stream7_IRQHandler
                0x00000000080009fc                TIM15_IRQHandler
                0x00000000080009fc                PVD_AVD_IRQHandler
                0x00000000080009fc                EXTI9_5_IRQHandler
                0x00000000080009fc                RTC_WKUP_IRQHandler
                0x00000000080009fc                LTDC_IRQHandler
                0x00000000080009fc                SAI3_IRQHandler
                0x00000000080009fc                ETH_WKUP_IRQHandler
                0x00000000080009fc                SPDIF_RX_IRQHandler
                0x00000000080009fc                MemManage_Handler
                0x00000000080009fc                SVC_Handler
                0x00000000080009fc                CRS_IRQHandler
                0x00000000080009fc                EXTI4_IRQHandler
                0x00000000080009fc                HRTIM1_TIMB_IRQHandler
                0x00000000080009fc                FDCAN2_IT1_IRQHandler
                0x00000000080009fc                ETH_IRQHandler
                0x00000000080009fc                TIM1_UP_IRQHandler
                0x00000000080009fc                BDMA_Channel4_IRQHandler
                0x00000000080009fc                WWDG_IRQHandler
                0x00000000080009fc                SPI6_IRQHandler
                0x00000000080009fc                I2C4_EV_IRQHandler
                0x00000000080009fc                MDIOS_IRQHandler
                0x00000000080009fc                FDCAN2_IT0_IRQHandler
                0x00000000080009fc                FDCAN1_IT0_IRQHandler
                0x00000000080009fc                OTG_FS_WKUP_IRQHandler
                0x00000000080009fc                DMA2D_IRQHandler
                0x00000000080009fc                TIM1_BRK_IRQHandler
                0x00000000080009fc                EXTI1_IRQHandler
                0x00000000080009fc                SDMMC2_IRQHandler
                0x00000000080009fc                BDMA_Channel3_IRQHandler
                0x00000000080009fc                MDIOS_WKUP_IRQHandler
                0x00000000080009fc                DFSDM1_FLT0_IRQHandler
                0x00000000080009fc                SAI4_IRQHandler
                0x00000000080009fc                I2C2_ER_IRQHandler
                0x00000000080009fc                DMA2_Stream1_IRQHandler
                0x00000000080009fc                FLASH_IRQHandler
                0x00000000080009fc                BusFault_Handler
                0x00000000080009fc                WAKEUP_PIN_IRQHandler
                0x00000000080009fc                I2C1_ER_IRQHandler
                0x00000000080009fc                FMC_IRQHandler
                0x00000000080009fc                FDCAN_CAL_IRQHandler
                0x00000000080009fc                SWPMI1_IRQHandler
                0x00000000080009fc                COMP1_IRQHandler
                0x00000000080009fc                LPTIM1_IRQHandler
                0x00000000080009fc                I2C4_ER_IRQHandler
                0x00000000080009fc                DMA2_Stream6_IRQHandler
                0x00000000080009fc                SAI1_IRQHandler
 .text.Reset_Handler
                0x0000000008000a00       0x44 build/startup_stm32h750xx.o
                0x0000000008000a00                Reset_Handler
 .text._ZN5daisy6SwitchD2Ev
                0x0000000008000a44        0x4 build/fjol.o
                0x0000000008000a44                daisy::Switch::~Switch()
                0x0000000008000a44                daisy::Switch::~Switch()
 .text._ZN5daisy9DaisySeedD2Ev
                0x0000000008000a48        0x4 build/fjol.o
                0x0000000008000a48                daisy::DaisySeed::~DaisySeed()
                0x0000000008000a48                daisy::DaisySeed::~DaisySeed()
 .text.__tcf_0  0x0000000008000a4c        0x4 build/fjol.o
 .text._ZN7ADStrucD2Ev
                0x0000000008000a50        0x4 build/fjol.o
                0x0000000008000a50                ADStruc::~ADStruc()
                0x0000000008000a50                ADStruc::~ADStruc()
 .text._ZN5daisy11MidiHandlerINS_17MidiUartTransportEED2Ev
                0x0000000008000a54        0x4 build/fjol.o
                0x0000000008000a54                daisy::MidiHandler<daisy::MidiUartTransport>::~MidiHandler()
                0x0000000008000a54                daisy::MidiHandler<daisy::MidiUartTransport>::~MidiHandler()
 .text._ZL13AudioCallbackPKfPfj
                0x0000000008000a58      0x1a0 build/fjol.o
 .text._Z8glidevalv.part.0
                0x0000000008000bf8       0x7c build/fjol.o
 .text.__tcf_6  0x0000000008000c74        0x4 build/fjol.o
 .text.__tcf_7  0x0000000008000c78        0x4 build/fjol.o
 .text.__tcf_1  0x0000000008000c7c        0x4 build/fjol.o
 .text.__tcf_2  0x0000000008000c80        0x4 build/fjol.o
 .text.__tcf_3  0x0000000008000c84        0x4 build/fjol.o
 .text.__tcf_4  0x0000000008000c88        0x4 build/fjol.o
 .text.__tcf_5  0x0000000008000c8c        0x4 build/fjol.o
 .text._Z12updatespreadv
                0x0000000008000c90      0x1e4 build/fjol.o
                0x0000000008000c90                updatespread()
 .text._Z16getorsetsettingsb
                0x0000000008000e74       0x68 build/fjol.o
                0x0000000008000e74                getorsetsettings(bool)
 .text._Z13update_paramsiff
                0x0000000008000edc       0xb4 build/fjol.o
                0x0000000008000edc                update_params(int, float, float)
 .text._Z16select_algorithmv
                0x0000000008000f90       0x80 build/fjol.o
                0x0000000008000f90                select_algorithm()
 .text._Z9updateadcv
                0x0000000008001010       0xfc build/fjol.o
                0x0000000008001010                updateadc()
 .text._Z14updateSwitchesv
                0x000000000800110c      0x168 build/fjol.o
                0x000000000800110c                updateSwitches()
 .text._Z14updatecontrolsv
                0x0000000008001274       0x74 build/fjol.o
                0x0000000008001274                updatecontrols()
 .text._Z15initializeaudiov
                0x00000000080012e8      0x1a0 build/fjol.o
                0x00000000080012e8                initializeaudio()
 .text._Z13initializeadcv
                0x0000000008001488       0xcc build/fjol.o
                0x0000000008001488                initializeadc()
 .text._Z18initializecontrolsv
                0x0000000008001554      0x2d4 build/fjol.o
                0x0000000008001554                initializecontrols()
 .text._Z12startPCA9622v
                0x0000000008001828       0x7c build/fjol.o
                0x0000000008001828                startPCA9622()
 .text._Z8voiceOFFh
                0x00000000080018a4       0x58 build/fjol.o
                0x00000000080018a4                voiceOFF(unsigned char)
 .text._Z7voiceONh
                0x00000000080018fc       0xec build/fjol.o
                0x00000000080018fc                voiceON(unsigned char)
 .text._ZN5daisy11MidiHandlerINS_17MidiUartTransportEE5ParseEh
                0x00000000080019e8      0x2c0 build/fjol.o
                0x00000000080019e8                daisy::MidiHandler<daisy::MidiUartTransport>::Parse(unsigned char)
 .text.startup.main
                0x0000000008001ca8      0x2b4 build/fjol.o
                0x0000000008001ca8                main
 .text.startup._GLOBAL__sub_I_i2c
                0x0000000008001f5c      0x1ac build/fjol.o
 .text.startup._GLOBAL__sub_I_calibration_val
                0x0000000008002108       0x38 build/variables.o
 .text._Z17HandleMidiMessageN5daisy9MidiEventE
                0x0000000008002140       0xdc build/midi.o
                0x0000000008002140                HandleMidiMessage(daisy::MidiEvent)
 .text._Z9calibratev
                0x000000000800221c        0x4 build/calibrate.o
                0x000000000800221c                calibrate()
 .text._ZN5daisy9DaisySeed6GetPinEh
                0x0000000008002220       0x2c libDaisy/build/libdaisy.a(daisy_seed.o)
                0x0000000008002220                daisy::DaisySeed::GetPin(unsigned char)
 .text._ZN5daisy9DaisySeed10StartAudioEPFvPKfPfjE
                0x000000000800224c        0x8 libDaisy/build/libdaisy.a(daisy_seed.o)
                0x000000000800224c                daisy::DaisySeed::StartAudio(void (*)(float const*, float*, unsigned int))
 .text._ZN5daisy9DaisySeed15AudioSampleRateEv
                0x0000000008002254        0x8 libDaisy/build/libdaisy.a(daisy_seed.o)
                0x0000000008002254                daisy::DaisySeed::AudioSampleRate()
 .text._ZN5daisy9DaisySeed17SetAudioBlockSizeEj
                0x000000000800225c       0x38 libDaisy/build/libdaisy.a(daisy_seed.o)
                0x000000000800225c                daisy::DaisySeed::SetAudioBlockSize(unsigned int)
 .text._ZNK5daisy9DaisySeed17AudioCallbackRateEv
                0x0000000008002294        0x8 libDaisy/build/libdaisy.a(daisy_seed.o)
                0x0000000008002294                daisy::DaisySeed::AudioCallbackRate() const
 .text._ZN5daisy9DaisySeed14ConfigureAudioEv
                0x000000000800229c       0xd0 libDaisy/build/libdaisy.a(daisy_seed.o)
                0x000000000800229c                daisy::DaisySeed::ConfigureAudio()
 .text._ZN5daisy9DaisySeed4InitEb
                0x000000000800236c       0xf0 libDaisy/build/libdaisy.a(daisy_seed.o)
                0x000000000800236c                daisy::DaisySeed::Init(bool)
 .text._ZN5daisy6Ak45564InitE12dsy_gpio_pin
                0x000000000800245c       0x44 libDaisy/build/libdaisy.a(codec_ak4556.o)
                0x000000000800245c                daisy::Ak4556::Init(dsy_gpio_pin)
 .text._ZN5daisy6Wm873120WriteControlRegisterEht
                0x00000000080024a0       0x3c libDaisy/build/libdaisy.a(codec_wm8731.o)
                0x00000000080024a0                daisy::Wm8731::WriteControlRegister(unsigned char, unsigned short)
 .text._ZN5daisy6Wm87314InitERKNS0_6ConfigENS_9I2CHandleE
                0x00000000080024dc      0x1bc libDaisy/build/libdaisy.a(codec_wm8731.o)
                0x00000000080024dc                daisy::Wm8731::Init(daisy::Wm8731::Config const&, daisy::I2CHandle)
 .text._ZN11SdramHandle10DeviceInitEv
                0x0000000008002698       0x98 libDaisy/build/libdaisy.a(sdram.o)
                0x0000000008002698                SdramHandle::DeviceInit()
 .text._ZN11SdramHandle4InitEv
                0x0000000008002730       0x7c libDaisy/build/libdaisy.a(sdram.o)
                0x0000000008002730                SdramHandle::Init()
 .text.HAL_SDRAM_MspInit
                0x00000000080027ac      0x1a8 libDaisy/build/libdaisy.a(sdram.o)
                0x00000000080027ac                HAL_SDRAM_MspInit
 .text._ZN5daisy11AudioHandle4Impl16InternalCallbackEPlS2_j
                0x0000000008002954      0xbbc libDaisy/build/libdaisy.a(audio.o)
                0x0000000008002954                daisy::AudioHandle::Impl::InternalCallback(long*, long*, unsigned int)
 .text._ZN5daisy11AudioHandle4InitERKNS0_6ConfigENS_9SaiHandleE
                0x0000000008003510       0x70 libDaisy/build/libdaisy.a(audio.o)
                0x0000000008003510                daisy::AudioHandle::Init(daisy::AudioHandle::Config const&, daisy::SaiHandle)
 .text._ZNK5daisy11AudioHandle9GetConfigEv
                0x0000000008003580        0x8 libDaisy/build/libdaisy.a(audio.o)
                0x0000000008003580                daisy::AudioHandle::GetConfig() const
 .text._ZN5daisy11AudioHandle12SetBlockSizeEj
                0x0000000008003588       0x1c libDaisy/build/libdaisy.a(audio.o)
                0x0000000008003588                daisy::AudioHandle::SetBlockSize(unsigned int)
 .text._ZN5daisy11AudioHandle13GetSampleRateEv
                0x00000000080035a4        0x8 libDaisy/build/libdaisy.a(audio.o)
                0x00000000080035a4                daisy::AudioHandle::GetSampleRate()
 .text._ZN5daisy11AudioHandle5StartEPFvPKfPfjE
                0x00000000080035ac       0x2c libDaisy/build/libdaisy.a(audio.o)
                0x00000000080035ac                daisy::AudioHandle::Start(void (*)(float const*, float*, unsigned int))
 .text.startup._GLOBAL__sub_I__ZN5daisy11AudioHandle4Impl4InitENS0_6ConfigENS_9SaiHandleE
                0x00000000080035d8       0x24 libDaisy/build/libdaisy.a(audio.o)
 .text._ZN5daisy13AnalogControl4InitEPtfbbf
                0x00000000080035fc       0x64 libDaisy/build/libdaisy.a(ctrl.o)
                0x00000000080035fc                daisy::AnalogControl::Init(unsigned short*, float, bool, bool, float)
 .text._ZN5daisy13AnalogControl7ProcessEv
                0x0000000008003660       0x48 libDaisy/build/libdaisy.a(ctrl.o)
                0x0000000008003660                daisy::AnalogControl::Process()
 .text._ZN5daisy7Encoder4InitE12dsy_gpio_pinS1_S1_f
                0x00000000080036a8       0x60 libDaisy/build/libdaisy.a(encoder.o)
                0x00000000080036a8                daisy::Encoder::Init(dsy_gpio_pin, dsy_gpio_pin, dsy_gpio_pin, float)
 .text._ZN5daisy7Encoder8DebounceEv
                0x0000000008003708       0x7c libDaisy/build/libdaisy.a(encoder.o)
                0x0000000008003708                daisy::Encoder::Debounce()
 .text._ZN5daisy9UsbHandleD2Ev
                0x0000000008003784        0x4 libDaisy/build/libdaisy.a(logger.o)
                0x0000000008003784                daisy::UsbHandle::~UsbHandle()
                0x0000000008003784                daisy::UsbHandle::~UsbHandle()
 .text._ZN5daisy6LoggerILNS_17LoggerDestinationE1EE11TransmitBufEv
                0x0000000008003788       0x60 libDaisy/build/libdaisy.a(logger.o)
                0x0000000008003788                daisy::Logger<(daisy::LoggerDestination)1>::TransmitBuf()
 .text._ZN5daisy6LoggerILNS_17LoggerDestinationE1EE13AppendNewLineEv
                0x00000000080037e8       0x60 libDaisy/build/libdaisy.a(logger.o)
                0x00000000080037e8                daisy::Logger<(daisy::LoggerDestination)1>::AppendNewLine()
 .text._ZN5daisy6LoggerILNS_17LoggerDestinationE1EE10PrintLineVEPKcSt9__va_list
                0x0000000008003848       0x30 libDaisy/build/libdaisy.a(logger.o)
                0x0000000008003848                daisy::Logger<(daisy::LoggerDestination)1>::PrintLineV(char const*, std::__va_list)
 .text._ZN5daisy6LoggerILNS_17LoggerDestinationE1EE9PrintLineEPKcz
                0x0000000008003878       0x1c libDaisy/build/libdaisy.a(logger.o)
                0x0000000008003878                daisy::Logger<(daisy::LoggerDestination)1>::PrintLine(char const*, ...)
 .text.startup._GLOBAL__sub_I__ZN5daisy10LoggerImplILNS_17LoggerDestinationE1EE11usb_handle_E
                0x0000000008003894       0x2c libDaisy/build/libdaisy.a(logger.o)
 .text._ZN5daisy9Parameter4InitENS_13AnalogControlEffNS0_5CurveE
                0x00000000080038c0       0x60 libDaisy/build/libdaisy.a(parameter.o)
                0x00000000080038c0                daisy::Parameter::Init(daisy::AnalogControl, float, float, daisy::Parameter::Curve)
 .text._ZN5daisy9Parameter7ProcessEv
                0x0000000008003920       0xac libDaisy/build/libdaisy.a(parameter.o)
                0x0000000008003920                daisy::Parameter::Process()
 .text._ZN5daisy6Switch4InitE12dsy_gpio_pinf
                0x00000000080039cc       0x34 libDaisy/build/libdaisy.a(switch.o)
                0x00000000080039cc                daisy::Switch::Init(dsy_gpio_pin, float)
 .text._ZN5daisy6Switch8DebounceEv
                0x0000000008003a00       0x5c libDaisy/build/libdaisy.a(switch.o)
                0x0000000008003a00                daisy::Switch::Debounce()
 .text._ZN5daisy9UsbHandle16TransmitInternalEPhj
                0x0000000008003a5c       0x14 libDaisy/build/libdaisy.a(usb.o)
                0x0000000008003a5c                daisy::UsbHandle::TransmitInternal(unsigned char*, unsigned int)
 .text.OTG_FS_EP1_OUT_IRQHandler
                0x0000000008003a70        0xc libDaisy/build/libdaisy.a(usb.o)
                0x0000000008003a70                OTG_FS_EP1_OUT_IRQHandler
 .text.OTG_FS_EP1_IN_IRQHandler
                0x0000000008003a7c        0xc libDaisy/build/libdaisy.a(usb.o)
                0x0000000008003a7c                OTG_FS_EP1_IN_IRQHandler
 .text.OTG_FS_IRQHandler
                0x0000000008003a88        0xc libDaisy/build/libdaisy.a(usb.o)
                0x0000000008003a88                OTG_FS_IRQHandler
 .text._ZN5daisy16AdcChannelConfig10InitSingleE12dsy_gpio_pin
                0x0000000008003a94       0x1c libDaisy/build/libdaisy.a(adc.o)
                0x0000000008003a94                daisy::AdcChannelConfig::InitSingle(dsy_gpio_pin)
 .text._ZN5daisy16AdcChannelConfig7InitMuxE12dsy_gpio_pinjS1_S1_S1_
                0x0000000008003ab0       0x5c libDaisy/build/libdaisy.a(adc.o)
                0x0000000008003ab0                daisy::AdcChannelConfig::InitMux(dsy_gpio_pin, unsigned int, dsy_gpio_pin, dsy_gpio_pin, dsy_gpio_pin)
 .text._ZN5daisy9AdcHandle4InitEPNS_16AdcChannelConfigEjNS0_12OverSamplingE
                0x0000000008003b0c      0x3c8 libDaisy/build/libdaisy.a(adc.o)
                0x0000000008003b0c                daisy::AdcHandle::Init(daisy::AdcChannelConfig*, unsigned int, daisy::AdcHandle::OverSampling)
 .text._ZNK5daisy9AdcHandle6GetPtrEh
                0x0000000008003ed4       0x14 libDaisy/build/libdaisy.a(adc.o)
                0x0000000008003ed4                daisy::AdcHandle::GetPtr(unsigned char) const
 .text._ZNK5daisy9AdcHandle9GetMuxPtrEhh
                0x0000000008003ee8       0x18 libDaisy/build/libdaisy.a(adc.o)
                0x0000000008003ee8                daisy::AdcHandle::GetMuxPtr(unsigned char, unsigned char) const
 .text.HAL_ADC_MspInit
                0x0000000008003f00       0x98 libDaisy/build/libdaisy.a(adc.o)
                0x0000000008003f00                HAL_ADC_MspInit
 .text.DMA1_Stream2_IRQHandler
                0x0000000008003f98        0xc libDaisy/build/libdaisy.a(adc.o)
                0x0000000008003f98                DMA1_Stream2_IRQHandler
 .text.dsy_gpio_init
                0x0000000008003fa4      0x1b8 libDaisy/build/libdaisy.a(gpio.o)
                0x0000000008003fa4                dsy_gpio_init
 .text.dsy_gpio_read
                0x000000000800415c       0x1c libDaisy/build/libdaisy.a(gpio.o)
                0x000000000800415c                dsy_gpio_read
 .text.dsy_gpio_write
                0x0000000008004178       0x24 libDaisy/build/libdaisy.a(gpio.o)
                0x0000000008004178                dsy_gpio_write
 .text._ZN5daisy9I2CHandle4Impl8InitPinsEv
                0x000000000800419c       0x58 libDaisy/build/libdaisy.a(i2c.o)
                0x000000000800419c                daisy::I2CHandle::Impl::InitPins()
 .text.HAL_I2C_MspInit
                0x00000000080041f4      0x1b4 libDaisy/build/libdaisy.a(i2c.o)
                0x00000000080041f4                HAL_I2C_MspInit
 .text.dsy_i2c_global_init
                0x00000000080043a8       0x78 libDaisy/build/libdaisy.a(i2c.o)
                0x00000000080043a8                dsy_i2c_global_init
 .text.DMA1_Stream6_IRQHandler
                0x0000000008004420       0x34 libDaisy/build/libdaisy.a(i2c.o)
                0x0000000008004420                DMA1_Stream6_IRQHandler
 .text.I2C1_EV_IRQHandler
                0x0000000008004454        0xc libDaisy/build/libdaisy.a(i2c.o)
                0x0000000008004454                I2C1_EV_IRQHandler
 .text.I2C2_EV_IRQHandler
                0x0000000008004460        0xc libDaisy/build/libdaisy.a(i2c.o)
                0x0000000008004460                I2C2_EV_IRQHandler
 .text.I2C3_EV_IRQHandler
                0x000000000800446c        0xc libDaisy/build/libdaisy.a(i2c.o)
                0x000000000800446c                I2C3_EV_IRQHandler
 .text._ZN5daisy9I2CHandle4InitERKNS0_6ConfigE
                0x0000000008004478      0x12c libDaisy/build/libdaisy.a(i2c.o)
                0x0000000008004478                daisy::I2CHandle::Init(daisy::I2CHandle::Config const&)
 .text._ZN5daisy9I2CHandle16TransmitBlockingEtPhtm
                0x00000000080045a4       0x50 libDaisy/build/libdaisy.a(i2c.o)
                0x00000000080045a4                daisy::I2CHandle::TransmitBlocking(unsigned short, unsigned char*, unsigned short, unsigned long)
 .text._ZN5daisy9I2CHandle18WriteDataAtAddressEtttPhtm
                0x00000000080045f4       0x4c libDaisy/build/libdaisy.a(i2c.o)
                0x00000000080045f4                daisy::I2CHandle::WriteDataAtAddress(unsigned short, unsigned short, unsigned short, unsigned char*, unsigned short, unsigned long)
 .text.startup._GLOBAL__sub_I__ZN5daisy9I2CHandle4Impl10GlobalInitEv
                0x0000000008004640       0x18 libDaisy/build/libdaisy.a(i2c.o)
 .text._ZN5daisy10QSPIHandle4Impl11WriteEnableEv
                0x0000000008004658       0x8c libDaisy/build/libdaisy.a(qspi.o)
                0x0000000008004658                daisy::QSPIHandle::Impl::WriteEnable()
 *fill*         0x00000000080046e4        0x4 
 .text._ZN5daisy10QSPIHandle4Impl17DummyCyclesConfigENS0_6Config6DeviceE
                0x00000000080046e8      0x118 libDaisy/build/libdaisy.a(qspi.o)
                0x00000000080046e8                daisy::QSPIHandle::Impl::DummyCyclesConfig(daisy::QSPIHandle::Config::Device)
 .text._ZN5daisy10QSPIHandle4Impl10QuadEnableEv
                0x0000000008004800      0x158 libDaisy/build/libdaisy.a(qspi.o)
                0x0000000008004800                daisy::QSPIHandle::Impl::QuadEnable()
 .text._ZN5daisy10QSPIHandle4InitERKNS0_6ConfigE
                0x0000000008004958      0x198 libDaisy/build/libdaisy.a(qspi.o)
                0x0000000008004958                daisy::QSPIHandle::Init(daisy::QSPIHandle::Config const&)
 .text.HAL_QSPI_MspInit
                0x0000000008004af0      0x11c libDaisy/build/libdaisy.a(qspi.o)
                0x0000000008004af0                HAL_QSPI_MspInit
 .text.HAL_QSPI_MspDeInit
                0x0000000008004c0c       0x54 libDaisy/build/libdaisy.a(qspi.o)
                0x0000000008004c0c                HAL_QSPI_MspDeInit
 .text.QUADSPI_IRQHandler
                0x0000000008004c60        0xc libDaisy/build/libdaisy.a(qspi.o)
                0x0000000008004c60                QUADSPI_IRQHandler
 .text.startup._GLOBAL__sub_I__ZN5daisy10QSPIHandle4Impl4InitERKNS0_6ConfigE
                0x0000000008004c6c       0x28 libDaisy/build/libdaisy.a(qspi.o)
 .text._ZN5daisy9SaiHandle4Impl7InitDmaENS1_15PeripheralBlockE
                0x0000000008004c94       0xa0 libDaisy/build/libdaisy.a(sai.o)
                0x0000000008004c94                daisy::SaiHandle::Impl::InitDma(daisy::SaiHandle::Impl::PeripheralBlock)
 .text._ZN5daisy9SaiHandle4Impl8InitPinsEv
                0x0000000008004d34       0xa8 libDaisy/build/libdaisy.a(sai.o)
                0x0000000008004d34                daisy::SaiHandle::Impl::InitPins()
 .text.HAL_SAI_MspInit
                0x0000000008004ddc      0x164 libDaisy/build/libdaisy.a(sai.o)
                0x0000000008004ddc                HAL_SAI_MspInit
 .text.DMA1_Stream0_IRQHandler
                0x0000000008004f40        0xc libDaisy/build/libdaisy.a(sai.o)
                0x0000000008004f40                DMA1_Stream0_IRQHandler
 .text.DMA1_Stream1_IRQHandler
                0x0000000008004f4c        0xc libDaisy/build/libdaisy.a(sai.o)
                0x0000000008004f4c                DMA1_Stream1_IRQHandler
 .text.DMA1_Stream3_IRQHandler
                0x0000000008004f58        0xc libDaisy/build/libdaisy.a(sai.o)
                0x0000000008004f58                DMA1_Stream3_IRQHandler
 .text.DMA1_Stream4_IRQHandler
                0x0000000008004f64        0xc libDaisy/build/libdaisy.a(sai.o)
                0x0000000008004f64                DMA1_Stream4_IRQHandler
 .text.HAL_SAI_RxHalfCpltCallback
                0x0000000008004f70       0x78 libDaisy/build/libdaisy.a(sai.o)
                0x0000000008004f70                HAL_SAI_RxHalfCpltCallback
 .text.HAL_SAI_RxCpltCallback
                0x0000000008004fe8       0x70 libDaisy/build/libdaisy.a(sai.o)
                0x0000000008004fe8                HAL_SAI_RxCpltCallback
 .text._ZN5daisy9SaiHandle4InitERKNS0_6ConfigE
                0x0000000008005058      0x1f0 libDaisy/build/libdaisy.a(sai.o)
                0x0000000008005058                daisy::SaiHandle::Init(daisy::SaiHandle::Config const&)
 .text._ZNK5daisy9SaiHandle9GetConfigEv
                0x0000000008005248        0x4 libDaisy/build/libdaisy.a(sai.o)
                0x0000000008005248                daisy::SaiHandle::GetConfig() const
 .text._ZN5daisy9SaiHandle8StartDmaEPlS1_jPFvS1_S1_jE
                0x000000000800524c       0xbc libDaisy/build/libdaisy.a(sai.o)
                0x000000000800524c                daisy::SaiHandle::StartDma(long*, long*, unsigned int, void (*)(long*, long*, unsigned int))
 .text._ZN5daisy9SaiHandle13GetSampleRateEv
                0x0000000008005308       0x24 libDaisy/build/libdaisy.a(sai.o)
                0x0000000008005308                daisy::SaiHandle::GetSampleRate()
 .text._ZNK5daisy9SaiHandle9GetOffsetEv
                0x000000000800532c        0x8 libDaisy/build/libdaisy.a(sai.o)
                0x000000000800532c                daisy::SaiHandle::GetOffset() const
 .text._ZN5daisy11UartHandler4Impl7InitDmaEbb
                0x0000000008005334      0x164 libDaisy/build/libdaisy.a(uart.o)
                0x0000000008005334                daisy::UartHandler::Impl::InitDma(bool, bool)
 .text._ZN5daisy11UartHandler4Impl10HandleFifoEv
                0x0000000008005498       0xec libDaisy/build/libdaisy.a(uart.o)
                0x0000000008005498                daisy::UartHandler::Impl::HandleFifo()
 .text._ZN5daisy11UartHandler4Impl10DmaReceiveEPhjPFvPvEPFvS3_NS0_6ResultEES3_.constprop.0
                0x0000000008005584      0x108 libDaisy/build/libdaisy.a(uart.o)
 .text._ZN5daisy11UartHandler4Impl25DmaReceiveFifoEndCallbackEPvNS0_6ResultE
                0x000000000800568c       0x2c libDaisy/build/libdaisy.a(uart.o)
                0x000000000800568c                daisy::UartHandler::Impl::DmaReceiveFifoEndCallback(void*, daisy::UartHandler::Result)
 .text._ZN5daisy11UartHandler4Impl10StartDmaTxEPhjPFvPvEPFvS3_NS0_6ResultEES3_
                0x00000000080056b8       0xcc libDaisy/build/libdaisy.a(uart.o)
                0x00000000080056b8                daisy::UartHandler::Impl::StartDmaTx(unsigned char*, unsigned int, void (*)(void*), void (*)(void*, daisy::UartHandler::Result), void*)
 .text._ZN5daisy11UartHandler4Impl10StartDmaRxEPhjPFvPvEPFvS3_NS0_6ResultEES3_
                0x0000000008005784       0xcc libDaisy/build/libdaisy.a(uart.o)
                0x0000000008005784                daisy::UartHandler::Impl::StartDmaRx(unsigned char*, unsigned int, void (*)(void*), void (*)(void*, daisy::UartHandler::Result), void*)
 .text._ZN5daisy11UartHandler4Impl19DmaTransferFinishedEP20__UART_HandleTypeDefNS0_6ResultE
                0x0000000008005850       0xc0 libDaisy/build/libdaisy.a(uart.o)
                0x0000000008005850                daisy::UartHandler::Impl::DmaTransferFinished(__UART_HandleTypeDef*, daisy::UartHandler::Result)
 .text._ZN5daisy11UartHandler4Impl8InitPinsEv
                0x0000000008005910      0x150 libDaisy/build/libdaisy.a(uart.o)
                0x0000000008005910                daisy::UartHandler::Impl::InitPins()
 .text.HAL_UART_MspInit
                0x0000000008005a60      0x210 libDaisy/build/libdaisy.a(uart.o)
                0x0000000008005a60                HAL_UART_MspInit
 .text.dsy_uart_global_init
                0x0000000008005c70       0xfc libDaisy/build/libdaisy.a(uart.o)
                0x0000000008005c70                dsy_uart_global_init
 .text.USART1_IRQHandler
                0x0000000008005d6c       0x30 libDaisy/build/libdaisy.a(uart.o)
                0x0000000008005d6c                USART1_IRQHandler
 .text.USART2_IRQHandler
                0x0000000008005d9c       0x34 libDaisy/build/libdaisy.a(uart.o)
                0x0000000008005d9c                USART2_IRQHandler
 .text.USART3_IRQHandler
                0x0000000008005dd0       0x34 libDaisy/build/libdaisy.a(uart.o)
                0x0000000008005dd0                USART3_IRQHandler
 .text.UART4_IRQHandler
                0x0000000008005e04       0x34 libDaisy/build/libdaisy.a(uart.o)
                0x0000000008005e04                UART4_IRQHandler
 .text.UART5_IRQHandler
                0x0000000008005e38       0x34 libDaisy/build/libdaisy.a(uart.o)
                0x0000000008005e38                UART5_IRQHandler
 .text.USART6_IRQHandler
                0x0000000008005e6c       0x34 libDaisy/build/libdaisy.a(uart.o)
                0x0000000008005e6c                USART6_IRQHandler
 .text.UART7_IRQHandler
                0x0000000008005ea0       0x30 libDaisy/build/libdaisy.a(uart.o)
                0x0000000008005ea0                UART7_IRQHandler
 .text.UART8_IRQHandler
                0x0000000008005ed0       0x34 libDaisy/build/libdaisy.a(uart.o)
                0x0000000008005ed0                UART8_IRQHandler
 .text.LPUART1_IRQHandler
                0x0000000008005f04       0x34 libDaisy/build/libdaisy.a(uart.o)
                0x0000000008005f04                LPUART1_IRQHandler
 .text.DMA1_Stream5_IRQHandler
                0x0000000008005f38       0x34 libDaisy/build/libdaisy.a(uart.o)
                0x0000000008005f38                DMA1_Stream5_IRQHandler
 .text.DMA2_Stream4_IRQHandler
                0x0000000008005f6c       0x34 libDaisy/build/libdaisy.a(uart.o)
                0x0000000008005f6c                DMA2_Stream4_IRQHandler
 .text.HAL_UART_TxCpltCallback
                0x0000000008005fa0        0x8 libDaisy/build/libdaisy.a(uart.o)
                0x0000000008005fa0                HAL_UART_TxCpltCallback
 .text.HAL_UART_RxCpltCallback
                0x0000000008005fa8        0x8 libDaisy/build/libdaisy.a(uart.o)
                0x0000000008005fa8                HAL_UART_RxCpltCallback
 .text.HAL_UART_ErrorCallback
                0x0000000008005fb0        0x8 libDaisy/build/libdaisy.a(uart.o)
                0x0000000008005fb0                HAL_UART_ErrorCallback
 .text._ZN5daisy11UartHandler4InitERKNS0_6ConfigE
                0x0000000008005fb8       0xec libDaisy/build/libdaisy.a(uart.o)
                0x0000000008005fb8                daisy::UartHandler::Init(daisy::UartHandler::Config const&)
 .text._ZN5daisy11UartHandler5PopRxEv
                0x00000000080060a4       0x28 libDaisy/build/libdaisy.a(uart.o)
                0x00000000080060a4                daisy::UartHandler::PopRx()
 .text._ZN5daisy11UartHandler7StartRxEv
                0x00000000080060cc      0x108 libDaisy/build/libdaisy.a(uart.o)
                0x00000000080060cc                daisy::UartHandler::StartRx()
 .text._ZN5daisy11UartHandler8ReadableEv
                0x00000000080061d4       0x10 libDaisy/build/libdaisy.a(uart.o)
                0x00000000080061d4                daisy::UartHandler::Readable()
 .text.startup._GLOBAL__sub_I__Z19MapInstanceToHandleP13USART_TypeDef
                0x00000000080061e4      0x190 libDaisy/build/libdaisy.a(uart.o)
 .text._ZN5daisy11TimerHandleD2Ev
                0x0000000008006374        0x4 libDaisy/build/libdaisy.a(system.o)
                0x0000000008006374                daisy::TimerHandle::~TimerHandle()
                0x0000000008006374                daisy::TimerHandle::~TimerHandle()
 .text.SysTick_Handler
                0x0000000008006378       0x10 libDaisy/build/libdaisy.a(system.o)
                0x0000000008006378                SysTick_Handler
 .text.OTG_HS_EP1_OUT_IRQHandler
                0x0000000008006388       0x24 libDaisy/build/libdaisy.a(system.o)
                0x0000000008006388                OTG_HS_EP1_OUT_IRQHandler
 .text.OTG_HS_EP1_IN_IRQHandler
                0x00000000080063ac       0x24 libDaisy/build/libdaisy.a(system.o)
                0x00000000080063ac                OTG_HS_EP1_IN_IRQHandler
 .text.OTG_HS_IRQHandler
                0x00000000080063d0       0x24 libDaisy/build/libdaisy.a(system.o)
                0x00000000080063d0                OTG_HS_IRQHandler
 .text.HardFault_Handler
                0x00000000080063f4       0xe0 libDaisy/build/libdaisy.a(system.o)
                0x00000000080063f4                HardFault_Handler
 .text._ZN5daisy6System6GetNowEv
                0x00000000080064d4        0x4 libDaisy/build/libdaisy.a(system.o)
                0x00000000080064d4                daisy::System::GetNow()
 .text._ZN5daisy6System5DelayEm
                0x00000000080064d8        0x4 libDaisy/build/libdaisy.a(system.o)
                0x00000000080064d8                daisy::System::Delay(unsigned long)
 .text._ZN5daisy6System15ConfigureClocksEv
                0x00000000080064dc      0x194 libDaisy/build/libdaisy.a(system.o)
                0x00000000080064dc                daisy::System::ConfigureClocks()
 .text._ZN5daisy6System4InitERKNS0_6ConfigE
                0x0000000008006670      0x140 libDaisy/build/libdaisy.a(system.o)
                0x0000000008006670                daisy::System::Init(daisy::System::Config const&)
 .text._ZN5daisy6System12GetPClk1FreqEv
                0x00000000080067b0        0x4 libDaisy/build/libdaisy.a(system.o)
                0x00000000080067b0                daisy::System::GetPClk1Freq()
 .text._ZN5daisy6System22GetProgramMemoryRegionEv
                0x00000000080067b4       0x78 libDaisy/build/libdaisy.a(system.o)
                0x00000000080067b4                daisy::System::GetProgramMemoryRegion()
 .text.startup._GLOBAL__sub_I_SysTick_Handler
                0x000000000800682c       0x1c libDaisy/build/libdaisy.a(system.o)
 .text.SystemInit
                0x0000000008006848       0x9c libDaisy/build/libdaisy.a(system_stm32h7xx.o)
                0x0000000008006848                SystemInit
 .text.CDC_Transmit_FS
                0x00000000080068e4       0x2c libDaisy/build/libdaisy.a(usbd_cdc_if.o)
                0x00000000080068e4                CDC_Transmit_FS
 .text.HAL_PCD_SetupStageCallback
                0x0000000008006910        0xc libDaisy/build/libdaisy.a(usbd_conf.o)
                0x0000000008006910                HAL_PCD_SetupStageCallback
 .text.HAL_PCD_DataOutStageCallback
                0x000000000800691c       0x14 libDaisy/build/libdaisy.a(usbd_conf.o)
                0x000000000800691c                HAL_PCD_DataOutStageCallback
 .text.HAL_PCD_DataInStageCallback
                0x0000000008006930       0x14 libDaisy/build/libdaisy.a(usbd_conf.o)
                0x0000000008006930                HAL_PCD_DataInStageCallback
 .text.HAL_PCD_SOFCallback
                0x0000000008006944        0x8 libDaisy/build/libdaisy.a(usbd_conf.o)
                0x0000000008006944                HAL_PCD_SOFCallback
 .text.HAL_PCD_ResetCallback
                0x000000000800694c       0x24 libDaisy/build/libdaisy.a(usbd_conf.o)
                0x000000000800694c                HAL_PCD_ResetCallback
 .text.HAL_PCD_SuspendCallback
                0x0000000008006970       0x30 libDaisy/build/libdaisy.a(usbd_conf.o)
                0x0000000008006970                HAL_PCD_SuspendCallback
 .text.HAL_PCD_ResumeCallback
                0x00000000080069a0        0x8 libDaisy/build/libdaisy.a(usbd_conf.o)
                0x00000000080069a0                HAL_PCD_ResumeCallback
 .text.HAL_PCD_ISOOUTIncompleteCallback
                0x00000000080069a8        0x8 libDaisy/build/libdaisy.a(usbd_conf.o)
                0x00000000080069a8                HAL_PCD_ISOOUTIncompleteCallback
 .text.HAL_PCD_ISOINIncompleteCallback
                0x00000000080069b0        0x8 libDaisy/build/libdaisy.a(usbd_conf.o)
                0x00000000080069b0                HAL_PCD_ISOINIncompleteCallback
 .text.HAL_PCD_ConnectCallback
                0x00000000080069b8        0x8 libDaisy/build/libdaisy.a(usbd_conf.o)
                0x00000000080069b8                HAL_PCD_ConnectCallback
 .text.HAL_PCD_DisconnectCallback
                0x00000000080069c0        0x8 libDaisy/build/libdaisy.a(usbd_conf.o)
                0x00000000080069c0                HAL_PCD_DisconnectCallback
 .text.USBD_LL_OpenEP
                0x00000000080069c8       0x24 libDaisy/build/libdaisy.a(usbd_conf.o)
                0x00000000080069c8                USBD_LL_OpenEP
 .text.USBD_LL_StallEP
                0x00000000080069ec       0x1c libDaisy/build/libdaisy.a(usbd_conf.o)
                0x00000000080069ec                USBD_LL_StallEP
 .text.USBD_LL_ClearStallEP
                0x0000000008006a08       0x1c libDaisy/build/libdaisy.a(usbd_conf.o)
                0x0000000008006a08                USBD_LL_ClearStallEP
 .text.USBD_LL_IsStallEP
                0x0000000008006a24       0x28 libDaisy/build/libdaisy.a(usbd_conf.o)
                0x0000000008006a24                USBD_LL_IsStallEP
 .text.USBD_LL_SetUSBAddress
                0x0000000008006a4c       0x1c libDaisy/build/libdaisy.a(usbd_conf.o)
                0x0000000008006a4c                USBD_LL_SetUSBAddress
 .text.USBD_LL_Transmit
                0x0000000008006a68       0x1c libDaisy/build/libdaisy.a(usbd_conf.o)
                0x0000000008006a68                USBD_LL_Transmit
 .text.USBD_LL_PrepareReceive
                0x0000000008006a84       0x1c libDaisy/build/libdaisy.a(usbd_conf.o)
                0x0000000008006a84                USBD_LL_PrepareReceive
 .text.HAL_HCD_SOF_Callback
                0x0000000008006aa0        0x8 libDaisy/build/libdaisy.a(usbh_conf.o)
                0x0000000008006aa0                HAL_HCD_SOF_Callback
 .text.HAL_HCD_Connect_Callback
                0x0000000008006aa8        0x8 libDaisy/build/libdaisy.a(usbh_conf.o)
                0x0000000008006aa8                HAL_HCD_Connect_Callback
 .text.HAL_HCD_Disconnect_Callback
                0x0000000008006ab0        0x8 libDaisy/build/libdaisy.a(usbh_conf.o)
                0x0000000008006ab0                HAL_HCD_Disconnect_Callback
 .text.HAL_HCD_HC_NotifyURBChange_Callback
                0x0000000008006ab8        0x4 libDaisy/build/libdaisy.a(usbh_conf.o)
                0x0000000008006ab8                HAL_HCD_HC_NotifyURBChange_Callback
 .text.HAL_HCD_PortEnabled_Callback
                0x0000000008006abc        0x8 libDaisy/build/libdaisy.a(usbh_conf.o)
                0x0000000008006abc                HAL_HCD_PortEnabled_Callback
 .text.HAL_HCD_PortDisabled_Callback
                0x0000000008006ac4        0x8 libDaisy/build/libdaisy.a(usbh_conf.o)
                0x0000000008006ac4                HAL_HCD_PortDisabled_Callback
 .text.USBH_LL_Stop
                0x0000000008006acc       0x1c libDaisy/build/libdaisy.a(usbh_conf.o)
                0x0000000008006acc                USBH_LL_Stop
 .text.dsy_hal_map_get_port
                0x0000000008006ae8       0x10 libDaisy/build/libdaisy.a(hal_map.o)
                0x0000000008006ae8                dsy_hal_map_get_port
 .text.dsy_hal_map_get_pin
                0x0000000008006af8       0x10 libDaisy/build/libdaisy.a(hal_map.o)
                0x0000000008006af8                dsy_hal_map_get_pin
 .text.dsy_hal_map_gpio_clk_enable
                0x0000000008006b08      0x150 libDaisy/build/libdaisy.a(hal_map.o)
                0x0000000008006b08                dsy_hal_map_gpio_clk_enable
 .text.HAL_MspInit
                0x0000000008006c58        0x4 libDaisy/build/libdaisy.a(stm32h7xx_hal.o)
                0x0000000008006c58                HAL_MspInit
 .text.HAL_InitTick
                0x0000000008006c5c       0x4c libDaisy/build/libdaisy.a(stm32h7xx_hal.o)
                0x0000000008006c5c                HAL_InitTick
 .text.HAL_Init
                0x0000000008006ca8       0x60 libDaisy/build/libdaisy.a(stm32h7xx_hal.o)
                0x0000000008006ca8                HAL_Init
 .text.HAL_IncTick
                0x0000000008006d08       0x18 libDaisy/build/libdaisy.a(stm32h7xx_hal.o)
                0x0000000008006d08                HAL_IncTick
 .text.HAL_GetTick
                0x0000000008006d20        0xc libDaisy/build/libdaisy.a(stm32h7xx_hal.o)
                0x0000000008006d20                HAL_GetTick
 .text.HAL_Delay
                0x0000000008006d2c       0x24 libDaisy/build/libdaisy.a(stm32h7xx_hal.o)
                0x0000000008006d2c                HAL_Delay
 .text.HAL_GetREVID
                0x0000000008006d50        0xc libDaisy/build/libdaisy.a(stm32h7xx_hal.o)
                0x0000000008006d50                HAL_GetREVID
 .text.HAL_ADC_ConfigChannel
                0x0000000008006d5c      0x3fc libDaisy/build/libdaisy.a(stm32h7xx_hal_adc.o)
                0x0000000008006d5c                HAL_ADC_ConfigChannel
 .text.ADC_ConfigureBoostMode
                0x0000000008007158      0x184 libDaisy/build/libdaisy.a(stm32h7xx_hal_adc.o)
                0x0000000008007158                ADC_ConfigureBoostMode
 .text.HAL_ADC_Init
                0x00000000080072dc      0x218 libDaisy/build/libdaisy.a(stm32h7xx_hal_adc.o)
                0x00000000080072dc                HAL_ADC_Init
 .text.HAL_ADCEx_MultiModeConfigChannel
                0x00000000080074f4       0xc4 libDaisy/build/libdaisy.a(stm32h7xx_hal_adc_ex.o)
                0x00000000080074f4                HAL_ADCEx_MultiModeConfigChannel
 .text.HAL_NVIC_SetPriorityGrouping
                0x00000000080075b8       0x24 libDaisy/build/libdaisy.a(stm32h7xx_hal_cortex.o)
                0x00000000080075b8                HAL_NVIC_SetPriorityGrouping
 .text.HAL_NVIC_SetPriority
                0x00000000080075dc       0x7c libDaisy/build/libdaisy.a(stm32h7xx_hal_cortex.o)
                0x00000000080075dc                HAL_NVIC_SetPriority
 .text.HAL_NVIC_EnableIRQ
                0x0000000008007658       0x1c libDaisy/build/libdaisy.a(stm32h7xx_hal_cortex.o)
                0x0000000008007658                HAL_NVIC_EnableIRQ
 .text.HAL_NVIC_DisableIRQ
                0x0000000008007674       0x28 libDaisy/build/libdaisy.a(stm32h7xx_hal_cortex.o)
                0x0000000008007674                HAL_NVIC_DisableIRQ
 .text.HAL_SYSTICK_Config
                0x000000000800769c       0x2c libDaisy/build/libdaisy.a(stm32h7xx_hal_cortex.o)
                0x000000000800769c                HAL_SYSTICK_Config
 .text.HAL_MPU_Disable
                0x00000000080076c8       0x1c libDaisy/build/libdaisy.a(stm32h7xx_hal_cortex.o)
                0x00000000080076c8                HAL_MPU_Disable
 .text.HAL_MPU_Enable
                0x00000000080076e4       0x20 libDaisy/build/libdaisy.a(stm32h7xx_hal_cortex.o)
                0x00000000080076e4                HAL_MPU_Enable
 .text.HAL_MPU_ConfigRegion
                0x0000000008007704       0x64 libDaisy/build/libdaisy.a(stm32h7xx_hal_cortex.o)
                0x0000000008007704                HAL_MPU_ConfigRegion
 .text.HAL_SYSTICK_Callback
                0x0000000008007768        0x4 libDaisy/build/libdaisy.a(stm32h7xx_hal_cortex.o)
                0x0000000008007768                HAL_SYSTICK_Callback
 .text.HAL_SYSTICK_IRQHandler
                0x000000000800776c        0x8 libDaisy/build/libdaisy.a(stm32h7xx_hal_cortex.o)
                0x000000000800776c                HAL_SYSTICK_IRQHandler
 .text.DMA_CalcBaseAndBitshift
                0x0000000008007774       0xf4 libDaisy/build/libdaisy.a(stm32h7xx_hal_dma.o)
 .text.DMA_CalcDMAMUXChannelBaseAndMask
                0x0000000008007868       0xd8 libDaisy/build/libdaisy.a(stm32h7xx_hal_dma.o)
 .text.HAL_DMA_Init
                0x0000000008007940      0x37c libDaisy/build/libdaisy.a(stm32h7xx_hal_dma.o)
                0x0000000008007940                HAL_DMA_Init
 .text.HAL_DMA_Start_IT
                0x0000000008007cbc      0x240 libDaisy/build/libdaisy.a(stm32h7xx_hal_dma.o)
                0x0000000008007cbc                HAL_DMA_Start_IT
 .text.HAL_DMA_Abort_IT
                0x0000000008007efc      0x134 libDaisy/build/libdaisy.a(stm32h7xx_hal_dma.o)
                0x0000000008007efc                HAL_DMA_Abort_IT
 .text.HAL_DMA_IRQHandler
                0x0000000008008030      0x6a0 libDaisy/build/libdaisy.a(stm32h7xx_hal_dma.o)
                0x0000000008008030                HAL_DMA_IRQHandler
 .text.HAL_DMA_GetError
                0x00000000080086d0        0x4 libDaisy/build/libdaisy.a(stm32h7xx_hal_dma.o)
                0x00000000080086d0                HAL_DMA_GetError
 .text.HAL_GPIO_Init
                0x00000000080086d4      0x280 libDaisy/build/libdaisy.a(stm32h7xx_hal_gpio.o)
                0x00000000080086d4                HAL_GPIO_Init
 .text.HAL_GPIO_DeInit
                0x0000000008008954      0x190 libDaisy/build/libdaisy.a(stm32h7xx_hal_gpio.o)
                0x0000000008008954                HAL_GPIO_DeInit
 .text.HAL_GPIO_ReadPin
                0x0000000008008ae4        0xc libDaisy/build/libdaisy.a(stm32h7xx_hal_gpio.o)
                0x0000000008008ae4                HAL_GPIO_ReadPin
 .text.HAL_GPIO_WritePin
                0x0000000008008af0        0x8 libDaisy/build/libdaisy.a(stm32h7xx_hal_gpio.o)
                0x0000000008008af0                HAL_GPIO_WritePin
 .text.HAL_HCD_IRQHandler
                0x0000000008008af8      0x780 libDaisy/build/libdaisy.a(stm32h7xx_hal_hcd.o)
                0x0000000008008af8                HAL_HCD_IRQHandler
 .text.HAL_HCD_Stop
                0x0000000008009278       0x28 libDaisy/build/libdaisy.a(stm32h7xx_hal_hcd.o)
                0x0000000008009278                HAL_HCD_Stop
 .text.I2C_WaitOnTXISFlagUntilTimeout
                0x00000000080092a0       0xb8 libDaisy/build/libdaisy.a(stm32h7xx_hal_i2c.o)
 .text.I2C_WaitOnSTOPFlagUntilTimeout
                0x0000000008009358       0xac libDaisy/build/libdaisy.a(stm32h7xx_hal_i2c.o)
 .text.HAL_I2C_Init
                0x0000000008009404       0xac libDaisy/build/libdaisy.a(stm32h7xx_hal_i2c.o)
                0x0000000008009404                HAL_I2C_Init
 .text.HAL_I2C_Master_Transmit
                0x00000000080094b0      0x1a8 libDaisy/build/libdaisy.a(stm32h7xx_hal_i2c.o)
                0x00000000080094b0                HAL_I2C_Master_Transmit
 .text.HAL_I2C_Slave_Transmit
                0x0000000008009658      0x1c8 libDaisy/build/libdaisy.a(stm32h7xx_hal_i2c.o)
                0x0000000008009658                HAL_I2C_Slave_Transmit
 .text.HAL_I2C_Mem_Write
                0x0000000008009820      0x254 libDaisy/build/libdaisy.a(stm32h7xx_hal_i2c.o)
                0x0000000008009820                HAL_I2C_Mem_Write
 .text.HAL_I2C_EV_IRQHandler
                0x0000000008009a74       0x10 libDaisy/build/libdaisy.a(stm32h7xx_hal_i2c.o)
                0x0000000008009a74                HAL_I2C_EV_IRQHandler
 .text.HAL_I2C_GetState
                0x0000000008009a84        0x8 libDaisy/build/libdaisy.a(stm32h7xx_hal_i2c.o)
                0x0000000008009a84                HAL_I2C_GetState
 .text.HAL_I2CEx_ConfigAnalogFilter
                0x0000000008009a8c       0x54 libDaisy/build/libdaisy.a(stm32h7xx_hal_i2c_ex.o)
                0x0000000008009a8c                HAL_I2CEx_ConfigAnalogFilter
 .text.HAL_I2CEx_ConfigDigitalFilter
                0x0000000008009ae0       0x58 libDaisy/build/libdaisy.a(stm32h7xx_hal_i2c_ex.o)
                0x0000000008009ae0                HAL_I2CEx_ConfigDigitalFilter
 .text.HAL_PCD_IRQHandler
                0x0000000008009b38      0x69c libDaisy/build/libdaisy.a(stm32h7xx_hal_pcd.o)
                0x0000000008009b38                HAL_PCD_IRQHandler
 .text.HAL_PCD_SetAddress
                0x000000000800a1d4       0x2c libDaisy/build/libdaisy.a(stm32h7xx_hal_pcd.o)
                0x000000000800a1d4                HAL_PCD_SetAddress
 .text.HAL_PCD_EP_Open
                0x000000000800a200       0x7c libDaisy/build/libdaisy.a(stm32h7xx_hal_pcd.o)
                0x000000000800a200                HAL_PCD_EP_Open
 .text.HAL_PCD_EP_Receive
                0x000000000800a27c       0x50 libDaisy/build/libdaisy.a(stm32h7xx_hal_pcd.o)
                0x000000000800a27c                HAL_PCD_EP_Receive
 .text.HAL_PCD_EP_Transmit
                0x000000000800a2cc       0x50 libDaisy/build/libdaisy.a(stm32h7xx_hal_pcd.o)
                0x000000000800a2cc                HAL_PCD_EP_Transmit
 .text.HAL_PCD_EP_SetStall
                0x000000000800a31c       0x88 libDaisy/build/libdaisy.a(stm32h7xx_hal_pcd.o)
                0x000000000800a31c                HAL_PCD_EP_SetStall
 .text.HAL_PCD_EP_ClrStall
                0x000000000800a3a4       0x78 libDaisy/build/libdaisy.a(stm32h7xx_hal_pcd.o)
                0x000000000800a3a4                HAL_PCD_EP_ClrStall
 .text.HAL_PCDEx_LPM_Callback
                0x000000000800a41c        0x4 libDaisy/build/libdaisy.a(stm32h7xx_hal_pcd_ex.o)
                0x000000000800a41c                HAL_PCDEx_LPM_Callback
 .text.HAL_PWREx_ConfigSupply
                0x000000000800a420       0x4c libDaisy/build/libdaisy.a(stm32h7xx_hal_pwr_ex.o)
                0x000000000800a420                HAL_PWREx_ConfigSupply
 .text.HAL_PWREx_EnableUSBVoltageDetector
                0x000000000800a46c       0x10 libDaisy/build/libdaisy.a(stm32h7xx_hal_pwr_ex.o)
                0x000000000800a46c                HAL_PWREx_EnableUSBVoltageDetector
 .text.QSPI_Config
                0x000000000800a47c      0x174 libDaisy/build/libdaisy.a(stm32h7xx_hal_qspi.o)
 .text.HAL_QSPI_Init
                0x000000000800a5f0       0xd8 libDaisy/build/libdaisy.a(stm32h7xx_hal_qspi.o)
                0x000000000800a5f0                HAL_QSPI_Init
 .text.HAL_QSPI_DeInit
                0x000000000800a6c8       0x3c libDaisy/build/libdaisy.a(stm32h7xx_hal_qspi.o)
                0x000000000800a6c8                HAL_QSPI_DeInit
 .text.HAL_QSPI_Command
                0x000000000800a704       0xd4 libDaisy/build/libdaisy.a(stm32h7xx_hal_qspi.o)
                0x000000000800a704                HAL_QSPI_Command
 .text.HAL_QSPI_Transmit
                0x000000000800a7d8       0xfc libDaisy/build/libdaisy.a(stm32h7xx_hal_qspi.o)
                0x000000000800a7d8                HAL_QSPI_Transmit
 .text.HAL_QSPI_Receive
                0x000000000800a8d4      0x108 libDaisy/build/libdaisy.a(stm32h7xx_hal_qspi.o)
                0x000000000800a8d4                HAL_QSPI_Receive
 .text.HAL_QSPI_AutoPolling
                0x000000000800a9dc       0xf0 libDaisy/build/libdaisy.a(stm32h7xx_hal_qspi.o)
                0x000000000800a9dc                HAL_QSPI_AutoPolling
 .text.HAL_QSPI_MemoryMapped
                0x000000000800aacc       0xc0 libDaisy/build/libdaisy.a(stm32h7xx_hal_qspi.o)
                0x000000000800aacc                HAL_QSPI_MemoryMapped
 .text.HAL_QSPI_ErrorCallback
                0x000000000800ab8c        0x4 libDaisy/build/libdaisy.a(stm32h7xx_hal_qspi.o)
                0x000000000800ab8c                HAL_QSPI_ErrorCallback
 .text.QSPI_DMAAbortCplt
                0x000000000800ab90       0x38 libDaisy/build/libdaisy.a(stm32h7xx_hal_qspi.o)
 .text.HAL_QSPI_AbortCpltCallback
                0x000000000800abc8        0x4 libDaisy/build/libdaisy.a(stm32h7xx_hal_qspi.o)
                0x000000000800abc8                HAL_QSPI_AbortCpltCallback
 .text.HAL_QSPI_CmdCpltCallback
                0x000000000800abcc        0x4 libDaisy/build/libdaisy.a(stm32h7xx_hal_qspi.o)
                0x000000000800abcc                HAL_QSPI_CmdCpltCallback
 .text.HAL_QSPI_RxCpltCallback
                0x000000000800abd0        0x4 libDaisy/build/libdaisy.a(stm32h7xx_hal_qspi.o)
                0x000000000800abd0                HAL_QSPI_RxCpltCallback
 .text.HAL_QSPI_TxCpltCallback
                0x000000000800abd4        0x4 libDaisy/build/libdaisy.a(stm32h7xx_hal_qspi.o)
                0x000000000800abd4                HAL_QSPI_TxCpltCallback
 .text.HAL_QSPI_FifoThresholdCallback
                0x000000000800abd8        0x4 libDaisy/build/libdaisy.a(stm32h7xx_hal_qspi.o)
                0x000000000800abd8                HAL_QSPI_FifoThresholdCallback
 .text.HAL_QSPI_StatusMatchCallback
                0x000000000800abdc        0x4 libDaisy/build/libdaisy.a(stm32h7xx_hal_qspi.o)
                0x000000000800abdc                HAL_QSPI_StatusMatchCallback
 .text.HAL_QSPI_TimeOutCallback
                0x000000000800abe0        0x4 libDaisy/build/libdaisy.a(stm32h7xx_hal_qspi.o)
                0x000000000800abe0                HAL_QSPI_TimeOutCallback
 .text.HAL_QSPI_IRQHandler
                0x000000000800abe4      0x210 libDaisy/build/libdaisy.a(stm32h7xx_hal_qspi.o)
                0x000000000800abe4                HAL_QSPI_IRQHandler
 .text.HAL_RCC_OscConfig
                0x000000000800adf4      0x51c libDaisy/build/libdaisy.a(stm32h7xx_hal_rcc.o)
                0x000000000800adf4                HAL_RCC_OscConfig
 .text.HAL_RCC_GetSysClockFreq
                0x000000000800b310      0x140 libDaisy/build/libdaisy.a(stm32h7xx_hal_rcc.o)
                0x000000000800b310                HAL_RCC_GetSysClockFreq
 .text.HAL_RCC_ClockConfig
                0x000000000800b450      0x234 libDaisy/build/libdaisy.a(stm32h7xx_hal_rcc.o)
                0x000000000800b450                HAL_RCC_ClockConfig
 .text.HAL_RCC_GetHCLKFreq
                0x000000000800b684       0x2c libDaisy/build/libdaisy.a(stm32h7xx_hal_rcc.o)
                0x000000000800b684                HAL_RCC_GetHCLKFreq
 .text.HAL_RCC_GetPCLK1Freq
                0x000000000800b6b0       0x38 libDaisy/build/libdaisy.a(stm32h7xx_hal_rcc.o)
                0x000000000800b6b0                HAL_RCC_GetPCLK1Freq
 .text.HAL_RCC_GetPCLK2Freq
                0x000000000800b6e8       0x38 libDaisy/build/libdaisy.a(stm32h7xx_hal_rcc.o)
                0x000000000800b6e8                HAL_RCC_GetPCLK2Freq
 .text.RCCEx_PLL2_Config
                0x000000000800b720       0xf4 libDaisy/build/libdaisy.a(stm32h7xx_hal_rcc_ex.o)
 .text.RCCEx_PLL3_Config
                0x000000000800b814       0xf4 libDaisy/build/libdaisy.a(stm32h7xx_hal_rcc_ex.o)
 .text.HAL_RCCEx_PeriphCLKConfig
                0x000000000800b908      0xa7c libDaisy/build/libdaisy.a(stm32h7xx_hal_rcc_ex.o)
                0x000000000800b908                HAL_RCCEx_PeriphCLKConfig
 .text.HAL_RCCEx_GetD3PCLK1Freq
                0x000000000800c384       0x24 libDaisy/build/libdaisy.a(stm32h7xx_hal_rcc_ex.o)
                0x000000000800c384                HAL_RCCEx_GetD3PCLK1Freq
 .text.HAL_RCCEx_GetPLL2ClockFreq
                0x000000000800c3a8      0x17c libDaisy/build/libdaisy.a(stm32h7xx_hal_rcc_ex.o)
                0x000000000800c3a8                HAL_RCCEx_GetPLL2ClockFreq
 .text.HAL_RCCEx_GetPLL3ClockFreq
                0x000000000800c524      0x17c libDaisy/build/libdaisy.a(stm32h7xx_hal_rcc_ex.o)
                0x000000000800c524                HAL_RCCEx_GetPLL3ClockFreq
 .text.HAL_RCCEx_GetPLL1ClockFreq
                0x000000000800c6a0      0x17c libDaisy/build/libdaisy.a(stm32h7xx_hal_rcc_ex.o)
                0x000000000800c6a0                HAL_RCCEx_GetPLL1ClockFreq
 .text.HAL_RCCEx_GetPeriphCLKFreq
                0x000000000800c81c      0x198 libDaisy/build/libdaisy.a(stm32h7xx_hal_rcc_ex.o)
                0x000000000800c81c                HAL_RCCEx_GetPeriphCLKFreq
 .text.HAL_RCCEx_GetD1SysClockFreq
                0x000000000800c9b4       0x2c libDaisy/build/libdaisy.a(stm32h7xx_hal_rcc_ex.o)
                0x000000000800c9b4                HAL_RCCEx_GetD1SysClockFreq
 .text.HAL_SAI_Init.part.0
                0x000000000800c9e0      0x348 libDaisy/build/libdaisy.a(stm32h7xx_hal_sai.o)
 .text.HAL_SAI_InitProtocol
                0x000000000800cd28      0x178 libDaisy/build/libdaisy.a(stm32h7xx_hal_sai.o)
                0x000000000800cd28                HAL_SAI_InitProtocol
 .text.HAL_SAI_Transmit_DMA
                0x000000000800cea0      0x124 libDaisy/build/libdaisy.a(stm32h7xx_hal_sai.o)
                0x000000000800cea0                HAL_SAI_Transmit_DMA
 .text.HAL_SAI_Receive_DMA
                0x000000000800cfc4       0xd0 libDaisy/build/libdaisy.a(stm32h7xx_hal_sai.o)
                0x000000000800cfc4                HAL_SAI_Receive_DMA
 .text.HAL_SAI_TxCpltCallback
                0x000000000800d094        0x4 libDaisy/build/libdaisy.a(stm32h7xx_hal_sai.o)
                0x000000000800d094                HAL_SAI_TxCpltCallback
 .text.SAI_DMATxCplt
                0x000000000800d098       0x64 libDaisy/build/libdaisy.a(stm32h7xx_hal_sai.o)
 .text.HAL_SAI_TxHalfCpltCallback
                0x000000000800d0fc        0x4 libDaisy/build/libdaisy.a(stm32h7xx_hal_sai.o)
                0x000000000800d0fc                HAL_SAI_TxHalfCpltCallback
 .text.SAI_DMATxHalfCplt
                0x000000000800d100        0xc libDaisy/build/libdaisy.a(stm32h7xx_hal_sai.o)
 .text.SAI_DMARxCplt
                0x000000000800d10c       0x64 libDaisy/build/libdaisy.a(stm32h7xx_hal_sai.o)
 .text.SAI_DMARxHalfCplt
                0x000000000800d170        0xc libDaisy/build/libdaisy.a(stm32h7xx_hal_sai.o)
 .text.HAL_SAI_ErrorCallback
                0x000000000800d17c        0x4 libDaisy/build/libdaisy.a(stm32h7xx_hal_sai.o)
                0x000000000800d17c                HAL_SAI_ErrorCallback
 .text.SAI_DMAError
                0x000000000800d180       0x6c libDaisy/build/libdaisy.a(stm32h7xx_hal_sai.o)
 .text.HAL_SDRAM_Init
                0x000000000800d1ec       0x54 libDaisy/build/libdaisy.a(stm32h7xx_hal_sdram.o)
                0x000000000800d1ec                HAL_SDRAM_Init
 .text.HAL_SDRAM_SendCommand
                0x000000000800d240       0x40 libDaisy/build/libdaisy.a(stm32h7xx_hal_sdram.o)
                0x000000000800d240                HAL_SDRAM_SendCommand
 .text.HAL_SDRAM_ProgramRefreshRate
                0x000000000800d280       0x30 libDaisy/build/libdaisy.a(stm32h7xx_hal_sdram.o)
                0x000000000800d280                HAL_SDRAM_ProgramRefreshRate
 .text.HAL_UART_Transmit_DMA
                0x000000000800d2b0       0xa4 libDaisy/build/libdaisy.a(stm32h7xx_hal_uart.o)
                0x000000000800d2b0                HAL_UART_Transmit_DMA
 .text.HAL_UART_Receive_DMA
                0x000000000800d354       0xac libDaisy/build/libdaisy.a(stm32h7xx_hal_uart.o)
                0x000000000800d354                HAL_UART_Receive_DMA
 .text.UART_DMATransmitCplt
                0x000000000800d400       0x2c libDaisy/build/libdaisy.a(stm32h7xx_hal_uart.o)
 .text.HAL_UART_TxHalfCpltCallback
                0x000000000800d42c        0x4 libDaisy/build/libdaisy.a(stm32h7xx_hal_uart.o)
                0x000000000800d42c                HAL_UART_TxHalfCpltCallback
 .text.UART_DMATxHalfCplt
                0x000000000800d430        0xc libDaisy/build/libdaisy.a(stm32h7xx_hal_uart.o)
 .text.UART_DMAReceiveCplt
                0x000000000800d43c       0x38 libDaisy/build/libdaisy.a(stm32h7xx_hal_uart.o)
 .text.HAL_UART_RxHalfCpltCallback
                0x000000000800d474        0x4 libDaisy/build/libdaisy.a(stm32h7xx_hal_uart.o)
                0x000000000800d474                HAL_UART_RxHalfCpltCallback
 .text.UART_DMARxHalfCplt
                0x000000000800d478        0xc libDaisy/build/libdaisy.a(stm32h7xx_hal_uart.o)
 .text.UART_DMAError
                0x000000000800d484       0x78 libDaisy/build/libdaisy.a(stm32h7xx_hal_uart.o)
 .text.HAL_UART_IRQHandler
                0x000000000800d4fc      0x1d0 libDaisy/build/libdaisy.a(stm32h7xx_hal_uart.o)
                0x000000000800d4fc                HAL_UART_IRQHandler
 .text.UART_DMAAbortOnError
                0x000000000800d6cc       0x14 libDaisy/build/libdaisy.a(stm32h7xx_hal_uart.o)
 .text.HAL_UART_GetState
                0x000000000800d6e0        0xc libDaisy/build/libdaisy.a(stm32h7xx_hal_uart.o)
                0x000000000800d6e0                HAL_UART_GetState
 .text.UART_SetConfig
                0x000000000800d6ec     0x14b8 libDaisy/build/libdaisy.a(stm32h7xx_hal_uart.o)
                0x000000000800d6ec                UART_SetConfig
 .text.UART_AdvFeatureConfig
                0x000000000800eba4       0xb0 libDaisy/build/libdaisy.a(stm32h7xx_hal_uart.o)
                0x000000000800eba4                UART_AdvFeatureConfig
 .text.UART_CheckIdleState
                0x000000000800ec54       0x84 libDaisy/build/libdaisy.a(stm32h7xx_hal_uart.o)
                0x000000000800ec54                UART_CheckIdleState
 .text.HAL_UART_Init
                0x000000000800ecd8       0x68 libDaisy/build/libdaisy.a(stm32h7xx_hal_uart.o)
                0x000000000800ecd8                HAL_UART_Init
 .text.HAL_UARTEx_WakeupCallback
                0x000000000800ed40        0x4 libDaisy/build/libdaisy.a(stm32h7xx_hal_uart_ex.o)
                0x000000000800ed40                HAL_UARTEx_WakeupCallback
 .text.HAL_UARTEx_RxFifoFullCallback
                0x000000000800ed44        0x4 libDaisy/build/libdaisy.a(stm32h7xx_hal_uart_ex.o)
                0x000000000800ed44                HAL_UARTEx_RxFifoFullCallback
 .text.HAL_UARTEx_TxFifoEmptyCallback
                0x000000000800ed48        0x4 libDaisy/build/libdaisy.a(stm32h7xx_hal_uart_ex.o)
                0x000000000800ed48                HAL_UARTEx_TxFifoEmptyCallback
 .text.HAL_UARTEx_DisableFifoMode
                0x000000000800ed4c       0x3c libDaisy/build/libdaisy.a(stm32h7xx_hal_uart_ex.o)
                0x000000000800ed4c                HAL_UARTEx_DisableFifoMode
 .text.HAL_UARTEx_SetTxFifoThreshold
                0x000000000800ed88       0xa4 libDaisy/build/libdaisy.a(stm32h7xx_hal_uart_ex.o)
                0x000000000800ed88                HAL_UARTEx_SetTxFifoThreshold
 .text.HAL_UARTEx_SetRxFifoThreshold
                0x000000000800ee2c       0xa4 libDaisy/build/libdaisy.a(stm32h7xx_hal_uart_ex.o)
                0x000000000800ee2c                HAL_UARTEx_SetRxFifoThreshold
 .text.FMC_SDRAM_Init
                0x000000000800eed0       0x7c libDaisy/build/libdaisy.a(stm32h7xx_ll_fmc.o)
                0x000000000800eed0                FMC_SDRAM_Init
 .text.FMC_SDRAM_Timing_Init
                0x000000000800ef4c       0x98 libDaisy/build/libdaisy.a(stm32h7xx_ll_fmc.o)
                0x000000000800ef4c                FMC_SDRAM_Timing_Init
 .text.FMC_SDRAM_SendCommand
                0x000000000800efe4       0x28 libDaisy/build/libdaisy.a(stm32h7xx_ll_fmc.o)
                0x000000000800efe4                FMC_SDRAM_SendCommand
 .text.FMC_SDRAM_ProgramRefreshRate
                0x000000000800f00c       0x1c libDaisy/build/libdaisy.a(stm32h7xx_ll_fmc.o)
                0x000000000800f00c                FMC_SDRAM_ProgramRefreshRate
 .text.USB_SetTurnaroundTime
                0x000000000800f028      0x104 libDaisy/build/libdaisy.a(stm32h7xx_ll_usb.o)
                0x000000000800f028                USB_SetTurnaroundTime
 .text.USB_FlushTxFifo
                0x000000000800f12c       0x34 libDaisy/build/libdaisy.a(stm32h7xx_ll_usb.o)
                0x000000000800f12c                USB_FlushTxFifo
 .text.USB_GetDevSpeed
                0x000000000800f160       0x24 libDaisy/build/libdaisy.a(stm32h7xx_ll_usb.o)
                0x000000000800f160                USB_GetDevSpeed
 .text.USB_ActivateEndpoint
                0x000000000800f184       0x90 libDaisy/build/libdaisy.a(stm32h7xx_ll_usb.o)
                0x000000000800f184                USB_ActivateEndpoint
 .text.USB_EPStartXfer
                0x000000000800f214      0x230 libDaisy/build/libdaisy.a(stm32h7xx_ll_usb.o)
                0x000000000800f214                USB_EPStartXfer
 .text.USB_EP0StartXfer
                0x000000000800f444      0x174 libDaisy/build/libdaisy.a(stm32h7xx_ll_usb.o)
                0x000000000800f444                USB_EP0StartXfer
 .text.USB_WritePacket
                0x000000000800f5b8       0x2c libDaisy/build/libdaisy.a(stm32h7xx_ll_usb.o)
                0x000000000800f5b8                USB_WritePacket
 .text.USB_ReadPacket
                0x000000000800f5e4       0x20 libDaisy/build/libdaisy.a(stm32h7xx_ll_usb.o)
                0x000000000800f5e4                USB_ReadPacket
 .text.USB_EPSetStall
                0x000000000800f604       0x68 libDaisy/build/libdaisy.a(stm32h7xx_ll_usb.o)
                0x000000000800f604                USB_EPSetStall
 .text.USB_EPClearStall
                0x000000000800f66c       0x58 libDaisy/build/libdaisy.a(stm32h7xx_ll_usb.o)
                0x000000000800f66c                USB_EPClearStall
 .text.USB_SetDevAddress
                0x000000000800f6c4       0x24 libDaisy/build/libdaisy.a(stm32h7xx_ll_usb.o)
                0x000000000800f6c4                USB_SetDevAddress
 .text.USB_ReadInterrupts
                0x000000000800f6e8       0x14 libDaisy/build/libdaisy.a(stm32h7xx_ll_usb.o)
                0x000000000800f6e8                USB_ReadInterrupts
 .text.USB_ReadDevAllOutEpInterrupt
                0x000000000800f6fc       0x1c libDaisy/build/libdaisy.a(stm32h7xx_ll_usb.o)
                0x000000000800f6fc                USB_ReadDevAllOutEpInterrupt
 .text.USB_ReadDevAllInEpInterrupt
                0x000000000800f718       0x1c libDaisy/build/libdaisy.a(stm32h7xx_ll_usb.o)
                0x000000000800f718                USB_ReadDevAllInEpInterrupt
 .text.USB_ReadDevOutEPInterrupt
                0x000000000800f734       0x1c libDaisy/build/libdaisy.a(stm32h7xx_ll_usb.o)
                0x000000000800f734                USB_ReadDevOutEPInterrupt
 .text.USB_ReadDevInEPInterrupt
                0x000000000800f750       0x38 libDaisy/build/libdaisy.a(stm32h7xx_ll_usb.o)
                0x000000000800f750                USB_ReadDevInEPInterrupt
 .text.USB_GetMode
                0x000000000800f788        0x8 libDaisy/build/libdaisy.a(stm32h7xx_ll_usb.o)
                0x000000000800f788                USB_GetMode
 .text.USB_ActivateSetup
                0x000000000800f790       0x38 libDaisy/build/libdaisy.a(stm32h7xx_ll_usb.o)
                0x000000000800f790                USB_ActivateSetup
 .text.USB_EP0_OutStart
                0x000000000800f7c8       0x58 libDaisy/build/libdaisy.a(stm32h7xx_ll_usb.o)
                0x000000000800f7c8                USB_EP0_OutStart
 .text.USB_InitFSLSPClkSel
                0x000000000800f820       0x44 libDaisy/build/libdaisy.a(stm32h7xx_ll_usb.o)
                0x000000000800f820                USB_InitFSLSPClkSel
 .text.USB_HC_ReadInterrupt
                0x000000000800f864        0x8 libDaisy/build/libdaisy.a(stm32h7xx_ll_usb.o)
                0x000000000800f864                USB_HC_ReadInterrupt
 .text.USB_HC_Halt
                0x000000000800f86c       0xc0 libDaisy/build/libdaisy.a(stm32h7xx_ll_usb.o)
                0x000000000800f86c                USB_HC_Halt
 .text.USB_StopHost
                0x000000000800f92c      0x2ec libDaisy/build/libdaisy.a(stm32h7xx_ll_usb.o)
                0x000000000800f92c                USB_StopHost
 .text.USBD_CDC_SetTxBuffer
                0x000000000800fc18       0x14 libDaisy/build/libdaisy.a(usbd_cdc.o)
                0x000000000800fc18                USBD_CDC_SetTxBuffer
 .text.USBD_CDC_TransmitPacket
                0x000000000800fc2c       0x34 libDaisy/build/libdaisy.a(usbd_cdc.o)
                0x000000000800fc2c                USBD_CDC_TransmitPacket
 .text.USBD_SetClassConfig
                0x000000000800fc60       0x14 libDaisy/build/libdaisy.a(usbd_core.o)
                0x000000000800fc60                USBD_SetClassConfig
 .text.USBD_ClrClassConfig
                0x000000000800fc74       0x10 libDaisy/build/libdaisy.a(usbd_core.o)
                0x000000000800fc74                USBD_ClrClassConfig
 .text.USBD_LL_SetupStage
                0x000000000800fc84       0x5c libDaisy/build/libdaisy.a(usbd_core.o)
                0x000000000800fc84                USBD_LL_SetupStage
 .text.USBD_LL_DataOutStage
                0x000000000800fce0       0x7c libDaisy/build/libdaisy.a(usbd_core.o)
                0x000000000800fce0                USBD_LL_DataOutStage
 .text.USBD_LL_DataInStage
                0x000000000800fd5c       0xcc libDaisy/build/libdaisy.a(usbd_core.o)
                0x000000000800fd5c                USBD_LL_DataInStage
 .text.USBD_LL_Reset
                0x000000000800fe28       0x50 libDaisy/build/libdaisy.a(usbd_core.o)
                0x000000000800fe28                USBD_LL_Reset
 .text.USBD_LL_SetSpeed
                0x000000000800fe78        0x8 libDaisy/build/libdaisy.a(usbd_core.o)
                0x000000000800fe78                USBD_LL_SetSpeed
 .text.USBD_LL_Suspend
                0x000000000800fe80       0x14 libDaisy/build/libdaisy.a(usbd_core.o)
                0x000000000800fe80                USBD_LL_Suspend
 .text.USBD_LL_Resume
                0x000000000800fe94       0x10 libDaisy/build/libdaisy.a(usbd_core.o)
                0x000000000800fe94                USBD_LL_Resume
 .text.USBD_LL_SOF
                0x000000000800fea4       0x1c libDaisy/build/libdaisy.a(usbd_core.o)
                0x000000000800fea4                USBD_LL_SOF
 .text.USBD_LL_IsoINIncomplete
                0x000000000800fec0        0x4 libDaisy/build/libdaisy.a(usbd_core.o)
                0x000000000800fec0                USBD_LL_IsoINIncomplete
 .text.USBD_LL_IsoOUTIncomplete
                0x000000000800fec4        0x4 libDaisy/build/libdaisy.a(usbd_core.o)
                0x000000000800fec4                USBD_LL_IsoOUTIncomplete
 .text.USBD_LL_DevConnected
                0x000000000800fec8        0x4 libDaisy/build/libdaisy.a(usbd_core.o)
                0x000000000800fec8                USBD_LL_DevConnected
 .text.USBD_LL_DevDisconnected
                0x000000000800fecc       0x18 libDaisy/build/libdaisy.a(usbd_core.o)
                0x000000000800fecc                USBD_LL_DevDisconnected
 .text.USBD_StdDevReq
                0x000000000800fee4      0x304 libDaisy/build/libdaisy.a(usbd_ctlreq.o)
                0x000000000800fee4                USBD_StdDevReq
 .text.USBD_StdItfReq
                0x00000000080101e8       0x68 libDaisy/build/libdaisy.a(usbd_ctlreq.o)
                0x00000000080101e8                USBD_StdItfReq
 .text.USBD_StdEPReq
                0x0000000008010250      0x13c libDaisy/build/libdaisy.a(usbd_ctlreq.o)
                0x0000000008010250                USBD_StdEPReq
 .text.USBD_ParseSetupRequest
                0x000000000801038c       0x28 libDaisy/build/libdaisy.a(usbd_ctlreq.o)
                0x000000000801038c                USBD_ParseSetupRequest
 .text.USBD_CtlSendData
                0x00000000080103b4       0x1c libDaisy/build/libdaisy.a(usbd_ioreq.o)
                0x00000000080103b4                USBD_CtlSendData
 .text.USBD_CtlContinueSendData
                0x00000000080103d0       0x14 libDaisy/build/libdaisy.a(usbd_ioreq.o)
                0x00000000080103d0                USBD_CtlContinueSendData
 .text.USBD_CtlContinueRx
                0x00000000080103e4       0x14 libDaisy/build/libdaisy.a(usbd_ioreq.o)
                0x00000000080103e4                USBD_CtlContinueRx
 .text.USBD_CtlSendStatus
                0x00000000080103f8       0x18 libDaisy/build/libdaisy.a(usbd_ioreq.o)
                0x00000000080103f8                USBD_CtlSendStatus
 .text.USBD_CtlReceiveStatus
                0x0000000008010410       0x18 libDaisy/build/libdaisy.a(usbd_ioreq.o)
                0x0000000008010410                USBD_CtlReceiveStatus
 .text.USBH_LL_IncTimer
                0x0000000008010428       0x20 libDaisy/build/libdaisy.a(usbh_core.o)
                0x0000000008010428                USBH_LL_IncTimer
 .text.USBH_LL_PortEnabled
                0x0000000008010448        0x8 libDaisy/build/libdaisy.a(usbh_core.o)
                0x0000000008010448                USBH_LL_PortEnabled
 .text.USBH_LL_PortDisabled
                0x0000000008010450        0x8 libDaisy/build/libdaisy.a(usbh_core.o)
                0x0000000008010450                USBH_LL_PortDisabled
 .text.USBH_LL_Connect
                0x0000000008010458       0x18 libDaisy/build/libdaisy.a(usbh_core.o)
                0x0000000008010458                USBH_LL_Connect
 .text.USBH_LL_Disconnect
                0x0000000008010470       0x2c libDaisy/build/libdaisy.a(usbh_core.o)
                0x0000000008010470                USBH_LL_Disconnect
 .text.USBH_FreePipe
                0x000000000801049c       0x18 libDaisy/build/libdaisy.a(usbh_pipes.o)
                0x000000000801049c                USBH_FreePipe
 .text._ZN5daisy6Random4InitEv
                0x00000000080104b4       0x3c libDaisy/build/libdaisy.a(rng.o)
                0x00000000080104b4                daisy::Random::Init()
 .text._ZN5daisy9SpiHandle4Impl7InitDmaEv
                0x00000000080104f0       0xec libDaisy/build/libdaisy.a(spi.o)
                0x00000000080104f0                daisy::SpiHandle::Impl::InitDma()
 .text._ZN5daisy9SpiHandle4Impl10StartDmaTxEPhjPFvPvEPFvS3_NS0_6ResultEES3_
                0x00000000080105dc       0xc8 libDaisy/build/libdaisy.a(spi.o)
                0x00000000080105dc                daisy::SpiHandle::Impl::StartDmaTx(unsigned char*, unsigned int, void (*)(void*), void (*)(void*, daisy::SpiHandle::Result), void*)
 .text._ZN5daisy9SpiHandle4Impl10StartDmaRxEPhjPFvPvEPFvS3_NS0_6ResultEES3_
                0x00000000080106a4       0xc8 libDaisy/build/libdaisy.a(spi.o)
                0x00000000080106a4                daisy::SpiHandle::Impl::StartDmaRx(unsigned char*, unsigned int, void (*)(void*), void (*)(void*, daisy::SpiHandle::Result), void*)
 .text._ZN5daisy9SpiHandle4Impl12StartDmaRxTxEPhS2_jPFvPvEPFvS3_NS0_6ResultEES3_
                0x000000000801076c       0xcc libDaisy/build/libdaisy.a(spi.o)
                0x000000000801076c                daisy::SpiHandle::Impl::StartDmaRxTx(unsigned char*, unsigned char*, unsigned int, void (*)(void*), void (*)(void*, daisy::SpiHandle::Result), void*)
 .text._ZN5daisy9SpiHandle4Impl8InitPinsEv
                0x0000000008010838      0x274 libDaisy/build/libdaisy.a(spi.o)
                0x0000000008010838                daisy::SpiHandle::Impl::InitPins()
 .text.HAL_SPI_MspInit
                0x0000000008010aac      0x1a8 libDaisy/build/libdaisy.a(spi.o)
                0x0000000008010aac                HAL_SPI_MspInit
 .text.dsy_spi_global_init
                0x0000000008010c54       0x80 libDaisy/build/libdaisy.a(spi.o)
                0x0000000008010c54                dsy_spi_global_init
 .text.SPI1_IRQHandler
                0x0000000008010cd4        0xc libDaisy/build/libdaisy.a(spi.o)
                0x0000000008010cd4                SPI1_IRQHandler
 .text.SPI2_IRQHandler
                0x0000000008010ce0        0xc libDaisy/build/libdaisy.a(spi.o)
                0x0000000008010ce0                SPI2_IRQHandler
 .text.SPI3_IRQHandler
                0x0000000008010cec        0xc libDaisy/build/libdaisy.a(spi.o)
                0x0000000008010cec                SPI3_IRQHandler
 .text.SPI4_IRQHandler
                0x0000000008010cf8        0xc libDaisy/build/libdaisy.a(spi.o)
                0x0000000008010cf8                SPI4_IRQHandler
 .text.SPI5_IRQHandler
                0x0000000008010d04        0xc libDaisy/build/libdaisy.a(spi.o)
                0x0000000008010d04                SPI5_IRQHandler
 .text.DMA2_Stream2_IRQHandler
                0x0000000008010d10       0x34 libDaisy/build/libdaisy.a(spi.o)
                0x0000000008010d10                DMA2_Stream2_IRQHandler
 .text.DMA2_Stream3_IRQHandler
                0x0000000008010d44       0x38 libDaisy/build/libdaisy.a(spi.o)
                0x0000000008010d44                DMA2_Stream3_IRQHandler
 .text.HAL_SPI_TxCpltCallback
                0x0000000008010d7c       0xc4 libDaisy/build/libdaisy.a(spi.o)
                0x0000000008010d7c                HAL_SPI_TxCpltCallback
 .text.HAL_SPI_RxCpltCallback
                0x0000000008010e40       0xc4 libDaisy/build/libdaisy.a(spi.o)
                0x0000000008010e40                HAL_SPI_RxCpltCallback
 .text.HAL_SPI_TxRxCpltCallback
                0x0000000008010f04       0xc4 libDaisy/build/libdaisy.a(spi.o)
                0x0000000008010f04                HAL_SPI_TxRxCpltCallback
 .text.HAL_SPI_ErrorCallback
                0x0000000008010fc8       0xc8 libDaisy/build/libdaisy.a(spi.o)
                0x0000000008010fc8                HAL_SPI_ErrorCallback
 .text.startup._GLOBAL__sub_I__Z19MapInstanceToHandleP11SPI_TypeDef
                0x0000000008011090      0x1b0 libDaisy/build/libdaisy.a(spi.o)
 .text.HAL_TIM_Base_MspInit
                0x0000000008011240      0x1e0 libDaisy/build/libdaisy.a(tim.o)
                0x0000000008011240                HAL_TIM_Base_MspInit
 .text.HAL_TIM_PeriodElapsedCallback
                0x0000000008011420       0x44 libDaisy/build/libdaisy.a(tim.o)
                0x0000000008011420                HAL_TIM_PeriodElapsedCallback
 .text.TIM2_IRQHandler
                0x0000000008011464        0xc libDaisy/build/libdaisy.a(tim.o)
                0x0000000008011464                TIM2_IRQHandler
 .text.TIM3_IRQHandler
                0x0000000008011470        0xc libDaisy/build/libdaisy.a(tim.o)
                0x0000000008011470                TIM3_IRQHandler
 .text.TIM4_IRQHandler
                0x000000000801147c        0xc libDaisy/build/libdaisy.a(tim.o)
                0x000000000801147c                TIM4_IRQHandler
 .text.TIM5_IRQHandler
                0x0000000008011488        0xc libDaisy/build/libdaisy.a(tim.o)
                0x0000000008011488                TIM5_IRQHandler
 .text._ZN5daisy11TimerHandle4InitERKNS0_6ConfigE
                0x0000000008011494       0xd0 libDaisy/build/libdaisy.a(tim.o)
                0x0000000008011494                daisy::TimerHandle::Init(daisy::TimerHandle::Config const&)
 .text._ZN5daisy11TimerHandle5StartEv
                0x0000000008011564       0x24 libDaisy/build/libdaisy.a(tim.o)
                0x0000000008011564                daisy::TimerHandle::Start()
 .text.startup._GLOBAL__sub_I__ZN5daisy11TimerHandle4Impl4InitERKNS0_6ConfigE
                0x0000000008011588       0x38 libDaisy/build/libdaisy.a(tim.o)
 .text.dsy_dma_init
                0x00000000080115c0      0x100 libDaisy/build/libdaisy.a(dma.o)
                0x00000000080115c0                dsy_dma_init
 .text.HAL_MDMA_Abort_IT
                0x00000000080116c0       0x2c libDaisy/build/libdaisy.a(stm32h7xx_hal_mdma.o)
                0x00000000080116c0                HAL_MDMA_Abort_IT
 .text.SPI_CloseTransfer
                0x00000000080116ec       0xb8 libDaisy/build/libdaisy.a(stm32h7xx_hal_spi.o)
 .text.HAL_SPI_Init
                0x00000000080117a4      0x15c libDaisy/build/libdaisy.a(stm32h7xx_hal_spi.o)
                0x00000000080117a4                HAL_SPI_Init
 .text.HAL_SPI_Transmit_DMA
                0x0000000008011900      0x170 libDaisy/build/libdaisy.a(stm32h7xx_hal_spi.o)
                0x0000000008011900                HAL_SPI_Transmit_DMA
 .text.HAL_SPI_TransmitReceive_DMA
                0x0000000008011a70      0x218 libDaisy/build/libdaisy.a(stm32h7xx_hal_spi.o)
                0x0000000008011a70                HAL_SPI_TransmitReceive_DMA
 .text.HAL_SPI_Receive_DMA
                0x0000000008011c88      0x1b4 libDaisy/build/libdaisy.a(stm32h7xx_hal_spi.o)
                0x0000000008011c88                HAL_SPI_Receive_DMA
 .text.SPI_DMATransmitCplt
                0x0000000008011e3c       0x28 libDaisy/build/libdaisy.a(stm32h7xx_hal_spi.o)
 .text.SPI_DMAReceiveCplt
                0x0000000008011e64       0x28 libDaisy/build/libdaisy.a(stm32h7xx_hal_spi.o)
 .text.SPI_DMATransmitReceiveCplt
                0x0000000008011e8c       0x28 libDaisy/build/libdaisy.a(stm32h7xx_hal_spi.o)
 .text.HAL_SPI_TxHalfCpltCallback
                0x0000000008011eb4        0x4 libDaisy/build/libdaisy.a(stm32h7xx_hal_spi.o)
                0x0000000008011eb4                HAL_SPI_TxHalfCpltCallback
 .text.SPI_DMAHalfTransmitCplt
                0x0000000008011eb8        0xc libDaisy/build/libdaisy.a(stm32h7xx_hal_spi.o)
 .text.HAL_SPI_RxHalfCpltCallback
                0x0000000008011ec4        0x4 libDaisy/build/libdaisy.a(stm32h7xx_hal_spi.o)
                0x0000000008011ec4                HAL_SPI_RxHalfCpltCallback
 .text.SPI_DMAHalfReceiveCplt
                0x0000000008011ec8        0xc libDaisy/build/libdaisy.a(stm32h7xx_hal_spi.o)
 .text.HAL_SPI_TxRxHalfCpltCallback
                0x0000000008011ed4        0x4 libDaisy/build/libdaisy.a(stm32h7xx_hal_spi.o)
                0x0000000008011ed4                HAL_SPI_TxRxHalfCpltCallback
 .text.SPI_DMAHalfTransmitReceiveCplt
                0x0000000008011ed8        0xc libDaisy/build/libdaisy.a(stm32h7xx_hal_spi.o)
 .text.SPI_DMAError
                0x0000000008011ee4       0xd8 libDaisy/build/libdaisy.a(stm32h7xx_hal_spi.o)
 .text.HAL_SPI_IRQHandler
                0x0000000008011fbc      0x23c libDaisy/build/libdaisy.a(stm32h7xx_hal_spi.o)
                0x0000000008011fbc                HAL_SPI_IRQHandler
 .text.SPI_DMAAbortOnError
                0x00000000080121f8       0x1c libDaisy/build/libdaisy.a(stm32h7xx_hal_spi.o)
 .text.HAL_SPI_GetState
                0x0000000008012214        0x8 libDaisy/build/libdaisy.a(stm32h7xx_hal_spi.o)
                0x0000000008012214                HAL_SPI_GetState
 .text.HAL_TIM_Base_Init
                0x000000000801221c      0x140 libDaisy/build/libdaisy.a(stm32h7xx_hal_tim.o)
                0x000000000801221c                HAL_TIM_Base_Init
 .text.HAL_TIM_Base_Start
                0x000000000801235c       0x34 libDaisy/build/libdaisy.a(stm32h7xx_hal_tim.o)
                0x000000000801235c                HAL_TIM_Base_Start
 .text.HAL_TIM_Base_Start_IT
                0x0000000008012390       0x2c libDaisy/build/libdaisy.a(stm32h7xx_hal_tim.o)
                0x0000000008012390                HAL_TIM_Base_Start_IT
 .text.HAL_TIM_ConfigClockSource
                0x00000000080123bc      0x17c libDaisy/build/libdaisy.a(stm32h7xx_hal_tim.o)
                0x00000000080123bc                HAL_TIM_ConfigClockSource
 .text.HAL_TIM_OC_DelayElapsedCallback
                0x0000000008012538        0x4 libDaisy/build/libdaisy.a(stm32h7xx_hal_tim.o)
                0x0000000008012538                HAL_TIM_OC_DelayElapsedCallback
 .text.HAL_TIM_IC_CaptureCallback
                0x000000000801253c        0x4 libDaisy/build/libdaisy.a(stm32h7xx_hal_tim.o)
                0x000000000801253c                HAL_TIM_IC_CaptureCallback
 .text.HAL_TIM_PWM_PulseFinishedCallback
                0x0000000008012540        0x4 libDaisy/build/libdaisy.a(stm32h7xx_hal_tim.o)
                0x0000000008012540                HAL_TIM_PWM_PulseFinishedCallback
 .text.HAL_TIM_TriggerCallback
                0x0000000008012544        0x4 libDaisy/build/libdaisy.a(stm32h7xx_hal_tim.o)
                0x0000000008012544                HAL_TIM_TriggerCallback
 .text.HAL_TIM_IRQHandler
                0x0000000008012548      0x170 libDaisy/build/libdaisy.a(stm32h7xx_hal_tim.o)
                0x0000000008012548                HAL_TIM_IRQHandler
 .text.HAL_TIMEx_MasterConfigSynchronization
                0x00000000080126b8       0x64 libDaisy/build/libdaisy.a(stm32h7xx_hal_tim_ex.o)
                0x00000000080126b8                HAL_TIMEx_MasterConfigSynchronization
 .text.HAL_TIMEx_CommutCallback
                0x000000000801271c        0x4 libDaisy/build/libdaisy.a(stm32h7xx_hal_tim_ex.o)
                0x000000000801271c                HAL_TIMEx_CommutCallback
 .text.HAL_TIMEx_BreakCallback
                0x0000000008012720        0x4 libDaisy/build/libdaisy.a(stm32h7xx_hal_tim_ex.o)
                0x0000000008012720                HAL_TIMEx_BreakCallback
 .text.HAL_TIMEx_Break2Callback