Archive member included to satisfy reference by file (symbol)

libDaisy/build/libdaisy.a(daisy_seed.o)
                              build/fjol.o (daisy::DaisySeed::GetPin(unsigned char))
libDaisy/build/libdaisy.a(codec_ak4556.o)
                              libDaisy/build/libdaisy.a(daisy_seed.o) (daisy::Ak4556::Init(dsy_gpio_pin))
libDaisy/build/libdaisy.a(codec_wm8731.o)
                              libDaisy/build/libdaisy.a(daisy_seed.o) (daisy::Wm8731::Init(daisy::Wm8731::Config const&, daisy::I2CHandle))
libDaisy/build/libdaisy.a(sdram.o)
                              libDaisy/build/libdaisy.a(daisy_seed.o) (SdramHandle::Init())
libDaisy/build/libdaisy.a(audio.o)
                              libDaisy/build/libdaisy.a(daisy_seed.o) (daisy::AudioHandle::Init(daisy::AudioHandle::Config const&, daisy::SaiHandle))
libDaisy/build/libdaisy.a(ctrl.o)
                              build/fjol.o (daisy::AnalogControl::Init(unsigned short*, float, bool, bool, float))
libDaisy/build/libdaisy.a(encoder.o)
                              build/fjol.o (daisy::Encoder::Init(dsy_gpio_pin, dsy_gpio_pin, dsy_gpio_pin, float))
libDaisy/build/libdaisy.a(parameter.o)
                              build/fjol.o (daisy::Parameter::Init(daisy::AnalogControl, float, float, daisy::Parameter::Curve))
libDaisy/build/libdaisy.a(switch.o)
                              build/fjol.o (daisy::Switch::Init(dsy_gpio_pin, float))
libDaisy/build/libdaisy.a(adc.o)
                              build/fjol.o (daisy::AdcChannelConfig::InitSingle(dsy_gpio_pin))
libDaisy/build/libdaisy.a(gpio.o)
                              libDaisy/build/libdaisy.a(daisy_seed.o) (dsy_gpio_init)
libDaisy/build/libdaisy.a(i2c.o)
                              build/fjol.o (daisy::I2CHandle::Init(daisy::I2CHandle::Config const&))
libDaisy/build/libdaisy.a(qspi.o)
                              libDaisy/build/libdaisy.a(daisy_seed.o) (daisy::QSPIHandle::Init(daisy::QSPIHandle::Config const&))
libDaisy/build/libdaisy.a(sai.o)
                              libDaisy/build/libdaisy.a(daisy_seed.o) (daisy::SaiHandle::Init(daisy::SaiHandle::Config const&))
libDaisy/build/libdaisy.a(uart.o)
                              build/fjol.o (daisy::UartHandler::Init(daisy::UartHandler::Config const&))
libDaisy/build/libdaisy.a(system.o)
                              libDaisy/build/libdaisy.a(daisy_seed.o) (daisy::System::DeInit())
libDaisy/build/libdaisy.a(system_stm32h7xx.o)
                              build/startup_stm32h750xx.o (SystemInit)
libDaisy/build/libdaisy.a(usbd_conf.o)
                              libDaisy/build/libdaisy.a(system.o) (hpcd_USB_OTG_HS)
libDaisy/build/libdaisy.a(usbh_conf.o)
                              libDaisy/build/libdaisy.a(system.o) (hhcd_USB_OTG_HS)
libDaisy/build/libdaisy.a(hal_map.o)
                              libDaisy/build/libdaisy.a(gpio.o) (dsy_hal_map_get_port)
libDaisy/build/libdaisy.a(stm32h7xx_hal.o)
                              libDaisy/build/libdaisy.a(system.o) (HAL_Init)
libDaisy/build/libdaisy.a(stm32h7xx_hal_adc.o)
                              libDaisy/build/libdaisy.a(adc.o) (HAL_ADC_ConfigChannel)
libDaisy/build/libdaisy.a(stm32h7xx_hal_adc_ex.o)
                              libDaisy/build/libdaisy.a(adc.o) (HAL_ADCEx_Calibration_Start)
libDaisy/build/libdaisy.a(stm32h7xx_hal_cortex.o)
                              libDaisy/build/libdaisy.a(stm32h7xx_hal.o) (HAL_NVIC_SetPriorityGrouping)
libDaisy/build/libdaisy.a(stm32h7xx_hal_dma.o)
                              libDaisy/build/libdaisy.a(adc.o) (HAL_DMA_Init)
libDaisy/build/libdaisy.a(stm32h7xx_hal_gpio.o)
                              libDaisy/build/libdaisy.a(sdram.o) (HAL_GPIO_Init)
libDaisy/build/libdaisy.a(stm32h7xx_hal_hcd.o)
                              libDaisy/build/libdaisy.a(usbh_conf.o) (HAL_HCD_HC_Init)
libDaisy/build/libdaisy.a(stm32h7xx_hal_i2c.o)
                              libDaisy/build/libdaisy.a(i2c.o) (HAL_I2C_Init)
libDaisy/build/libdaisy.a(stm32h7xx_hal_i2c_ex.o)
                              libDaisy/build/libdaisy.a(i2c.o) (HAL_I2CEx_ConfigAnalogFilter)
libDaisy/build/libdaisy.a(stm32h7xx_hal_pcd.o)
                              libDaisy/build/libdaisy.a(usbd_conf.o) (HAL_PCD_Init)
libDaisy/build/libdaisy.a(stm32h7xx_hal_pcd_ex.o)
                              libDaisy/build/libdaisy.a(usbd_conf.o) (HAL_PCDEx_SetTxFiFo)
libDaisy/build/libdaisy.a(stm32h7xx_hal_pwr_ex.o)
                              libDaisy/build/libdaisy.a(system.o) (HAL_PWREx_ConfigSupply)
libDaisy/build/libdaisy.a(stm32h7xx_hal_qspi.o)
                              libDaisy/build/libdaisy.a(qspi.o) (HAL_QSPI_Init)
libDaisy/build/libdaisy.a(stm32h7xx_hal_rcc.o)
                              libDaisy/build/libdaisy.a(system.o) (HAL_RCC_OscConfig)
libDaisy/build/libdaisy.a(stm32h7xx_hal_rcc_ex.o)
                              libDaisy/build/libdaisy.a(system.o) (HAL_RCCEx_PeriphCLKConfig)
libDaisy/build/libdaisy.a(stm32h7xx_hal_sai.o)
[...]
Memory Configuration

Name             Origin             Length             Attributes
FLASH            0x0000000008000000 0x0000000000020000 xr
DTCMRAM          0x0000000020000000 0x0000000000020000 xrw
SRAM             0x0000000024000000 0x0000000000080000 xrw
RAM_D2           0x0000000030000000 0x0000000000048000 xrw
RAM_D3           0x0000000038000000 0x0000000000010000 xrw
ITCMRAM          0x0000000000000000 0x0000000000010000 xrw
SDRAM            0x00000000c0000000 0x0000000004000000 xrw
QSPIFLASH        0x0000000090000000 0x0000000000800000 xr
*default*        0x0000000000000000 0xffffffffffffffff

Linker script and memory map

LOAD /home/hallmar/Developer/gcc-arm-none-eabi-10.3-2021.10/bin/../lib/gcc/arm-none-eabi/10.3.1/thumb/v7e-m+dp/hard/crti.o
LOAD /home/hallmar/Developer/gcc-arm-none-eabi-10.3-2021.10/bin/../lib/gcc/arm-none-eabi/10.3.1/thumb/v7e-m+dp/hard/crtbegin.o
LOAD /home/hallmar/Developer/gcc-arm-none-eabi-10.3-2021.10/bin/../lib/gcc/arm-none-eabi/10.3.1/../../../../arm-none-eabi/lib/thumb/v7e-m+dp/hard/crt0.o
LOAD build/startup_stm32h750xx.o
LOAD build/fjol.o
LOAD build/variables.o
LOAD build/midi.o
LOAD build/calibrate.o
LOAD libDaisy/build/libdaisy.a
LOAD /home/hallmar/Developer/gcc-arm-none-eabi-10.3-2021.10/bin/../lib/gcc/arm-none-eabi/10.3.1/../../../../arm-none-eabi/lib/thumb/v7e-m+dp/hard/libnosys.a
LOAD DaisySP/build/libdaisysp.a
LOAD /home/hallmar/Developer/gcc-arm-none-eabi-10.3-2021.10/bin/../lib/gcc/arm-none-eabi/10.3.1/../../../../arm-none-eabi/lib/thumb/v7e-m+dp/hard/libstdc++_nano.a
LOAD /home/hallmar/Developer/gcc-arm-none-eabi-10.3-2021.10/bin/../lib/gcc/arm-none-eabi/10.3.1/../../../../arm-none-eabi/lib/thumb/v7e-m+dp/hard/libm.a
LOAD /home/hallmar/Developer/gcc-arm-none-eabi-10.3-2021.10/bin/../lib/gcc/arm-none-eabi/10.3.1/../../../../arm-none-eabi/lib/thumb/v7e-m+dp/hard/libc_nano.a
START GROUP
LOAD /home/hallmar/Developer/gcc-arm-none-eabi-10.3-2021.10/bin/../lib/gcc/arm-none-eabi/10.3.1/thumb/v7e-m+dp/hard/libgcc.a
LOAD /home/hallmar/Developer/gcc-arm-none-eabi-10.3-2021.10/bin/../lib/gcc/arm-none-eabi/10.3.1/../../../../arm-none-eabi/lib/thumb/v7e-m+dp/hard/libc_nano.a
END GROUP
START GROUP
LOAD /home/hallmar/Developer/gcc-arm-none-eabi-10.3-2021.10/bin/../lib/gcc/arm-none-eabi/10.3.1/thumb/v7e-m+dp/hard/libgcc.a
LOAD /home/hallmar/Developer/gcc-arm-none-eabi-10.3-2021.10/bin/../lib/gcc/arm-none-eabi/10.3.1/../../../../arm-none-eabi/lib/thumb/v7e-m+dp/hard/libc_nano.a
LOAD /home/hallmar/Developer/gcc-arm-none-eabi-10.3-2021.10/bin/../lib/gcc/arm-none-eabi/10.3.1/../../../../arm-none-eabi/lib/thumb/v7e-m+dp/hard/libnosys.a
END GROUP
START GROUP
LOAD /home/hallmar/Developer/gcc-arm-none-eabi-10.3-2021.10/bin/../lib/gcc/arm-none-eabi/10.3.1/thumb/v7e-m+dp/hard/libgcc.a
LOAD /home/hallmar/Developer/gcc-arm-none-eabi-10.3-2021.10/bin/../lib/gcc/arm-none-eabi/10.3.1/../../../../arm-none-eabi/lib/thumb/v7e-m+dp/hard/libc_nano.a
LOAD /home/hallmar/Developer/gcc-arm-none-eabi-10.3-2021.10/bin/../lib/gcc/arm-none-eabi/10.3.1/../../../../arm-none-eabi/lib/thumb/v7e-m+dp/hard/libnosys.a
END GROUP
LOAD /home/hallmar/Developer/gcc-arm-none-eabi-10.3-2021.10/bin/../lib/gcc/arm-none-eabi/10.3.1/thumb/v7e-m+dp/hard/crtend.o
LOAD /home/hallmar/Developer/gcc-arm-none-eabi-10.3-2021.10/bin/../lib/gcc/arm-none-eabi/10.3.1/thumb/v7e-m+dp/hard/crtn.o
                0x0000000020020000                _estack = 0x20020000

.isr_vector     0x0000000008000000      0x298
                0x0000000008000000                . = ALIGN (0x4)
 *(.isr_vector)
 .isr_vector    0x0000000008000000      0x298 build/startup_stm32h750xx.o
                0x0000000008000000                g_pfnVectors
                0x0000000008000298                . = ALIGN (0x4)

.text           0x0000000008000298    0x13970
                0x0000000008000298                . = ALIGN (0x4)
                0x0000000008000298                _stext = .
 *(.text)
 .text          0x0000000008000298       0x40 /home/hallmar/Developer/gcc-arm-none-eabi-10.3-2021.10/bin/../lib/gcc/arm-none-eabi/10.3.1/thumb/v7e-m+dp/hard/crtbegin.o
 .text          0x00000000080002d8      0x378 /home/hallmar/Developer/gcc-arm-none-eabi-10.3-2021.10/bin/../lib/gcc/arm-none-eabi/10.3.1/thumb/v7e-m+dp/hard/libgcc.a(_arm_addsubdf3.o)
                0x00000000080002d8                __aeabi_drsub
                0x00000000080002e0                __aeabi_dsub
                0x00000000080002e0                __subdf3
                0x00000000080002e4                __adddf3
                0x00000000080002e4                __aeabi_dadd
                0x000000000800055c                __aeabi_ui2d
                0x000000000800055c                __floatunsidf
                0x000000000800057c                __floatsidf
                0x000000000800057c                __aeabi_i2d
                0x00000000080005a0                __extendsfdf2
                0x00000000080005a0                __aeabi_f2d
                0x00000000080005e4                __aeabi_ul2d
                0x00000000080005e4                __floatundidf
                0x00000000080005f4                __floatdidf
                0x00000000080005f4                __aeabi_l2d
 .text          0x0000000008000650       0x30 /home/hallmar/Developer/gcc-arm-none-eabi-10.3-2021.10/bin/../lib/gcc/arm-none-eabi/10.3.1/thumb/v7e-m+dp/hard/libgcc.a(_aeabi_uldivmod.o)
                0x0000000008000650                __aeabi_uldivmod
 .text          0x0000000008000680      0x2d0 /home/hallmar/Developer/gcc-arm-none-eabi-10.3-2021.10/bin/../lib/gcc/arm-none-eabi/10.3.1/thumb/v7e-m+dp/hard/libgcc.a(_udivmoddi4.o)
                0x0000000008000680                __udivmoddi4
 .text          0x0000000008000950        0x4 /home/hallmar/Developer/gcc-arm-none-eabi-10.3-2021.10/bin/../lib/gcc/arm-none-eabi/10.3.1/thumb/v7e-m+dp/hard/libgcc.a(_dvmd_tls.o)
                0x0000000008000950                __aeabi_ldiv0
                0x0000000008000950                __aeabi_idiv0
 *(.text*)
 .text.Default_Handler
                0x0000000008000954        0x4 build/startup_stm32h750xx.o
                0x0000000008000954                RTC_Alarm_IRQHandler
                0x0000000008000954                HASH_RNG_IRQHandler
                0x0000000008000954                EXTI2_IRQHandler
                0x0000000008000954                TIM8_CC_IRQHandler
                0x0000000008000954                HRTIM1_Master_IRQHandler
                0x0000000008000954                DebugMon_Handler
                0x0000000008000954                TIM1_CC_IRQHandler
                0x0000000008000954                BDMA_Channel6_IRQHandler
                0x0000000008000954                DMA2_Stream5_IRQHandler
                0x0000000008000954                HRTIM1_FLT_IRQHandler
                0x0000000008000954                JPEG_IRQHandler
                0x0000000008000954                BDMA_Channel1_IRQHandler
                0x0000000008000954                HRTIM1_TIMD_IRQHandler
                0x0000000008000954                TAMP_STAMP_IRQHandler
                0x0000000008000954                PendSV_Handler
                0x0000000008000954                NMI_Handler
                0x0000000008000954                EXTI3_IRQHandler
                0x0000000008000954                LPTIM4_IRQHandler
                0x0000000008000954                TIM8_TRG_COM_TIM14_IRQHandler
                0x0000000008000954                LPTIM2_IRQHandler
                0x0000000008000954                DFSDM1_FLT1_IRQHandler
                0x0000000008000954                DMAMUX2_OVR_IRQHandler
                0x0000000008000954                TIM8_UP_TIM13_IRQHandler
                0x0000000008000954                I2C3_ER_IRQHandler
                0x0000000008000954                DFSDM1_FLT2_IRQHandler
                0x0000000008000954                MDMA_IRQHandler
                0x0000000008000954                LPTIM3_IRQHandler
                0x0000000008000954                HSEM1_IRQHandler
                0x0000000008000954                EXTI0_IRQHandler
                0x0000000008000954                FPU_IRQHandler
                0x0000000008000954                OTG_HS_WKUP_IRQHandler
                0x0000000008000954                FDCAN1_IT1_IRQHandler
                0x0000000008000954                UsageFault_Handler
                0x0000000008000954                LTDC_ER_IRQHandler
                0x0000000008000954                HRTIM1_TIME_IRQHandler
                0x0000000008000954                TIM6_DAC_IRQHandler
                0x0000000008000954                DCMI_IRQHandler
                0x0000000008000954                HRTIM1_TIMC_IRQHandler
                0x0000000008000954                SAI2_IRQHandler
                0x0000000008000954                DFSDM1_FLT3_IRQHandler
                0x0000000008000954                TIM17_IRQHandler
                0x0000000008000954                CRYP_IRQHandler
                0x0000000008000954                BDMA_Channel7_IRQHandler
                0x0000000008000954                LPTIM5_IRQHandler
                0x0000000008000954                ADC3_IRQHandler
                0x0000000008000954                DMA2_Stream0_IRQHandler
                0x0000000008000954                BDMA_Channel2_IRQHandler
                0x0000000008000954                DMAMUX1_OVR_IRQHandler
                0x0000000008000954                TIM16_IRQHandler
                0x0000000008000954                BDMA_Channel5_IRQHandler
                0x0000000008000954                RCC_IRQHandler
                0x0000000008000954                TIM8_BRK_TIM12_IRQHandler
                0x0000000008000954                TIM1_TRG_COM_IRQHandler
                0x0000000008000954                Default_Handler
                0x0000000008000954                ECC_IRQHandler
                0x0000000008000954                CEC_IRQHandler
                0x0000000008000954                EXTI15_10_IRQHandler
                0x0000000008000954                BDMA_Channel0_IRQHandler
                0x0000000008000954                ADC_IRQHandler
                0x0000000008000954                DMA1_Stream7_IRQHandler
                0x0000000008000954                HRTIM1_TIMA_IRQHandler
                0x0000000008000954                TIM7_IRQHandler
                0x0000000008000954                SDMMC1_IRQHandler
                0x0000000008000954                DMA2_Stream7_IRQHandler
                0x0000000008000954                TIM15_IRQHandler
                0x0000000008000954                PVD_AVD_IRQHandler
                0x0000000008000954                EXTI9_5_IRQHandler
                0x0000000008000954                RTC_WKUP_IRQHandler
                0x0000000008000954                LTDC_IRQHandler
                0x0000000008000954                SAI3_IRQHandler
                0x0000000008000954                ETH_WKUP_IRQHandler
                0x0000000008000954                SPDIF_RX_IRQHandler
                0x0000000008000954                MemManage_Handler
                0x0000000008000954                SVC_Handler
                0x0000000008000954                CRS_IRQHandler
                0x0000000008000954                EXTI4_IRQHandler
                0x0000000008000954                HRTIM1_TIMB_IRQHandler
                0x0000000008000954                FDCAN2_IT1_IRQHandler
                0x0000000008000954                ETH_IRQHandler
                0x0000000008000954                TIM1_UP_IRQHandler
                0x0000000008000954                BDMA_Channel4_IRQHandler
                0x0000000008000954                WWDG_IRQHandler
                0x0000000008000954                SPI6_IRQHandler
                0x0000000008000954                I2C4_EV_IRQHandler
                0x0000000008000954                MDIOS_IRQHandler
                0x0000000008000954                FDCAN2_IT0_IRQHandler
                0x0000000008000954                FDCAN1_IT0_IRQHandler
                0x0000000008000954                OTG_FS_WKUP_IRQHandler
                0x0000000008000954                DMA2D_IRQHandler
                0x0000000008000954                TIM1_BRK_IRQHandler
                0x0000000008000954                EXTI1_IRQHandler
                0x0000000008000954                SDMMC2_IRQHandler
                0x0000000008000954                OTG_FS_EP1_OUT_IRQHandler
                0x0000000008000954                BDMA_Channel3_IRQHandler
                0x0000000008000954                MDIOS_WKUP_IRQHandler
                0x0000000008000954                DFSDM1_FLT0_IRQHandler
                0x0000000008000954                SAI4_IRQHandler
                0x0000000008000954                I2C2_ER_IRQHandler
                0x0000000008000954                DMA2_Stream1_IRQHandler
                0x0000000008000954                FLASH_IRQHandler
                0x0000000008000954                BusFault_Handler
                0x0000000008000954                OTG_FS_IRQHandler
                0x0000000008000954                WAKEUP_PIN_IRQHandler
                0x0000000008000954                OTG_FS_EP1_IN_IRQHandler
                0x0000000008000954                I2C1_ER_IRQHandler
                0x0000000008000954                FMC_IRQHandler
                0x0000000008000954                FDCAN_CAL_IRQHandler
                0x0000000008000954                SWPMI1_IRQHandler
                0x0000000008000954                COMP1_IRQHandler
                0x0000000008000954                LPTIM1_IRQHandler
                0x0000000008000954                I2C4_ER_IRQHandler
                0x0000000008000954                DMA2_Stream6_IRQHandler
                0x0000000008000954                SAI1_IRQHandler
 .text.Reset_Handler
                0x0000000008000958       0x44 build/startup_stm32h750xx.o
                0x0000000008000958                Reset_Handler
 .text._ZN5daisy6SwitchD2Ev
                0x000000000800099c        0x4 build/fjol.o
                0x000000000800099c                daisy::Switch::~Switch()
                0x000000000800099c                daisy::Switch::~Switch()
 .text._ZN5daisy9DaisySeedD2Ev
                0x00000000080009a0        0x4 build/fjol.o
                0x00000000080009a0                daisy::DaisySeed::~DaisySeed()
                0x00000000080009a0                daisy::DaisySeed::~DaisySeed()
 .text.__tcf_0  0x00000000080009a4        0x4 build/fjol.o
 .text._ZN7ADStrucD2Ev
                0x00000000080009a8        0x4 build/fjol.o
                0x00000000080009a8                ADStruc::~ADStruc()
                0x00000000080009a8                ADStruc::~ADStruc()
 .text._ZN5daisy11MidiHandlerINS_17MidiUartTransportEED2Ev
                0x00000000080009ac        0x4 build/fjol.o
                0x00000000080009ac                daisy::MidiHandler<daisy::MidiUartTransport>::~MidiHandler()
                0x00000000080009ac                daisy::MidiHandler<daisy::MidiUartTransport>::~MidiHandler()
 .text._ZL13AudioCallbackPKfPfj
                0x00000000080009b0      0x158 build/fjol.o
 .text.__tcf_6  0x0000000008000b08        0x4 build/fjol.o
 .text.__tcf_7  0x0000000008000b0c        0x4 build/fjol.o
 .text.__tcf_1  0x0000000008000b10        0x4 build/fjol.o
 .text.__tcf_2  0x0000000008000b14        0x4 build/fjol.o
 .text.__tcf_3  0x0000000008000b18        0x4 build/fjol.o
 .text.__tcf_4  0x0000000008000b1c        0x4 build/fjol.o
 .text.__tcf_5  0x0000000008000b20        0x4 build/fjol.o
 *fill*         0x0000000008000b24        0x4 
 .text._Z12updatespreadv
                0x0000000008000b28      0x1e4 build/fjol.o
                0x0000000008000b28                updatespread()
 .text._Z16getorsetsettingsb
                0x0000000008000d0c       0x68 build/fjol.o
                0x0000000008000d0c                getorsetsettings(bool)
 .text._Z13update_paramsiff
                0x0000000008000d74       0xb4 build/fjol.o
                0x0000000008000d74                update_params(int, float, float)
 .text._Z16select_algorithmv
                0x0000000008000e28       0x80 build/fjol.o
                0x0000000008000e28                select_algorithm()
 .text._Z9updateadcv
                0x0000000008000ea8       0xb0 build/fjol.o
                0x0000000008000ea8                updateadc()
 .text._Z14updateSwitchesv
                0x0000000008000f58      0x16c build/fjol.o
                0x0000000008000f58                updateSwitches()
 .text._Z14updatecontrolsv
                0x00000000080010c4       0x68 build/fjol.o
                0x00000000080010c4                updatecontrols()
 .text._Z15initializeaudiov
                0x000000000800112c      0x1a0 build/fjol.o
                0x000000000800112c                initializeaudio()
 .text._Z13initializeadcv
                0x00000000080012cc       0xcc build/fjol.o
                0x00000000080012cc                initializeadc()
 .text._Z18initializecontrolsv
                0x0000000008001398      0x2d4 build/fjol.o
                0x0000000008001398                initializecontrols()
 .text._Z12startPCA9622v
                0x000000000800166c       0x7c build/fjol.o
                0x000000000800166c                startPCA9622()
 .text._ZN5daisy11MidiHandlerINS_17MidiUartTransportEE5ParseEh
                0x00000000080016e8      0x2c0 build/fjol.o
                0x00000000080016e8                daisy::MidiHandler<daisy::MidiUartTransport>::Parse(unsigned char)
 .text.startup.main
                0x00000000080019a8      0x240 build/fjol.o
                0x00000000080019a8                main
 .text.startup._GLOBAL__sub_I_i2c
                0x0000000008001be8      0x1ac build/fjol.o
 .text.startup._GLOBAL__sub_I_calibration_val
                0x0000000008001d94       0x38 build/variables.o
 .text._Z17HandleMidiMessageN5daisy9MidiEventE
                0x0000000008001dcc       0x2c build/midi.o
                0x0000000008001dcc                HandleMidiMessage(daisy::MidiEvent)
 .text._Z9calibratev
                0x0000000008001df8        0x4 build/calibrate.o
                0x0000000008001df8                calibrate()
 .text._ZN5daisy9DaisySeed6GetPinEh
                0x0000000008001dfc       0x2c libDaisy/build/libdaisy.a(daisy_seed.o)
                0x0000000008001dfc                daisy::DaisySeed::GetPin(unsigned char)
 .text._ZN5daisy9DaisySeed10StartAudioEPFvPKfPfjE
                0x0000000008001e28        0x8 libDaisy/build/libdaisy.a(daisy_seed.o)
                0x0000000008001e28                daisy::DaisySeed::StartAudio(void (*)(float const*, float*, unsigned int))
 .text._ZN5daisy9DaisySeed15AudioSampleRateEv
                0x0000000008001e30        0x8 libDaisy/build/libdaisy.a(daisy_seed.o)
                0x0000000008001e30                daisy::DaisySeed::AudioSampleRate()
 .text._ZN5daisy9DaisySeed17SetAudioBlockSizeEj
                0x0000000008001e38       0x38 libDaisy/build/libdaisy.a(daisy_seed.o)
                0x0000000008001e38                daisy::DaisySeed::SetAudioBlockSize(unsigned int)
 .text._ZNK5daisy9DaisySeed17AudioCallbackRateEv
                0x0000000008001e70        0x8 libDaisy/build/libdaisy.a(daisy_seed.o)
                0x0000000008001e70                daisy::DaisySeed::AudioCallbackRate() const
 .text._ZN5daisy9DaisySeed14ConfigureAudioEv
                0x0000000008001e78       0xd0 libDaisy/build/libdaisy.a(daisy_seed.o)
                0x0000000008001e78                daisy::DaisySeed::ConfigureAudio()
 .text._ZN5daisy9DaisySeed4InitEb
                0x0000000008001f48       0xf0 libDaisy/build/libdaisy.a(daisy_seed.o)
                0x0000000008001f48                daisy::DaisySeed::Init(bool)
 .text._ZN5daisy6Ak45564InitE12dsy_gpio_pin
                0x0000000008002038       0x44 libDaisy/build/libdaisy.a(codec_ak4556.o)
                0x0000000008002038                daisy::Ak4556::Init(dsy_gpio_pin)
 .text._ZN5daisy6Wm873120WriteControlRegisterEht
                0x000000000800207c       0x3c libDaisy/build/libdaisy.a(codec_wm8731.o)
                0x000000000800207c                daisy::Wm8731::WriteControlRegister(unsigned char, unsigned short)
 .text._ZN5daisy6Wm87314InitERKNS0_6ConfigENS_9I2CHandleE
                0x00000000080020b8      0x1bc libDaisy/build/libdaisy.a(codec_wm8731.o)
                0x00000000080020b8                daisy::Wm8731::Init(daisy::Wm8731::Config const&, daisy::I2CHandle)
 .text._ZN11SdramHandle10DeviceInitEv
                0x0000000008002274       0x98 libDaisy/build/libdaisy.a(sdram.o)
                0x0000000008002274                SdramHandle::DeviceInit()
 .text._ZN11SdramHandle4InitEv
                0x000000000800230c       0x7c libDaisy/build/libdaisy.a(sdram.o)
                0x000000000800230c                SdramHandle::Init()
 .text.HAL_SDRAM_MspInit
                0x0000000008002388      0x1a8 libDaisy/build/libdaisy.a(sdram.o)
                0x0000000008002388                HAL_SDRAM_MspInit
 .text._ZN5daisy11AudioHandle4Impl16InternalCallbackEPlS2_j
                0x0000000008002530      0xbbc libDaisy/build/libdaisy.a(audio.o)
                0x0000000008002530                daisy::AudioHandle::Impl::InternalCallback(long*, long*, unsigned int)
 .text._ZN5daisy11AudioHandle4InitERKNS0_6ConfigENS_9SaiHandleE
                0x00000000080030ec       0x70 libDaisy/build/libdaisy.a(audio.o)
                0x00000000080030ec                daisy::AudioHandle::Init(daisy::AudioHandle::Config const&, daisy::SaiHandle)
 .text._ZNK5daisy11AudioHandle9GetConfigEv
                0x000000000800315c        0x8 libDaisy/build/libdaisy.a(audio.o)
                0x000000000800315c                daisy::AudioHandle::GetConfig() const
 .text._ZN5daisy11AudioHandle12SetBlockSizeEj
                0x0000000008003164       0x1c libDaisy/build/libdaisy.a(audio.o)
                0x0000000008003164                daisy::AudioHandle::SetBlockSize(unsigned int)
 .text._ZN5daisy11AudioHandle13GetSampleRateEv
                0x0000000008003180        0x8 libDaisy/build/libdaisy.a(audio.o)
                0x0000000008003180                daisy::AudioHandle::GetSampleRate()
 .text._ZN5daisy11AudioHandle5StartEPFvPKfPfjE
                0x0000000008003188       0x2c libDaisy/build/libdaisy.a(audio.o)
                0x0000000008003188                daisy::AudioHandle::Start(void (*)(float const*, float*, unsigned int))
 .text.startup._GLOBAL__sub_I__ZN5daisy11AudioHandle4Impl4InitENS0_6ConfigENS_9SaiHandleE
                0x00000000080031b4       0x24 libDaisy/build/libdaisy.a(audio.o)
 .text._ZN5daisy13AnalogControl4InitEPtfbbf
                0x00000000080031d8       0x64 libDaisy/build/libdaisy.a(ctrl.o)
                0x00000000080031d8                daisy::AnalogControl::Init(unsigned short*, float, bool, bool, float)
 .text._ZN5daisy13AnalogControl7ProcessEv
                0x000000000800323c       0x48 libDaisy/build/libdaisy.a(ctrl.o)
                0x000000000800323c                daisy::AnalogControl::Process()
 .text._ZN5daisy7Encoder4InitE12dsy_gpio_pinS1_S1_f
                0x0000000008003284       0x60 libDaisy/build/libdaisy.a(encoder.o)
                0x0000000008003284                daisy::Encoder::Init(dsy_gpio_pin, dsy_gpio_pin, dsy_gpio_pin, float)
 .text._ZN5daisy7Encoder8DebounceEv
                0x00000000080032e4       0x7c libDaisy/build/libdaisy.a(encoder.o)
                0x00000000080032e4                daisy::Encoder::Debounce()
 .text._ZN5daisy9Parameter4InitENS_13AnalogControlEffNS0_5CurveE
                0x0000000008003360       0x60 libDaisy/build/libdaisy.a(parameter.o)
                0x0000000008003360                daisy::Parameter::Init(daisy::AnalogControl, float, float, daisy::Parameter::Curve)
 .text._ZN5daisy9Parameter7ProcessEv
                0x00000000080033c0       0xac libDaisy/build/libdaisy.a(parameter.o)
                0x00000000080033c0                daisy::Parameter::Process()
 .text._ZN5daisy6Switch4InitE12dsy_gpio_pinf
                0x000000000800346c       0x34 libDaisy/build/libdaisy.a(switch.o)
                0x000000000800346c                daisy::Switch::Init(dsy_gpio_pin, float)
 .text._ZN5daisy6Switch8DebounceEv
                0x00000000080034a0       0x5c libDaisy/build/libdaisy.a(switch.o)
                0x00000000080034a0                daisy::Switch::Debounce()
 .text._ZN5daisy16AdcChannelConfig10InitSingleE12dsy_gpio_pin
                0x00000000080034fc       0x1c libDaisy/build/libdaisy.a(adc.o)
                0x00000000080034fc                daisy::AdcChannelConfig::InitSingle(dsy_gpio_pin)
 .text._ZN5daisy16AdcChannelConfig7InitMuxE12dsy_gpio_pinjS1_S1_S1_
                0x0000000008003518       0x5c libDaisy/build/libdaisy.a(adc.o)
                0x0000000008003518                daisy::AdcChannelConfig::InitMux(dsy_gpio_pin, unsigned int, dsy_gpio_pin, dsy_gpio_pin, dsy_gpio_pin)
 .text._ZN5daisy9AdcHandle4InitEPNS_16AdcChannelConfigEjNS0_12OverSamplingE
                0x0000000008003574      0x3c8 libDaisy/build/libdaisy.a(adc.o)
                0x0000000008003574                daisy::AdcHandle::Init(daisy::AdcChannelConfig*, unsigned int, daisy::AdcHandle::OverSampling)
 .text._ZNK5daisy9AdcHandle6GetPtrEh
                0x000000000800393c       0x14 libDaisy/build/libdaisy.a(adc.o)
                0x000000000800393c                daisy::AdcHandle::GetPtr(unsigned char) const
 .text._ZNK5daisy9AdcHandle9GetMuxPtrEhh
                0x0000000008003950       0x18 libDaisy/build/libdaisy.a(adc.o)
                0x0000000008003950                daisy::AdcHandle::GetMuxPtr(unsigned char, unsigned char) const
 .text.HAL_ADC_MspInit
                0x0000000008003968       0x98 libDaisy/build/libdaisy.a(adc.o)
                0x0000000008003968                HAL_ADC_MspInit
 .text.DMA1_Stream2_IRQHandler
                0x0000000008003a00        0xc libDaisy/build/libdaisy.a(adc.o)
                0x0000000008003a00                DMA1_Stream2_IRQHandler
 .text.dsy_gpio_init
                0x0000000008003a0c      0x1b8 libDaisy/build/libdaisy.a(gpio.o)
                0x0000000008003a0c                dsy_gpio_init
 .text.dsy_gpio_read
                0x0000000008003bc4       0x1c libDaisy/build/libdaisy.a(gpio.o)
                0x0000000008003bc4                dsy_gpio_read
 .text.dsy_gpio_write
                0x0000000008003be0       0x24 libDaisy/build/libdaisy.a(gpio.o)
                0x0000000008003be0                dsy_gpio_write
 .text._ZN5daisy9I2CHandle4Impl8InitPinsEv
                0x0000000008003c04       0x58 libDaisy/build/libdaisy.a(i2c.o)
                0x0000000008003c04                daisy::I2CHandle::Impl::InitPins()
 .text.HAL_I2C_MspInit
                0x0000000008003c5c      0x1b4 libDaisy/build/libdaisy.a(i2c.o)
                0x0000000008003c5c                HAL_I2C_MspInit
 .text.dsy_i2c_global_init
                0x0000000008003e10       0x78 libDaisy/build/libdaisy.a(i2c.o)
                0x0000000008003e10                dsy_i2c_global_init
 .text.DMA1_Stream6_IRQHandler
                0x0000000008003e88       0x34 libDaisy/build/libdaisy.a(i2c.o)
                0x0000000008003e88                DMA1_Stream6_IRQHandler
 .text.I2C1_EV_IRQHandler
                0x0000000008003ebc        0xc libDaisy/build/libdaisy.a(i2c.o)
                0x0000000008003ebc                I2C1_EV_IRQHandler
 .text.I2C2_EV_IRQHandler
                0x0000000008003ec8        0xc libDaisy/build/libdaisy.a(i2c.o)
                0x0000000008003ec8                I2C2_EV_IRQHandler
 .text.I2C3_EV_IRQHandler
                0x0000000008003ed4        0xc libDaisy/build/libdaisy.a(i2c.o)
                0x0000000008003ed4                I2C3_EV_IRQHandler
 .text._ZN5daisy9I2CHandle4InitERKNS0_6ConfigE
                0x0000000008003ee0      0x12c libDaisy/build/libdaisy.a(i2c.o)
                0x0000000008003ee0                daisy::I2CHandle::Init(daisy::I2CHandle::Config const&)
 .text._ZN5daisy9I2CHandle16TransmitBlockingEtPhtm
                0x000000000800400c       0x50 libDaisy/build/libdaisy.a(i2c.o)
                0x000000000800400c                daisy::I2CHandle::TransmitBlocking(unsigned short, unsigned char*, unsigned short, unsigned long)
 .text._ZN5daisy9I2CHandle18WriteDataAtAddressEtttPhtm
                0x000000000800405c       0x4c libDaisy/build/libdaisy.a(i2c.o)
                0x000000000800405c                daisy::I2CHandle::WriteDataAtAddress(unsigned short, unsigned short, unsigned short, unsigned char*, unsigned short, unsigned long)
 .text.startup._GLOBAL__sub_I__ZN5daisy9I2CHandle4Impl10GlobalInitEv
                0x00000000080040a8       0x18 libDaisy/build/libdaisy.a(i2c.o)
 .text._ZN5daisy10QSPIHandle4Impl11WriteEnableEv
                0x00000000080040c0       0x8c libDaisy/build/libdaisy.a(qspi.o)
                0x00000000080040c0                daisy::QSPIHandle::Impl::WriteEnable()
 *fill*         0x000000000800414c        0x4 
 .text._ZN5daisy10QSPIHandle4Impl17DummyCyclesConfigENS0_6Config6DeviceE
                0x0000000008004150      0x118 libDaisy/build/libdaisy.a(qspi.o)
                0x0000000008004150                daisy::QSPIHandle::Impl::DummyCyclesConfig(daisy::QSPIHandle::Config::Device)
 .text._ZN5daisy10QSPIHandle4Impl10QuadEnableEv
                0x0000000008004268      0x158 libDaisy/build/libdaisy.a(qspi.o)
                0x0000000008004268                daisy::QSPIHandle::Impl::QuadEnable()
 .text._ZN5daisy10QSPIHandle4InitERKNS0_6ConfigE
                0x00000000080043c0      0x198 libDaisy/build/libdaisy.a(qspi.o)
                0x00000000080043c0                daisy::QSPIHandle::Init(daisy::QSPIHandle::Config const&)
 .text.HAL_QSPI_MspInit
                0x0000000008004558      0x11c libDaisy/build/libdaisy.a(qspi.o)
                0x0000000008004558                HAL_QSPI_MspInit
 .text.HAL_QSPI_MspDeInit
                0x0000000008004674       0x54 libDaisy/build/libdaisy.a(qspi.o)
                0x0000000008004674                HAL_QSPI_MspDeInit
 .text.QUADSPI_IRQHandler
                0x00000000080046c8        0xc libDaisy/build/libdaisy.a(qspi.o)
                0x00000000080046c8                QUADSPI_IRQHandler
 .text.startup._GLOBAL__sub_I__ZN5daisy10QSPIHandle4Impl4InitERKNS0_6ConfigE
                0x00000000080046d4       0x28 libDaisy/build/libdaisy.a(qspi.o)
 .text._ZN5daisy9SaiHandle4Impl7InitDmaENS1_15PeripheralBlockE
                0x00000000080046fc       0xa0 libDaisy/build/libdaisy.a(sai.o)
                0x00000000080046fc                daisy::SaiHandle::Impl::InitDma(daisy::SaiHandle::Impl::PeripheralBlock)
 .text._ZN5daisy9SaiHandle4Impl8InitPinsEv
                0x000000000800479c       0xa8 libDaisy/build/libdaisy.a(sai.o)
                0x000000000800479c                daisy::SaiHandle::Impl::InitPins()
 .text.HAL_SAI_MspInit
                0x0000000008004844      0x164 libDaisy/build/libdaisy.a(sai.o)
                0x0000000008004844                HAL_SAI_MspInit
 .text.DMA1_Stream0_IRQHandler
                0x00000000080049a8        0xc libDaisy/build/libdaisy.a(sai.o)
                0x00000000080049a8                DMA1_Stream0_IRQHandler
 .text.DMA1_Stream1_IRQHandler
                0x00000000080049b4        0xc libDaisy/build/libdaisy.a(sai.o)
                0x00000000080049b4                DMA1_Stream1_IRQHandler
 .text.DMA1_Stream3_IRQHandler
                0x00000000080049c0        0xc libDaisy/build/libdaisy.a(sai.o)
                0x00000000080049c0                DMA1_Stream3_IRQHandler
 .text.DMA1_Stream4_IRQHandler
                0x00000000080049cc        0xc libDaisy/build/libdaisy.a(sai.o)
                0x00000000080049cc                DMA1_Stream4_IRQHandler
 .text.HAL_SAI_RxHalfCpltCallback
                0x00000000080049d8       0x78 libDaisy/build/libdaisy.a(sai.o)
                0x00000000080049d8                HAL_SAI_RxHalfCpltCallback
 .text.HAL_SAI_RxCpltCallback
                0x0000000008004a50       0x70 libDaisy/build/libdaisy.a(sai.o)
                0x0000000008004a50                HAL_SAI_RxCpltCallback
 .text._ZN5daisy9SaiHandle4InitERKNS0_6ConfigE
                0x0000000008004ac0      0x1f0 libDaisy/build/libdaisy.a(sai.o)
                0x0000000008004ac0                daisy::SaiHandle::Init(daisy::SaiHandle::Config const&)
 .text._ZNK5daisy9SaiHandle9GetConfigEv
                0x0000000008004cb0        0x4 libDaisy/build/libdaisy.a(sai.o)
                0x0000000008004cb0                daisy::SaiHandle::GetConfig() const
 .text._ZN5daisy9SaiHandle8StartDmaEPlS1_jPFvS1_S1_jE
                0x0000000008004cb4       0xbc libDaisy/build/libdaisy.a(sai.o)
                0x0000000008004cb4                daisy::SaiHandle::StartDma(long*, long*, unsigned int, void (*)(long*, long*, unsigned int))
 .text._ZN5daisy9SaiHandle13GetSampleRateEv
                0x0000000008004d70       0x24 libDaisy/build/libdaisy.a(sai.o)
                0x0000000008004d70                daisy::SaiHandle::GetSampleRate()
 .text._ZNK5daisy9SaiHandle9GetOffsetEv
                0x0000000008004d94        0x8 libDaisy/build/libdaisy.a(sai.o)
                0x0000000008004d94                daisy::SaiHandle::GetOffset() const
 .text._ZN5daisy11UartHandler4Impl7InitDmaEbb
                0x0000000008004d9c      0x164 libDaisy/build/libdaisy.a(uart.o)
                0x0000000008004d9c                daisy::UartHandler::Impl::InitDma(bool, bool)
 .text._ZN5daisy11UartHandler4Impl10HandleFifoEv
                0x0000000008004f00       0xec libDaisy/build/libdaisy.a(uart.o)
                0x0000000008004f00                daisy::UartHandler::Impl::HandleFifo()
 .text._ZN5daisy11UartHandler4Impl10DmaReceiveEPhjPFvPvEPFvS3_NS0_6ResultEES3_.constprop.0
                0x0000000008004fec      0x108 libDaisy/build/libdaisy.a(uart.o)
 .text._ZN5daisy11UartHandler4Impl25DmaReceiveFifoEndCallbackEPvNS0_6ResultE
                0x00000000080050f4       0x2c libDaisy/build/libdaisy.a(uart.o)
                0x00000000080050f4                daisy::UartHandler::Impl::DmaReceiveFifoEndCallback(void*, daisy::UartHandler::Result)
 .text._ZN5daisy11UartHandler4Impl10StartDmaTxEPhjPFvPvEPFvS3_NS0_6ResultEES3_
                0x0000000008005120       0xcc libDaisy/build/libdaisy.a(uart.o)
                0x0000000008005120                daisy::UartHandler::Impl::StartDmaTx(unsigned char*, unsigned int, void (*)(void*), void (*)(void*, daisy::UartHandler::Result), void*)
 .text._ZN5daisy11UartHandler4Impl10StartDmaRxEPhjPFvPvEPFvS3_NS0_6ResultEES3_
                0x00000000080051ec       0xcc libDaisy/build/libdaisy.a(uart.o)
                0x00000000080051ec                daisy::UartHandler::Impl::StartDmaRx(unsigned char*, unsigned int, void (*)(void*), void (*)(void*, daisy::UartHandler::Result), void*)
 .text._ZN5daisy11UartHandler4Impl19DmaTransferFinishedEP20__UART_HandleTypeDefNS0_6ResultE
                0x00000000080052b8       0xc0 libDaisy/build/libdaisy.a(uart.o)
                0x00000000080052b8                daisy::UartHandler::Impl::DmaTransferFinished(__UART_HandleTypeDef*, daisy::UartHandler::Result)
 .text._ZN5daisy11UartHandler4Impl8InitPinsEv
                0x0000000008005378      0x150 libDaisy/build/libdaisy.a(uart.o)
                0x0000000008005378                daisy::UartHandler::Impl::InitPins()
 .text.HAL_UART_MspInit
                0x00000000080054c8      0x210 libDaisy/build/libdaisy.a(uart.o)
                0x00000000080054c8                HAL_UART_MspInit
 .text.dsy_uart_global_init
                0x00000000080056d8       0xfc libDaisy/build/libdaisy.a(uart.o)
                0x00000000080056d8                dsy_uart_global_init
 .text.USART1_IRQHandler
                0x00000000080057d4       0x30 libDaisy/build/libdaisy.a(uart.o)
                0x00000000080057d4                USART1_IRQHandler
 .text.USART2_IRQHandler
                0x0000000008005804       0x34 libDaisy/build/libdaisy.a(uart.o)
                0x0000000008005804                USART2_IRQHandler
 .text.USART3_IRQHandler
                0x0000000008005838       0x34 libDaisy/build/libdaisy.a(uart.o)
                0x0000000008005838                USART3_IRQHandler
 .text.UART4_IRQHandler
                0x000000000800586c       0x34 libDaisy/build/libdaisy.a(uart.o)
                0x000000000800586c                UART4_IRQHandler
 .text.UART5_IRQHandler
                0x00000000080058a0       0x34 libDaisy/build/libdaisy.a(uart.o)
                0x00000000080058a0                UART5_IRQHandler
 .text.USART6_IRQHandler
                0x00000000080058d4       0x34 libDaisy/build/libdaisy.a(uart.o)
                0x00000000080058d4                USART6_IRQHandler
 .text.UART7_IRQHandler
                0x0000000008005908       0x30 libDaisy/build/libdaisy.a(uart.o)
                0x0000000008005908                UART7_IRQHandler
 .text.UART8_IRQHandler
                0x0000000008005938       0x34 libDaisy/build/libdaisy.a(uart.o)
                0x0000000008005938                UART8_IRQHandler
 .text.LPUART1_IRQHandler
                0x000000000800596c       0x34 libDaisy/build/libdaisy.a(uart.o)
                0x000000000800596c                LPUART1_IRQHandler
 .text.DMA1_Stream5_IRQHandler
                0x00000000080059a0       0x34 libDaisy/build/libdaisy.a(uart.o)
                0x00000000080059a0                DMA1_Stream5_IRQHandler
 .text.DMA2_Stream4_IRQHandler
                0x00000000080059d4       0x34 libDaisy/build/libdaisy.a(uart.o)
                0x00000000080059d4                DMA2_Stream4_IRQHandler
 .text.HAL_UART_TxCpltCallback
                0x0000000008005a08        0x8 libDaisy/build/libdaisy.a(uart.o)
                0x0000000008005a08                HAL_UART_TxCpltCallback
 .text.HAL_UART_RxCpltCallback
                0x0000000008005a10        0x8 libDaisy/build/libdaisy.a(uart.o)
                0x0000000008005a10                HAL_UART_RxCpltCallback
 .text.HAL_UART_ErrorCallback
                0x0000000008005a18        0x8 libDaisy/build/libdaisy.a(uart.o)
                0x0000000008005a18                HAL_UART_ErrorCallback
 .text._ZN5daisy11UartHandler4InitERKNS0_6ConfigE
                0x0000000008005a20       0xec libDaisy/build/libdaisy.a(uart.o)
                0x0000000008005a20                daisy::UartHandler::Init(daisy::UartHandler::Config const&)
 .text._ZN5daisy11UartHandler5PopRxEv
                0x0000000008005b0c       0x28 libDaisy/build/libdaisy.a(uart.o)
                0x0000000008005b0c                daisy::UartHandler::PopRx()
 .text._ZN5daisy11UartHandler7StartRxEv
                0x0000000008005b34      0x108 libDaisy/build/libdaisy.a(uart.o)
                0x0000000008005b34                daisy::UartHandler::StartRx()
 .text._ZN5daisy11UartHandler8ReadableEv
                0x0000000008005c3c       0x10 libDaisy/build/libdaisy.a(uart.o)
                0x0000000008005c3c                daisy::UartHandler::Readable()
 .text.startup._GLOBAL__sub_I__Z19MapInstanceToHandleP13USART_TypeDef
                0x0000000008005c4c      0x190 libDaisy/build/libdaisy.a(uart.o)
 .text._ZN5daisy11TimerHandleD2Ev
                0x0000000008005ddc        0x4 libDaisy/build/libdaisy.a(system.o)
                0x0000000008005ddc                daisy::TimerHandle::~TimerHandle()
                0x0000000008005ddc                daisy::TimerHandle::~TimerHandle()
 .text.SysTick_Handler
                0x0000000008005de0       0x10 libDaisy/build/libdaisy.a(system.o)
                0x0000000008005de0                SysTick_Handler
 .text.OTG_HS_EP1_OUT_IRQHandler
                0x0000000008005df0       0x24 libDaisy/build/libdaisy.a(system.o)
                0x0000000008005df0                OTG_HS_EP1_OUT_IRQHandler
 .text.OTG_HS_EP1_IN_IRQHandler
                0x0000000008005e14       0x24 libDaisy/build/libdaisy.a(system.o)
                0x0000000008005e14                OTG_HS_EP1_IN_IRQHandler
 .text.OTG_HS_IRQHandler
                0x0000000008005e38       0x24 libDaisy/build/libdaisy.a(system.o)
                0x0000000008005e38                OTG_HS_IRQHandler
 .text.HardFault_Handler
                0x0000000008005e5c       0xe0 libDaisy/build/libdaisy.a(system.o)
                0x0000000008005e5c                HardFault_Handler
 .text._ZN5daisy6System6GetNowEv
                0x0000000008005f3c        0x4 libDaisy/build/libdaisy.a(system.o)
                0x0000000008005f3c                daisy::System::GetNow()
 .text._ZN5daisy6System5DelayEm
                0x0000000008005f40        0x4 libDaisy/build/libdaisy.a(system.o)
                0x0000000008005f40                daisy::System::Delay(unsigned long)
 .text._ZN5daisy6System15ConfigureClocksEv
                0x0000000008005f44      0x194 libDaisy/build/libdaisy.a(system.o)
                0x0000000008005f44                daisy::System::ConfigureClocks()
 .text._ZN5daisy6System4InitERKNS0_6ConfigE
                0x00000000080060d8      0x140 libDaisy/build/libdaisy.a(system.o)
                0x00000000080060d8                daisy::System::Init(daisy::System::Config const&)
 .text._ZN5daisy6System12GetPClk1FreqEv
                0x0000000008006218        0x4 libDaisy/build/libdaisy.a(system.o)
                0x0000000008006218                daisy::System::GetPClk1Freq()
 .text._ZN5daisy6System22GetProgramMemoryRegionEv
                0x000000000800621c       0x78 libDaisy/build/libdaisy.a(system.o)
                0x000000000800621c                daisy::System::GetProgramMemoryRegion()
 .text.startup._GLOBAL__sub_I_SysTick_Handler
                0x0000000008006294       0x1c libDaisy/build/libdaisy.a(system.o)
 .text.SystemInit
                0x00000000080062b0       0x9c libDaisy/build/libdaisy.a(system_stm32h7xx.o)
                0x00000000080062b0                SystemInit
 .text.HAL_PCD_SetupStageCallback
                0x000000000800634c        0xc libDaisy/build/libdaisy.a(usbd_conf.o)
                0x000000000800634c                HAL_PCD_SetupStageCallback
 .text.HAL_PCD_DataOutStageCallback
                0x0000000008006358       0x14 libDaisy/build/libdaisy.a(usbd_conf.o)
                0x0000000008006358                HAL_PCD_DataOutStageCallback
 .text.HAL_PCD_DataInStageCallback
                0x000000000800636c       0x14 libDaisy/build/libdaisy.a(usbd_conf.o)
                0x000000000800636c                HAL_PCD_DataInStageCallback
 .text.HAL_PCD_SOFCallback
                0x0000000008006380        0x8 libDaisy/build/libdaisy.a(usbd_conf.o)
                0x0000000008006380                HAL_PCD_SOFCallback
 .text.HAL_PCD_ResetCallback
                0x0000000008006388       0x24 libDaisy/build/libdaisy.a(usbd_conf.o)
                0x0000000008006388                HAL_PCD_ResetCallback
 .text.HAL_PCD_SuspendCallback
                0x00000000080063ac       0x30 libDaisy/build/libdaisy.a(usbd_conf.o)
                0x00000000080063ac                HAL_PCD_SuspendCallback
 .text.HAL_PCD_ResumeCallback
                0x00000000080063dc        0x8 libDaisy/build/libdaisy.a(usbd_conf.o)
                0x00000000080063dc                HAL_PCD_ResumeCallback
 .text.HAL_PCD_ISOOUTIncompleteCallback
                0x00000000080063e4        0x8 libDaisy/build/libdaisy.a(usbd_conf.o)
                0x00000000080063e4                HAL_PCD_ISOOUTIncompleteCallback
 .text.HAL_PCD_ISOINIncompleteCallback
                0x00000000080063ec        0x8 libDaisy/build/libdaisy.a(usbd_conf.o)
                0x00000000080063ec                HAL_PCD_ISOINIncompleteCallback
 .text.HAL_PCD_ConnectCallback
                0x00000000080063f4        0x8 libDaisy/build/libdaisy.a(usbd_conf.o)
                0x00000000080063f4                HAL_PCD_ConnectCallback
 .text.HAL_PCD_DisconnectCallback
                0x00000000080063fc        0x8 libDaisy/build/libdaisy.a(usbd_conf.o)
                0x00000000080063fc                HAL_PCD_DisconnectCallback
 .text.USBD_LL_OpenEP
                0x0000000008006404       0x24 libDaisy/build/libdaisy.a(usbd_conf.o)
                0x0000000008006404                USBD_LL_OpenEP
 .text.USBD_LL_StallEP
                0x0000000008006428       0x1c libDaisy/build/libdaisy.a(usbd_conf.o)
                0x0000000008006428                USBD_LL_StallEP
 .text.USBD_LL_ClearStallEP
                0x0000000008006444       0x1c libDaisy/build/libdaisy.a(usbd_conf.o)
                0x0000000008006444                USBD_LL_ClearStallEP
 .text.USBD_LL_IsStallEP
                0x0000000008006460       0x28 libDaisy/build/libdaisy.a(usbd_conf.o)
                0x0000000008006460                USBD_LL_IsStallEP
 .text.USBD_LL_SetUSBAddress
                0x0000000008006488       0x1c libDaisy/build/libdaisy.a(usbd_conf.o)
                0x0000000008006488                USBD_LL_SetUSBAddress
 .text.USBD_LL_Transmit
                0x00000000080064a4       0x1c libDaisy/build/libdaisy.a(usbd_conf.o)
                0x00000000080064a4                USBD_LL_Transmit
 .text.USBD_LL_PrepareReceive
                0x00000000080064c0       0x1c libDaisy/build/libdaisy.a(usbd_conf.o)
                0x00000000080064c0                USBD_LL_PrepareReceive
 .text.HAL_HCD_SOF_Callback
                0x00000000080064dc        0x8 libDaisy/build/libdaisy.a(usbh_conf.o)
                0x00000000080064dc                HAL_HCD_SOF_Callback
 .text.HAL_HCD_Connect_Callback
                0x00000000080064e4        0x8 libDaisy/build/libdaisy.a(usbh_conf.o)
                0x00000000080064e4                HAL_HCD_Connect_Callback
 .text.HAL_HCD_Disconnect_Callback
                0x00000000080064ec        0x8 libDaisy/build/libdaisy.a(usbh_conf.o)
                0x00000000080064ec                HAL_HCD_Disconnect_Callback
 .text.HAL_HCD_HC_NotifyURBChange_Callback
                0x00000000080064f4        0x4 libDaisy/build/libdaisy.a(usbh_conf.o)
                0x00000000080064f4                HAL_HCD_HC_NotifyURBChange_Callback
 .text.HAL_HCD_PortEnabled_Callback
                0x00000000080064f8        0x8 libDaisy/build/libdaisy.a(usbh_conf.o)
                0x00000000080064f8                HAL_HCD_PortEnabled_Callback
 .text.HAL_HCD_PortDisabled_Callback
                0x0000000008006500        0x8 libDaisy/build/libdaisy.a(usbh_conf.o)
                0x0000000008006500                HAL_HCD_PortDisabled_Callback
 .text.USBH_LL_Stop
                0x0000000008006508       0x1c libDaisy/build/libdaisy.a(usbh_conf.o)
                0x0000000008006508                USBH_LL_Stop
 .text.dsy_hal_map_get_port
                0x0000000008006524       0x10 libDaisy/build/libdaisy.a(hal_map.o)
                0x0000000008006524                dsy_hal_map_get_port
 .text.dsy_hal_map_get_pin
                0x0000000008006534       0x10 libDaisy/build/libdaisy.a(hal_map.o)
                0x0000000008006534                dsy_hal_map_get_pin
 .text.dsy_hal_map_gpio_clk_enable
                0x0000000008006544      0x150 libDaisy/build/libdaisy.a(hal_map.o)
                0x0000000008006544                dsy_hal_map_gpio_clk_enable
 .text.HAL_MspInit
                0x0000000008006694        0x4 libDaisy/build/libdaisy.a(stm32h7xx_hal.o)
                0x0000000008006694                HAL_MspInit
 .text.HAL_InitTick
                0x0000000008006698       0x4c libDaisy/build/libdaisy.a(stm32h7xx_hal.o)
                0x0000000008006698                HAL_InitTick
 .text.HAL_Init
                0x00000000080066e4       0x60 libDaisy/build/libdaisy.a(stm32h7xx_hal.o)
                0x00000000080066e4                HAL_Init
 .text.HAL_IncTick
                0x0000000008006744       0x18 libDaisy/build/libdaisy.a(stm32h7xx_hal.o)
                0x0000000008006744                HAL_IncTick
 .text.HAL_GetTick
                0x000000000800675c        0xc libDaisy/build/libdaisy.a(stm32h7xx_hal.o)
                0x000000000800675c                HAL_GetTick
 .text.HAL_Delay
                0x0000000008006768       0x24 libDaisy/build/libdaisy.a(stm32h7xx_hal.o)
                0x0000000008006768                HAL_Delay
 .text.HAL_GetREVID
                0x000000000800678c        0xc libDaisy/build/libdaisy.a(stm32h7xx_hal.o)
                0x000000000800678c                HAL_GetREVID
 .text.HAL_ADC_ConfigChannel
                0x0000000008006798      0x3fc libDaisy/build/libdaisy.a(stm32h7xx_hal_adc.o)
                0x0000000008006798                HAL_ADC_ConfigChannel
 .text.ADC_ConfigureBoostMode
                0x0000000008006b94      0x184 libDaisy/build/libdaisy.a(stm32h7xx_hal_adc.o)
                0x0000000008006b94                ADC_ConfigureBoostMode
 .text.HAL_ADC_Init
                0x0000000008006d18      0x218 libDaisy/build/libdaisy.a(stm32h7xx_hal_adc.o)
                0x0000000008006d18                HAL_ADC_Init
 .text.HAL_ADCEx_MultiModeConfigChannel
                0x0000000008006f30       0xc4 libDaisy/build/libdaisy.a(stm32h7xx_hal_adc_ex.o)
                0x0000000008006f30                HAL_ADCEx_MultiModeConfigChannel
 .text.HAL_NVIC_SetPriorityGrouping
                0x0000000008006ff4       0x24 libDaisy/build/libdaisy.a(stm32h7xx_hal_cortex.o)
                0x0000000008006ff4                HAL_NVIC_SetPriorityGrouping
 .text.HAL_NVIC_SetPriority
                0x0000000008007018       0x7c libDaisy/build/libdaisy.a(stm32h7xx_hal_cortex.o)
                0x0000000008007018                HAL_NVIC_SetPriority
 .text.HAL_NVIC_EnableIRQ
                0x0000000008007094       0x1c libDaisy/build/libdaisy.a(stm32h7xx_hal_cortex.o)
                0x0000000008007094                HAL_NVIC_EnableIRQ
 .text.HAL_NVIC_DisableIRQ
                0x00000000080070b0       0x28 libDaisy/build/libdaisy.a(stm32h7xx_hal_cortex.o)
                0x00000000080070b0                HAL_NVIC_DisableIRQ
 .text.HAL_SYSTICK_Config
                0x00000000080070d8       0x2c libDaisy/build/libdaisy.a(stm32h7xx_hal_cortex.o)
                0x00000000080070d8                HAL_SYSTICK_Config
 .text.HAL_MPU_Disable
                0x0000000008007104       0x1c libDaisy/build/libdaisy.a(stm32h7xx_hal_cortex.o)
                0x0000000008007104                HAL_MPU_Disable
 .text.HAL_MPU_Enable
                0x0000000008007120       0x20 libDaisy/build/libdaisy.a(stm32h7xx_hal_cortex.o)
                0x0000000008007120                HAL_MPU_Enable
 .text.HAL_MPU_ConfigRegion
                0x0000000008007140       0x64 libDaisy/build/libdaisy.a(stm32h7xx_hal_cortex.o)
                0x0000000008007140                HAL_MPU_ConfigRegion
 .text.HAL_SYSTICK_Callback
                0x00000000080071a4        0x4 libDaisy/build/libdaisy.a(stm32h7xx_hal_cortex.o)
                0x00000000080071a4                HAL_SYSTICK_Callback
 .text.HAL_SYSTICK_IRQHandler
                0x00000000080071a8        0x8 libDaisy/build/libdaisy.a(stm32h7xx_hal_cortex.o)
                0x00000000080071a8                HAL_SYSTICK_IRQHandler
 .text.DMA_CalcBaseAndBitshift
                0x00000000080071b0       0xf4 libDaisy/build/libdaisy.a(stm32h7xx_hal_dma.o)
 .text.DMA_CalcDMAMUXChannelBaseAndMask
                0x00000000080072a4       0xd8 libDaisy/build/libdaisy.a(stm32h7xx_hal_dma.o)
 .text.HAL_DMA_Init
                0x000000000800737c      0x37c libDaisy/build/libdaisy.a(stm32h7xx_hal_dma.o)
                0x000000000800737c                HAL_DMA_Init
 .text.HAL_DMA_Start_IT
                0x00000000080076f8      0x240 libDaisy/build/libdaisy.a(stm32h7xx_hal_dma.o)
                0x00000000080076f8                HAL_DMA_Start_IT
 .text.HAL_DMA_Abort_IT
                0x0000000008007938      0x134 libDaisy/build/libdaisy.a(stm32h7xx_hal_dma.o)
                0x0000000008007938                HAL_DMA_Abort_IT
 .text.HAL_DMA_IRQHandler
                0x0000000008007a6c      0x6a0 libDaisy/build/libdaisy.a(stm32h7xx_hal_dma.o)
                0x0000000008007a6c                HAL_DMA_IRQHandler
 .text.HAL_DMA_GetError
                0x000000000800810c        0x4 libDaisy/build/libdaisy.a(stm32h7xx_hal_dma.o)
                0x000000000800810c                HAL_DMA_GetError
 .text.HAL_GPIO_Init
                0x0000000008008110      0x280 libDaisy/build/libdaisy.a(stm32h7xx_hal_gpio.o)
                0x0000000008008110                HAL_GPIO_Init
 .text.HAL_GPIO_DeInit
                0x0000000008008390      0x190 libDaisy/build/libdaisy.a(stm32h7xx_hal_gpio.o)
                0x0000000008008390                HAL_GPIO_DeInit
 .text.HAL_GPIO_ReadPin
                0x0000000008008520        0xc libDaisy/build/libdaisy.a(stm32h7xx_hal_gpio.o)
                0x0000000008008520                HAL_GPIO_ReadPin
 .text.HAL_GPIO_WritePin
                0x000000000800852c        0x8 libDaisy/build/libdaisy.a(stm32h7xx_hal_gpio.o)
                0x000000000800852c                HAL_GPIO_WritePin
 .text.HAL_HCD_IRQHandler
                0x0000000008008534      0x780 libDaisy/build/libdaisy.a(stm32h7xx_hal_hcd.o)
                0x0000000008008534                HAL_HCD_IRQHandler
 .text.HAL_HCD_Stop
                0x0000000008008cb4       0x28 libDaisy/build/libdaisy.a(stm32h7xx_hal_hcd.o)
                0x0000000008008cb4                HAL_HCD_Stop
 .text.I2C_WaitOnTXISFlagUntilTimeout
                0x0000000008008cdc       0xb8 libDaisy/build/libdaisy.a(stm32h7xx_hal_i2c.o)
 .text.I2C_WaitOnSTOPFlagUntilTimeout
                0x0000000008008d94       0xac libDaisy/build/libdaisy.a(stm32h7xx_hal_i2c.o)
 .text.HAL_I2C_Init
                0x0000000008008e40       0xac libDaisy/build/libdaisy.a(stm32h7xx_hal_i2c.o)
                0x0000000008008e40                HAL_I2C_Init
 .text.HAL_I2C_Master_Transmit
                0x0000000008008eec      0x1a8 libDaisy/build/libdaisy.a(stm32h7xx_hal_i2c.o)
                0x0000000008008eec                HAL_I2C_Master_Transmit
 .text.HAL_I2C_Slave_Transmit
                0x0000000008009094      0x1c8 libDaisy/build/libdaisy.a(stm32h7xx_hal_i2c.o)
                0x0000000008009094                HAL_I2C_Slave_Transmit
 .text.HAL_I2C_Mem_Write
                0x000000000800925c      0x254 libDaisy/build/libdaisy.a(stm32h7xx_hal_i2c.o)
                0x000000000800925c                HAL_I2C_Mem_Write
 .text.HAL_I2C_EV_IRQHandler
                0x00000000080094b0       0x10 libDaisy/build/libdaisy.a(stm32h7xx_hal_i2c.o)
                0x00000000080094b0                HAL_I2C_EV_IRQHandler
 .text.HAL_I2C_GetState
                0x00000000080094c0        0x8 libDaisy/build/libdaisy.a(stm32h7xx_hal_i2c.o)
                0x00000000080094c0                HAL_I2C_GetState
 .text.HAL_I2CEx_ConfigAnalogFilter
                0x00000000080094c8       0x54 libDaisy/build/libdaisy.a(stm32h7xx_hal_i2c_ex.o)
                0x00000000080094c8                HAL_I2CEx_ConfigAnalogFilter
 .text.HAL_I2CEx_ConfigDigitalFilter
                0x000000000800951c       0x58 libDaisy/build/libdaisy.a(stm32h7xx_hal_i2c_ex.o)
                0x000000000800951c                HAL_I2CEx_ConfigDigitalFilter
 .text.HAL_PCD_IRQHandler
                0x0000000008009574      0x69c libDaisy/build/libdaisy.a(stm32h7xx_hal_pcd.o)
                0x0000000008009574                HAL_PCD_IRQHandler
 .text.HAL_PCD_SetAddress
                0x0000000008009c10       0x2c libDaisy/build/libdaisy.a(stm32h7xx_hal_pcd.o)
                0x0000000008009c10                HAL_PCD_SetAddress
 .text.HAL_PCD_EP_Open
                0x0000000008009c3c       0x7c libDaisy/build/libdaisy.a(stm32h7xx_hal_pcd.o)
                0x0000000008009c3c                HAL_PCD_EP_Open
 .text.HAL_PCD_EP_Receive
                0x0000000008009cb8       0x50 libDaisy/build/libdaisy.a(stm32h7xx_hal_pcd.o)
                0x0000000008009cb8                HAL_PCD_EP_Receive
 .text.HAL_PCD_EP_Transmit
                0x0000000008009d08       0x50 libDaisy/build/libdaisy.a(stm32h7xx_hal_pcd.o)
                0x0000000008009d08                HAL_PCD_EP_Transmit
 .text.HAL_PCD_EP_SetStall
                0x0000000008009d58       0x88 libDaisy/build/libdaisy.a(stm32h7xx_hal_pcd.o)
                0x0000000008009d58                HAL_PCD_EP_SetStall
 .text.HAL_PCD_EP_ClrStall
                0x0000000008009de0       0x78 libDaisy/build/libdaisy.a(stm32h7xx_hal_pcd.o)
                0x0000000008009de0                HAL_PCD_EP_ClrStall
 .text.HAL_PCDEx_LPM_Callback
                0x0000000008009e58        0x4 libDaisy/build/libdaisy.a(stm32h7xx_hal_pcd_ex.o)
                0x0000000008009e58                HAL_PCDEx_LPM_Callback
 .text.HAL_PWREx_ConfigSupply
                0x0000000008009e5c       0x4c libDaisy/build/libdaisy.a(stm32h7xx_hal_pwr_ex.o)
                0x0000000008009e5c                HAL_PWREx_ConfigSupply
 .text.HAL_PWREx_EnableUSBVoltageDetector
                0x0000000008009ea8       0x10 libDaisy/build/libdaisy.a(stm32h7xx_hal_pwr_ex.o)
                0x0000000008009ea8                HAL_PWREx_EnableUSBVoltageDetector
 .text.QSPI_Config
                0x0000000008009eb8      0x174 libDaisy/build/libdaisy.a(stm32h7xx_hal_qspi.o)
 .text.HAL_QSPI_Init
                0x000000000800a02c       0xd8 libDaisy/build/libdaisy.a(stm32h7xx_hal_qspi.o)
                0x000000000800a02c                HAL_QSPI_Init
 .text.HAL_QSPI_DeInit
                0x000000000800a104       0x3c libDaisy/build/libdaisy.a(stm32h7xx_hal_qspi.o)
                0x000000000800a104                HAL_QSPI_DeInit
 .text.HAL_QSPI_Command
                0x000000000800a140       0xd4 libDaisy/build/libdaisy.a(stm32h7xx_hal_qspi.o)
                0x000000000800a140                HAL_QSPI_Command
 .text.HAL_QSPI_Transmit
                0x000000000800a214       0xfc libDaisy/build/libdaisy.a(stm32h7xx_hal_qspi.o)
                0x000000000800a214                HAL_QSPI_Transmit
 .text.HAL_QSPI_Receive
                0x000000000800a310      0x108 libDaisy/build/libdaisy.a(stm32h7xx_hal_qspi.o)
                0x000000000800a310                HAL_QSPI_Receive
 .text.HAL_QSPI_AutoPolling
                0x000000000800a418       0xf0 libDaisy/build/libdaisy.a(stm32h7xx_hal_qspi.o)
                0x000000000800a418                HAL_QSPI_AutoPolling
 .text.HAL_QSPI_MemoryMapped
                0x000000000800a508       0xc0 libDaisy/build/libdaisy.a(stm32h7xx_hal_qspi.o)
                0x000000000800a508                HAL_QSPI_MemoryMapped
 .text.HAL_QSPI_ErrorCallback
                0x000000000800a5c8        0x4 libDaisy/build/libdaisy.a(stm32h7xx_hal_qspi.o)
                0x000000000800a5c8                HAL_QSPI_ErrorCallback
 .text.QSPI_DMAAbortCplt
                0x000000000800a5cc       0x38 libDaisy/build/libdaisy.a(stm32h7xx_hal_qspi.o)
 .text.HAL_QSPI_AbortCpltCallback
                0x000000000800a604        0x4 libDaisy/build/libdaisy.a(stm32h7xx_hal_qspi.o)
                0x000000000800a604                HAL_QSPI_AbortCpltCallback
 .text.HAL_QSPI_CmdCpltCallback
                0x000000000800a608        0x4 libDaisy/build/libdaisy.a(stm32h7xx_hal_qspi.o)
                0x000000000800a608                HAL_QSPI_CmdCpltCallback
 .text.HAL_QSPI_RxCpltCallback
                0x000000000800a60c        0x4 libDaisy/build/libdaisy.a(stm32h7xx_hal_qspi.o)
                0x000000000800a60c                HAL_QSPI_RxCpltCallback
 .text.HAL_QSPI_TxCpltCallback
                0x000000000800a610        0x4 libDaisy/build/libdaisy.a(stm32h7xx_hal_qspi.o)
                0x000000000800a610                HAL_QSPI_TxCpltCallback
 .text.HAL_QSPI_FifoThresholdCallback
                0x000000000800a614        0x4 libDaisy/build/libdaisy.a(stm32h7xx_hal_qspi.o)
                0x000000000800a614                HAL_QSPI_FifoThresholdCallback
 .text.HAL_QSPI_StatusMatchCallback
                0x000000000800a618        0x4 libDaisy/build/libdaisy.a(stm32h7xx_hal_qspi.o)
                0x000000000800a618                HAL_QSPI_StatusMatchCallback
 .text.HAL_QSPI_TimeOutCallback
                0x000000000800a61c        0x4 libDaisy/build/libdaisy.a(stm32h7xx_hal_qspi.o)
                0x000000000800a61c                HAL_QSPI_TimeOutCallback
 .text.HAL_QSPI_IRQHandler
                0x000000000800a620      0x210 libDaisy/build/libdaisy.a(stm32h7xx_hal_qspi.o)
                0x000000000800a620                HAL_QSPI_IRQHandler
 .text.HAL_RCC_OscConfig
                0x000000000800a830      0x51c libDaisy/build/libdaisy.a(stm32h7xx_hal_rcc.o)
                0x000000000800a830                HAL_RCC_OscConfig
 .text.HAL_RCC_GetSysClockFreq
                0x000000000800ad4c      0x140 libDaisy/build/libdaisy.a(stm32h7xx_hal_rcc.o)
                0x000000000800ad4c                HAL_RCC_GetSysClockFreq
 .text.HAL_RCC_ClockConfig
                0x000000000800ae8c      0x234 libDaisy/build/libdaisy.a(stm32h7xx_hal_rcc.o)
                0x000000000800ae8c                HAL_RCC_ClockConfig
 .text.HAL_RCC_GetHCLKFreq
                0x000000000800b0c0       0x2c libDaisy/build/libdaisy.a(stm32h7xx_hal_rcc.o)
                0x000000000800b0c0                HAL_RCC_GetHCLKFreq
 .text.HAL_RCC_GetPCLK1Freq
                0x000000000800b0ec       0x38 libDaisy/build/libdaisy.a(stm32h7xx_hal_rcc.o)
                0x000000000800b0ec                HAL_RCC_GetPCLK1Freq
 .text.HAL_RCC_GetPCLK2Freq
                0x000000000800b124       0x38 libDaisy/build/libdaisy.a(stm32h7xx_hal_rcc.o)
                0x000000000800b124                HAL_RCC_GetPCLK2Freq
 .text.RCCEx_PLL2_Config
                0x000000000800b15c       0xf4 libDaisy/build/libdaisy.a(stm32h7xx_hal_rcc_ex.o)
 .text.RCCEx_PLL3_Config
                0x000000000800b250       0xf4 libDaisy/build/libdaisy.a(stm32h7xx_hal_rcc_ex.o)
 .text.HAL_RCCEx_PeriphCLKConfig
                0x000000000800b344      0xa7c libDaisy/build/libdaisy.a(stm32h7xx_hal_rcc_ex.o)
                0x000000000800b344                HAL_RCCEx_PeriphCLKConfig
 .text.HAL_RCCEx_GetD3PCLK1Freq
                0x000000000800bdc0       0x24 libDaisy/build/libdaisy.a(stm32h7xx_hal_rcc_ex.o)
                0x000000000800bdc0                HAL_RCCEx_GetD3PCLK1Freq
 .text.HAL_RCCEx_GetPLL2ClockFreq
                0x000000000800bde4      0x17c libDaisy/build/libdaisy.a(stm32h7xx_hal_rcc_ex.o)
                0x000000000800bde4                HAL_RCCEx_GetPLL2ClockFreq
 .text.HAL_RCCEx_GetPLL3ClockFreq
                0x000000000800bf60      0x17c libDaisy/build/libdaisy.a(stm32h7xx_hal_rcc_ex.o)
                0x000000000800bf60                HAL_RCCEx_GetPLL3ClockFreq
 .text.HAL_RCCEx_GetPLL1ClockFreq
                0x000000000800c0dc      0x17c libDaisy/build/libdaisy.a(stm32h7xx_hal_rcc_ex.o)
                0x000000000800c0dc                HAL_RCCEx_GetPLL1ClockFreq
 .text.HAL_RCCEx_GetPeriphCLKFreq
                0x000000000800c258      0x198 libDaisy/build/libdaisy.a(stm32h7xx_hal_rcc_ex.o)
                0x000000000800c258                HAL_RCCEx_GetPeriphCLKFreq
 .text.HAL_RCCEx_GetD1SysClockFreq
                0x000000000800c3f0       0x2c libDaisy/build/libdaisy.a(stm32h7xx_hal_rcc_ex.o)
                0x000000000800c3f0                HAL_RCCEx_GetD1SysClockFreq
 .text.HAL_SAI_Init.part.0
                0x000000000800c41c      0x348 libDaisy/build/libdaisy.a(stm32h7xx_hal_sai.o)
 .text.HAL_SAI_InitProtocol
                0x000000000800c764      0x178 libDaisy/build/libdaisy.a(stm32h7xx_hal_sai.o)
                0x000000000800c764                HAL_SAI_InitProtocol
 .text.HAL_SAI_Transmit_DMA
                0x000000000800c8dc      0x124 libDaisy/build/libdaisy.a(stm32h7xx_hal_sai.o)
                0x000000000800c8dc                HAL_SAI_Transmit_DMA
 .text.HAL_SAI_Receive_DMA
                0x000000000800ca00       0xd0 libDaisy/build/libdaisy.a(stm32h7xx_hal_sai.o)
                0x000000000800ca00                HAL_SAI_Receive_DMA
 .text.HAL_SAI_TxCpltCallback
                0x000000000800cad0        0x4 libDaisy/build/libdaisy.a(stm32h7xx_hal_sai.o)
                0x000000000800cad0                HAL_SAI_TxCpltCallback
 .text.SAI_DMATxCplt
                0x000000000800cad4       0x64 libDaisy/build/libdaisy.a(stm32h7xx_hal_sai.o)
 .text.HAL_SAI_TxHalfCpltCallback
                0x000000000800cb38        0x4 libDaisy/build/libdaisy.a(stm32h7xx_hal_sai.o)
                0x000000000800cb38                HAL_SAI_TxHalfCpltCallback
 .text.SAI_DMATxHalfCplt
                0x000000000800cb3c        0xc libDaisy/build/libdaisy.a(stm32h7xx_hal_sai.o)
 .text.SAI_DMARxCplt
                0x000000000800cb48       0x64 libDaisy/build/libdaisy.a(stm32h7xx_hal_sai.o)
 .text.SAI_DMARxHalfCplt
                0x000000000800cbac        0xc libDaisy/build/libdaisy.a(stm32h7xx_hal_sai.o)
 .text.HAL_SAI_ErrorCallback
                0x000000000800cbb8        0x4 libDaisy/build/libdaisy.a(stm32h7xx_hal_sai.o)
                0x000000000800cbb8                HAL_SAI_ErrorCallback
 .text.SAI_DMAError
                0x000000000800cbbc       0x6c libDaisy/build/libdaisy.a(stm32h7xx_hal_sai.o)
 .text.HAL_SDRAM_Init
                0x000000000800cc28       0x54 libDaisy/build/libdaisy.a(stm32h7xx_hal_sdram.o)
                0x000000000800cc28                HAL_SDRAM_Init
 .text.HAL_SDRAM_SendCommand
                0x000000000800cc7c       0x40 libDaisy/build/libdaisy.a(stm32h7xx_hal_sdram.o)
                0x000000000800cc7c                HAL_SDRAM_SendCommand
 .text.HAL_SDRAM_ProgramRefreshRate
                0x000000000800ccbc       0x30 libDaisy/build/libdaisy.a(stm32h7xx_hal_sdram.o)
                0x000000000800ccbc                HAL_SDRAM_ProgramRefreshRate
 .text.HAL_UART_Transmit_DMA
                0x000000000800ccec       0xa4 libDaisy/build/libdaisy.a(stm32h7xx_hal_uart.o)
                0x000000000800ccec                HAL_UART_Transmit_DMA
 .text.HAL_UART_Receive_DMA
                0x000000000800cd90       0xac libDaisy/build/libdaisy.a(stm32h7xx_hal_uart.o)
                0x000000000800cd90                HAL_UART_Receive_DMA
 .text.UART_DMATransmitCplt
                0x000000000800ce3c       0x2c libDaisy/build/libdaisy.a(stm32h7xx_hal_uart.o)
 .text.HAL_UART_TxHalfCpltCallback
                0x000000000800ce68        0x4 libDaisy/build/libdaisy.a(stm32h7xx_hal_uart.o)
                0x000000000800ce68                HAL_UART_TxHalfCpltCallback
 .text.UART_DMATxHalfCplt
                0x000000000800ce6c        0xc libDaisy/build/libdaisy.a(stm32h7xx_hal_uart.o)
 .text.UART_DMAReceiveCplt
                0x000000000800ce78       0x38 libDaisy/build/libdaisy.a(stm32h7xx_hal_uart.o)
 .text.HAL_UART_RxHalfCpltCallback
                0x000000000800ceb0        0x4 libDaisy/build/libdaisy.a(stm32h7xx_hal_uart.o)
                0x000000000800ceb0                HAL_UART_RxHalfCpltCallback
 .text.UART_DMARxHalfCplt
                0x000000000800ceb4        0xc libDaisy/build/libdaisy.a(stm32h7xx_hal_uart.o)
 .text.UART_DMAError
                0x000000000800cec0       0x78 libDaisy/build/libdaisy.a(stm32h7xx_hal_uart.o)
 .text.HAL_UART_IRQHandler
                0x000000000800cf38      0x1d0 libDaisy/build/libdaisy.a(stm32h7xx_hal_uart.o)
                0x000000000800cf38                HAL_UART_IRQHandler
 .text.UART_DMAAbortOnError
                0x000000000800d108       0x14 libDaisy/build/libdaisy.a(stm32h7xx_hal_uart.o)
 .text.HAL_UART_GetState
                0x000000000800d11c        0xc libDaisy/build/libdaisy.a(stm32h7xx_hal_uart.o)
                0x000000000800d11c                HAL_UART_GetState
 .text.UART_SetConfig
                0x000000000800d128     0x14b8 libDaisy/build/libdaisy.a(stm32h7xx_hal_uart.o)
                0x000000000800d128                UART_SetConfig
 .text.UART_AdvFeatureConfig
                0x000000000800e5e0       0xb0 libDaisy/build/libdaisy.a(stm32h7xx_hal_uart.o)
                0x000000000800e5e0                UART_AdvFeatureConfig
 .text.UART_CheckIdleState
                0x000000000800e690       0x84 libDaisy/build/libdaisy.a(stm32h7xx_hal_uart.o)
                0x000000000800e690                UART_CheckIdleState
 .text.HAL_UART_Init
                0x000000000800e714       0x68 libDaisy/build/libdaisy.a(stm32h7xx_hal_uart.o)
                0x000000000800e714                HAL_UART_Init
 .text.HAL_UARTEx_WakeupCallback
                0x000000000800e77c        0x4 libDaisy/build/libdaisy.a(stm32h7xx_hal_uart_ex.o)
                0x000000000800e77c                HAL_UARTEx_WakeupCallback
 .text.HAL_UARTEx_RxFifoFullCallback
                0x000000000800e780        0x4 libDaisy/build/libdaisy.a(stm32h7xx_hal_uart_ex.o)
                0x000000000800e780                HAL_UARTEx_RxFifoFullCallback
 .text.HAL_UARTEx_TxFifoEmptyCallback
                0x000000000800e784        0x4 libDaisy/build/libdaisy.a(stm32h7xx_hal_uart_ex.o)
                0x000000000800e784                HAL_UARTEx_TxFifoEmptyCallback
 .text.HAL_UARTEx_DisableFifoMode
                0x000000000800e788       0x3c libDaisy/build/libdaisy.a(stm32h7xx_hal_uart_ex.o)
                0x000000000800e788                HAL_UARTEx_DisableFifoMode
 .text.HAL_UARTEx_SetTxFifoThreshold
                0x000000000800e7c4       0xa4 libDaisy/build/libdaisy.a(stm32h7xx_hal_uart_ex.o)
                0x000000000800e7c4                HAL_UARTEx_SetTxFifoThreshold
 .text.HAL_UARTEx_SetRxFifoThreshold
                0x000000000800e868       0xa4 libDaisy/build/libdaisy.a(stm32h7xx_hal_uart_ex.o)
                0x000000000800e868                HAL_UARTEx_SetRxFifoThreshold
 .text.FMC_SDRAM_Init
                0x000000000800e90c       0x7c libDaisy/build/libdaisy.a(stm32h7xx_ll_fmc.o)
                0x000000000800e90c                FMC_SDRAM_Init
 .text.FMC_SDRAM_Timing_Init
                0x000000000800e988       0x98 libDaisy/build/libdaisy.a(stm32h7xx_ll_fmc.o)
                0x000000000800e988                FMC_SDRAM_Timing_Init
 .text.FMC_SDRAM_SendCommand
                0x000000000800ea20       0x28 libDaisy/build/libdaisy.a(stm32h7xx_ll_fmc.o)
                0x000000000800ea20                FMC_SDRAM_SendCommand
 .text.FMC_SDRAM_ProgramRefreshRate
                0x000000000800ea48       0x1c libDaisy/build/libdaisy.a(stm32h7xx_ll_fmc.o)
                0x000000000800ea48                FMC_SDRAM_ProgramRefreshRate
 .text.USB_SetTurnaroundTime
                0x000000000800ea64      0x104 libDaisy/build/libdaisy.a(stm32h7xx_ll_usb.o)
                0x000000000800ea64                USB_SetTurnaroundTime
 .text.USB_FlushTxFifo
                0x000000000800eb68       0x34 libDaisy/build/libdaisy.a(stm32h7xx_ll_usb.o)
                0x000000000800eb68                USB_FlushTxFifo
 .text.USB_GetDevSpeed
                0x000000000800eb9c       0x24 libDaisy/build/libdaisy.a(stm32h7xx_ll_usb.o)
                0x000000000800eb9c                USB_GetDevSpeed
 .text.USB_ActivateEndpoint
                0x000000000800ebc0       0x90 libDaisy/build/libdaisy.a(stm32h7xx_ll_usb.o)
                0x000000000800ebc0                USB_ActivateEndpoint
 .text.USB_EPStartXfer
                0x000000000800ec50      0x230 libDaisy/build/libdaisy.a(stm32h7xx_ll_usb.o)
                0x000000000800ec50                USB_EPStartXfer
 .text.USB_EP0StartXfer
                0x000000000800ee80      0x174 libDaisy/build/libdaisy.a(stm32h7xx_ll_usb.o)
                0x000000000800ee80                USB_EP0StartXfer
 .text.USB_WritePacket
                0x000000000800eff4       0x2c libDaisy/build/libdaisy.a(stm32h7xx_ll_usb.o)
                0x000000000800eff4                USB_WritePacket
 .text.USB_ReadPacket
                0x000000000800f020       0x20 libDaisy/build/libdaisy.a(stm32h7xx_ll_usb.o)
                0x000000000800f020                USB_ReadPacket
 .text.USB_EPSetStall
                0x000000000800f040       0x68 libDaisy/build/libdaisy.a(stm32h7xx_ll_usb.o)
                0x000000000800f040                USB_EPSetStall
 .text.USB_EPClearStall
                0x000000000800f0a8       0x58 libDaisy/build/libdaisy.a(stm32h7xx_ll_usb.o)
                0x000000000800f0a8                USB_EPClearStall
 .text.USB_SetDevAddress
                0x000000000800f100       0x24 libDaisy/build/libdaisy.a(stm32h7xx_ll_usb.o)
                0x000000000800f100                USB_SetDevAddress
 .text.USB_ReadInterrupts
                0x000000000800f124       0x14 libDaisy/build/libdaisy.a(stm32h7xx_ll_usb.o)
                0x000000000800f124                USB_ReadInterrupts
 .text.USB_ReadDevAllOutEpInterrupt
                0x000000000800f138       0x1c libDaisy/build/libdaisy.a(stm32h7xx_ll_usb.o)
                0x000000000800f138                USB_ReadDevAllOutEpInterrupt
 .text.USB_ReadDevAllInEpInterrupt
                0x000000000800f154       0x1c libDaisy/build/libdaisy.a(stm32h7xx_ll_usb.o)
                0x000000000800f154                USB_ReadDevAllInEpInterrupt
 .text.USB_ReadDevOutEPInterrupt
                0x000000000800f170       0x1c libDaisy/build/libdaisy.a(stm32h7xx_ll_usb.o)
                0x000000000800f170                USB_ReadDevOutEPInterrupt
 .text.USB_ReadDevInEPInterrupt
                0x000000000800f18c       0x38 libDaisy/build/libdaisy.a(stm32h7xx_ll_usb.o)
                0x000000000800f18c                USB_ReadDevInEPInterrupt
 .text.USB_GetMode
                0x000000000800f1c4        0x8 libDaisy/build/libdaisy.a(stm32h7xx_ll_usb.o)
                0x000000000800f1c4                USB_GetMode
 .text.USB_ActivateSetup
                0x000000000800f1cc       0x38 libDaisy/build/libdaisy.a(stm32h7xx_ll_usb.o)
                0x000000000800f1cc                USB_ActivateSetup
 .text.USB_EP0_OutStart
                0x000000000800f204       0x58 libDaisy/build/libdaisy.a(stm32h7xx_ll_usb.o)
                0x000000000800f204                USB_EP0_OutStart
 .text.USB_InitFSLSPClkSel
                0x000000000800f25c       0x44 libDaisy/build/libdaisy.a(stm32h7xx_ll_usb.o)
                0x000000000800f25c                USB_InitFSLSPClkSel
 .text.USB_HC_ReadInterrupt
                0x000000000800f2a0        0x8 libDaisy/build/libdaisy.a(stm32h7xx_ll_usb.o)
                0x000000000800f2a0                USB_HC_ReadInterrupt
 .text.USB_HC_Halt
                0x000000000800f2a8       0xc0 libDaisy/build/libdaisy.a(stm32h7xx_ll_usb.o)
                0x000000000800f2a8                USB_HC_Halt
 .text.USB_StopHost
                0x000000000800f368      0x2ec libDaisy/build/libdaisy.a(stm32h7xx_ll_usb.o)
                0x000000000800f368                USB_StopHost
 .text.USBD_SetClassConfig
                0x000000000800f654       0x14 libDaisy/build/libdaisy.a(usbd_core.o)
                0x000000000800f654                USBD_SetClassConfig
 .text.USBD_ClrClassConfig
                0x000000000800f668       0x10 libDaisy/build/libdaisy.a(usbd_core.o)
                0x000000000800f668                USBD_ClrClassConfig
 .text.USBD_LL_SetupStage
                0x000000000800f678       0x5c libDaisy/build/libdaisy.a(usbd_core.o)
                0x000000000800f678                USBD_LL_SetupStage
 .text.USBD_LL_DataOutStage
                0x000000000800f6d4       0x7c libDaisy/build/libdaisy.a(usbd_core.o)
                0x000000000800f6d4                USBD_LL_DataOutStage
 .text.USBD_LL_DataInStage
                0x000000000800f750       0xcc libDaisy/build/libdaisy.a(usbd_core.o)
                0x000000000800f750                USBD_LL_DataInStage
 .text.USBD_LL_Reset
                0x000000000800f81c       0x50 libDaisy/build/libdaisy.a(usbd_core.o)
                0x000000000800f81c                USBD_LL_Reset
 .text.USBD_LL_SetSpeed
                0x000000000800f86c        0x8 libDaisy/build/libdaisy.a(usbd_core.o)
                0x000000000800f86c                USBD_LL_SetSpeed
 .text.USBD_LL_Suspend
                0x000000000800f874       0x14 libDaisy/build/libdaisy.a(usbd_core.o)
                0x000000000800f874                USBD_LL_Suspend
 .text.USBD_LL_Resume
                0x000000000800f888       0x10 libDaisy/build/libdaisy.a(usbd_core.o)
                0x000000000800f888                USBD_LL_Resume
 .text.USBD_LL_SOF
                0x000000000800f898       0x1c libDaisy/build/libdaisy.a(usbd_core.o)
                0x000000000800f898                USBD_LL_SOF
 .text.USBD_LL_IsoINIncomplete
                0x000000000800f8b4        0x4 libDaisy/build/libdaisy.a(usbd_core.o)
                0x000000000800f8b4                USBD_LL_IsoINIncomplete
 .text.USBD_LL_IsoOUTIncomplete
                0x000000000800f8b8        0x4 libDaisy/build/libdaisy.a(usbd_core.o)
                0x000000000800f8b8                USBD_LL_IsoOUTIncomplete
 .text.USBD_LL_DevConnected
                0x000000000800f8bc        0x4 libDaisy/build/libdaisy.a(usbd_core.o)
                0x000000000800f8bc                USBD_LL_DevConnected
 .text.USBD_LL_DevDisconnected
                0x000000000800f8c0       0x18 libDaisy/build/libdaisy.a(usbd_core.o)
                0x000000000800f8c0                USBD_LL_DevDisconnected
 .text.USBD_StdDevReq
                0x000000000800f8d8      0x304 libDaisy/build/libdaisy.a(usbd_ctlreq.o)
                0x000000000800f8d8                USBD_StdDevReq
 .text.USBD_StdItfReq
                0x000000000800fbdc       0x68 libDaisy/build/libdaisy.a(usbd_ctlreq.o)
                0x000000000800fbdc                USBD_StdItfReq
 .text.USBD_StdEPReq
                0x000000000800fc44      0x13c libDaisy/build/libdaisy.a(usbd_ctlreq.o)
                0x000000000800fc44                USBD_StdEPReq
 .text.USBD_ParseSetupRequest
                0x000000000800fd80       0x28 libDaisy/build/libdaisy.a(usbd_ctlreq.o)
                0x000000000800fd80                USBD_ParseSetupRequest
 .text.USBD_CtlSendData
                0x000000000800fda8       0x1c libDaisy/build/libdaisy.a(usbd_ioreq.o)
                0x000000000800fda8                USBD_CtlSendData
 .text.USBD_CtlContinueSendData
                0x000000000800fdc4       0x14 libDaisy/build/libdaisy.a(usbd_ioreq.o)
                0x000000000800fdc4                USBD_CtlContinueSendData
 .text.USBD_CtlContinueRx
                0x000000000800fdd8       0x14 libDaisy/build/libdaisy.a(usbd_ioreq.o)
                0x000000000800fdd8                USBD_CtlContinueRx
 .text.USBD_CtlSendStatus
                0x000000000800fdec       0x18 libDaisy/build/libdaisy.a(usbd_ioreq.o)
                0x000000000800fdec                USBD_CtlSendStatus
 .text.USBD_CtlReceiveStatus
                0x000000000800fe04       0x18 libDaisy/build/libdaisy.a(usbd_ioreq.o)
                0x000000000800fe04                USBD_CtlReceiveStatus
 .text.USBH_LL_IncTimer
                0x000000000800fe1c       0x20 libDaisy/build/libdaisy.a(usbh_core.o)
                0x000000000800fe1c                USBH_LL_IncTimer
 .text.USBH_LL_PortEnabled
                0x000000000800fe3c        0x8 libDaisy/build/libdaisy.a(usbh_core.o)
                0x000000000800fe3c                USBH_LL_PortEnabled
 .text.USBH_LL_PortDisabled
                0x000000000800fe44        0x8 libDaisy/build/libdaisy.a(usbh_core.o)
                0x000000000800fe44                USBH_LL_PortDisabled
 .text.USBH_LL_Connect
                0x000000000800fe4c       0x18 libDaisy/build/libdaisy.a(usbh_core.o)
                0x000000000800fe4c                USBH_LL_Connect
 .text.USBH_LL_Disconnect
                0x000000000800fe64       0x2c libDaisy/build/libdaisy.a(usbh_core.o)
                0x000000000800fe64                USBH_LL_Disconnect
 .text.USBH_FreePipe
                0x000000000800fe90       0x18 libDaisy/build/libdaisy.a(usbh_pipes.o)
                0x000000000800fe90                USBH_FreePipe
 .text._ZN5daisy6Random4InitEv
                0x000000000800fea8       0x3c libDaisy/build/libdaisy.a(rng.o)
                0x000000000800fea8                daisy::Random::Init()
 .text._ZN5daisy9SpiHandle4Impl7InitDmaEv
                0x000000000800fee4       0xec libDaisy/build/libdaisy.a(spi.o)
                0x000000000800fee4                daisy::SpiHandle::Impl::InitDma()
 .text._ZN5daisy9SpiHandle4Impl10StartDmaTxEPhjPFvPvEPFvS3_NS0_6ResultEES3_
                0x000000000800ffd0       0xc8 libDaisy/build/libdaisy.a(spi.o)
                0x000000000800ffd0                daisy::SpiHandle::Impl::StartDmaTx(unsigned char*, unsigned int, void (*)(void*), void (*)(void*, daisy::SpiHandle::Result), void*)
 .text._ZN5daisy9SpiHandle4Impl10StartDmaRxEPhjPFvPvEPFvS3_NS0_6ResultEES3_
                0x0000000008010098       0xc8 libDaisy/build/libdaisy.a(spi.o)
                0x0000000008010098                daisy::SpiHandle::Impl::StartDmaRx(unsigned char*, unsigned int, void (*)(void*), void (*)(void*, daisy::SpiHandle::Result), void*)
 .text._ZN5daisy9SpiHandle4Impl12StartDmaRxTxEPhS2_jPFvPvEPFvS3_NS0_6ResultEES3_
                0x0000000008010160       0xcc libDaisy/build/libdaisy.a(spi.o)
                0x0000000008010160                daisy::SpiHandle::Impl::StartDmaRxTx(unsigned char*, unsigned char*, unsigned int, void (*)(void*), void (*)(void*, daisy::SpiHandle::Result), void*)
 .text._ZN5daisy9SpiHandle4Impl8InitPinsEv
                0x000000000801022c      0x274 libDaisy/build/libdaisy.a(spi.o)
                0x000000000801022c                daisy::SpiHandle::Impl::InitPins()
 .text.HAL_SPI_MspInit
                0x00000000080104a0      0x1a8 libDaisy/build/libdaisy.a(spi.o)
                0x00000000080104a0                HAL_SPI_MspInit
 .text.dsy_spi_global_init
                0x0000000008010648       0x80 libDaisy/build/libdaisy.a(spi.o)
                0x0000000008010648                dsy_spi_global_init
 .text.SPI1_IRQHandler
                0x00000000080106c8        0xc libDaisy/build/libdaisy.a(spi.o)
                0x00000000080106c8                SPI1_IRQHandler
 .text.SPI2_IRQHandler
                0x00000000080106d4        0xc libDaisy/build/libdaisy.a(spi.o)
                0x00000000080106d4                SPI2_IRQHandler
 .text.SPI3_IRQHandler
                0x00000000080106e0        0xc libDaisy/build/libdaisy.a(spi.o)
                0x00000000080106e0                SPI3_IRQHandler
 .text.SPI4_IRQHandler
                0x00000000080106ec        0xc libDaisy/build/libdaisy.a(spi.o)
                0x00000000080106ec                SPI4_IRQHandler
 .text.SPI5_IRQHandler
                0x00000000080106f8        0xc libDaisy/build/libdaisy.a(spi.o)
                0x00000000080106f8                SPI5_IRQHandler
 .text.DMA2_Stream2_IRQHandler
                0x0000000008010704       0x34 libDaisy/build/libdaisy.a(spi.o)
                0x0000000008010704                DMA2_Stream2_IRQHandler
 .text.DMA2_Stream3_IRQHandler
                0x0000000008010738       0x38 libDaisy/build/libdaisy.a(spi.o)
                0x0000000008010738                DMA2_Stream3_IRQHandler
 .text.HAL_SPI_TxCpltCallback
                0x0000000008010770       0xc4 libDaisy/build/libdaisy.a(spi.o)
                0x0000000008010770                HAL_SPI_TxCpltCallback
 .text.HAL_SPI_RxCpltCallback
                0x0000000008010834       0xc4 libDaisy/build/libdaisy.a(spi.o)
                0x0000000008010834                HAL_SPI_RxCpltCallback
 .text.HAL_SPI_TxRxCpltCallback
                0x00000000080108f8       0xc4 libDaisy/build/libdaisy.a(spi.o)
                0x00000000080108f8                HAL_SPI_TxRxCpltCallback
 .text.HAL_SPI_ErrorCallback
                0x00000000080109bc       0xc8 libDaisy/build/libdaisy.a(spi.o)
                0x00000000080109bc                HAL_SPI_ErrorCallback
 .text.startup._GLOBAL__sub_I__Z19MapInstanceToHandleP11SPI_TypeDef
                0x0000000008010a84      0x1b0 libDaisy/build/libdaisy.a(spi.o)
 .text.HAL_TIM_Base_MspInit
                0x0000000008010c34      0x1e0 libDaisy/build/libdaisy.a(tim.o)
                0x0000000008010c34                HAL_TIM_Base_MspInit
 .text.HAL_TIM_PeriodElapsedCallback
                0x0000000008010e14       0x44 libDaisy/build/libdaisy.a(tim.o)
                0x0000000008010e14                HAL_TIM_PeriodElapsedCallback
 .text.TIM2_IRQHandler
                0x0000000008010e58        0xc libDaisy/build/libdaisy.a(tim.o)
                0x0000000008010e58                TIM2_IRQHandler
 .text.TIM3_IRQHandler
                0x0000000008010e64        0xc libDaisy/build/libdaisy.a(tim.o)
                0x0000000008010e64                TIM3_IRQHandler
 .text.TIM4_IRQHandler
                0x0000000008010e70        0xc libDaisy/build/libdaisy.a(tim.o)
                0x0000000008010e70                TIM4_IRQHandler
 .text.TIM5_IRQHandler
                0x0000000008010e7c        0xc libDaisy/build/libdaisy.a(tim.o)
                0x0000000008010e7c                TIM5_IRQHandler
 .text._ZN5daisy11TimerHandle4InitERKNS0_6ConfigE
                0x0000000008010e88       0xd0 libDaisy/build/libdaisy.a(tim.o)
                0x0000000008010e88                daisy::TimerHandle::Init(daisy::TimerHandle::Config const&)
 .text._ZN5daisy11TimerHandle5StartEv
                0x0000000008010f58       0x24 libDaisy/build/libdaisy.a(tim.o)
                0x0000000008010f58                daisy::TimerHandle::Start()
 .text.startup._GLOBAL__sub_I__ZN5daisy11TimerHandle4Impl4InitERKNS0_6ConfigE
                0x0000000008010f7c       0x38 libDaisy/build/libdaisy.a(tim.o)
 .text.dsy_dma_init
                0x0000000008010fb4      0x100 libDaisy/build/libdaisy.a(dma.o)
                0x0000000008010fb4                dsy_dma_init
 .text.HAL_MDMA_Abort_IT
                0x00000000080110b4       0x2c libDaisy/build/libdaisy.a(stm32h7xx_hal_mdma.o)
                0x00000000080110b4                HAL_MDMA_Abort_IT
 .text.SPI_CloseTransfer
                0x00000000080110e0       0xb8 libDaisy/build/libdaisy.a(stm32h7xx_hal_spi.o)
 .text.HAL_SPI_Init
                0x0000000008011198      0x15c libDaisy/build/libdaisy.a(stm32h7xx_hal_spi.o)
                0x0000000008011198                HAL_SPI_Init
 .text.HAL_SPI_Transmit_DMA
                0x00000000080112f4      0x170 libDaisy/build/libdaisy.a(stm32h7xx_hal_spi.o)
                0x00000000080112f4                HAL_SPI_Transmit_DMA
 .text.HAL_SPI_TransmitReceive_DMA
                0x0000000008011464      0x218 libDaisy/build/libdaisy.a(stm32h7xx_hal_spi.o)
                0x0000000008011464                HAL_SPI_TransmitReceive_DMA
 .text.HAL_SPI_Receive_DMA
                0x000000000801167c      0x1b4 libDaisy/build/libdaisy.a(stm32h7xx_hal_spi.o)
                0x000000000801167c                HAL_SPI_Receive_DMA
 .text.SPI_DMATransmitCplt
                0x0000000008011830       0x28 libDaisy/build/libdaisy.a(stm32h7xx_hal_spi.o)
 .text.SPI_DMAReceiveCplt
                0x0000000008011858       0x28 libDaisy/build/libdaisy.a(stm32h7xx_hal_spi.o)
 .text.SPI_DMATransmitReceiveCplt
                0x0000000008011880       0x28 libDaisy/build/libdaisy.a(stm32h7xx_hal_spi.o)
 .text.HAL_SPI_TxHalfCpltCallback
                0x00000000080118a8        0x4 libDaisy/build/libdaisy.a(stm32h7xx_hal_spi.o)
                0x00000000080118a8                HAL_SPI_TxHalfCpltCallback
 .text.SPI_DMAHalfTransmitCplt
                0x00000000080118ac        0xc libDaisy/build/libdaisy.a(stm32h7xx_hal_spi.o)
 .text.HAL_SPI_RxHalfCpltCallback
                0x00000000080118b8        0x4 libDaisy/build/libdaisy.a(stm32h7xx_hal_spi.o)
                0x00000000080118b8                HAL_SPI_RxHalfCpltCallback
 .text.SPI_DMAHalfReceiveCplt
                0x00000000080118bc        0xc libDaisy/build/libdaisy.a(stm32h7xx_hal_spi.o)
 .text.HAL_SPI_TxRxHalfCpltCallback
                0x00000000080118c8        0x4 libDaisy/build/libdaisy.a(stm32h7xx_hal_spi.o)
                0x00000000080118c8                HAL_SPI_TxRxHalfCpltCallback
 .text.SPI_DMAHalfTransmitReceiveCplt
                0x00000000080118cc        0xc libDaisy/build/libdaisy.a(stm32h7xx_hal_spi.o)
 .text.SPI_DMAError
                0x00000000080118d8       0xd8 libDaisy/build/libdaisy.a(stm32h7xx_hal_spi.o)
 .text.HAL_SPI_IRQHandler
                0x00000000080119b0      0x23c libDaisy/build/libdaisy.a(stm32h7xx_hal_spi.o)
                0x00000000080119b0                HAL_SPI_IRQHandler
 .text.SPI_DMAAbortOnError
                0x0000000008011bec       0x1c libDaisy/build/libdaisy.a(stm32h7xx_hal_spi.o)
 .text.HAL_SPI_GetState
                0x0000000008011c08        0x8 libDaisy/build/libdaisy.a(stm32h7xx_hal_spi.o)
                0x0000000008011c08                HAL_SPI_GetState
 .text.HAL_TIM_Base_Init
                0x0000000008011c10      0x140 libDaisy/build/libdaisy.a(stm32h7xx_hal_tim.o)
                0x0000000008011c10                HAL_TIM_Base_Init
 .text.HAL_TIM_Base_Start
                0x0000000008011d50       0x34 libDaisy/build/libdaisy.a(stm32h7xx_hal_tim.o)
                0x0000000008011d50                HAL_TIM_Base_Start
 .text.HAL_TIM_Base_Start_IT
                0x0000000008011d84       0x2c libDaisy/build/libdaisy.a(stm32h7xx_hal_tim.o)
                0x0000000008011d84                HAL_TIM_Base_Start_IT
 .text.HAL_TIM_ConfigClockSource
                0x0000000008011db0      0x17c libDaisy/build/libdaisy.a(stm32h7xx_hal_tim.o)
                0x0000000008011db0                HAL_TIM_ConfigClockSource
 .text.HAL_TIM_OC_DelayElapsedCallback
                0x0000000008011f2c        0x4 libDaisy/build/libdaisy.a(stm32h7xx_hal_tim.o)
                0x0000000008011f2c                HAL_TIM_OC_DelayElapsedCallback
 .text.HAL_TIM_IC_CaptureCallback
                0x0000000008011f30        0x4 libDaisy/build/libdaisy.a(stm32h7xx_hal_tim.o)
                0x0000000008011f30                HAL_TIM_IC_CaptureCallback
 .text.HAL_TIM_PWM_PulseFinishedCallback
                0x0000000008011f34        0x4 libDaisy/build/libdaisy.a(stm32h7xx_hal_tim.o)
                0x0000000008011f34                HAL_TIM_PWM_PulseFinishedCallback
 .text.HAL_TIM_TriggerCallback
                0x0000000008011f38        0x4 libDaisy/build/libdaisy.a(stm32h7xx_hal_tim.o)
                0x0000000008011f38                HAL_TIM_TriggerCallback
 .text.HAL_TIM_IRQHandler
                0x0000000008011f3c      0x170 libDaisy/build/libdaisy.a(stm32h7xx_hal_tim.o)
                0x0000000008011f3c                HAL_TIM_IRQHandler
 .text.HAL_TIMEx_MasterConfigSynchronization
                0x00000000080120ac       0x64 libDaisy/build/libdaisy.a(stm32h7xx_hal_tim_ex.o)
                0x00000000080120ac                HAL_TIMEx_MasterConfigSynchronization
 .text.HAL_TIMEx_CommutCallback
                0x0000000008012110        0x4 libDaisy/build/libdaisy.a(stm32h7xx_hal_tim_ex.o)
                0x0000000008012110                HAL_TIMEx_CommutCallback
 .text.HAL_TIMEx_BreakCallback
                0x0000000008012114        0x4 libDaisy/build/libdaisy.a(stm32h7xx_hal_tim_ex.o)
                0x0000000008012114                HAL_TIMEx_BreakCallback
 .text.HAL_TIMEx_Break2Callback
                0x0000000008012118        0x4 libDaisy/build/libdaisy.a(stm32h7xx_hal_tim_ex.o)
                0x0000000008012118                HAL_TIMEx_Break2Callback
 .text._ZN7daisysp5AdEnv4InitEf
                0x000000000801211c       0x30 DaisySP/build/libdaisysp.a(adenv.o)
                0x000000000801211c                daisysp::AdEnv::Init(float)
 .text._ZN7daisysp4Adsr4InitEfi
                0x000000000801214c       0xe0 DaisySP/build/libdaisysp.a(adsr.o)
                0x000000000801214c                daisysp::Adsr::Init(float, int)
 .text._ZN7daisysp4Adsr13SetAttackTimeEff
                0x000000000801222c       0xac DaisySP/build/libdaisysp.a(adsr.o)
                0x000000000801222c                daisysp::Adsr::SetAttackTime(float, float)
 .text._ZN7daisysp4Adsr12SetDecayTimeEf
                0x00000000080122d8       0x50 DaisySP/build/libdaisysp.a(adsr.o)
                0x00000000080122d8                daisysp::Adsr::SetDecayTime(float)
 .text._ZN7daisysp4Adsr7ProcessEb
                0x0000000008012328       0xb0 DaisySP/build/libdaisysp.a(adsr.o)
                0x0000000008012328                daisysp::Adsr::Process(bool)
 .text._ZN7daisysp3Svf4InitEf
                0x00000000080123d8       0x48 DaisySP/build/libdaisysp.a(svf.o)
                0x00000000080123d8                daisysp::Svf::Init(float)
 .text._ZN7daisysp3Svf8SetDriveEf
                0x0000000008012420       0x34 DaisySP/build/libdaisysp.a(svf.o)
                0x0000000008012420                daisysp::Svf::SetDrive(float)
 .text._ZN7daisysp10Oscillator7ProcessEv
                0x0000000008012454      0x3c4 DaisySP/build/libdaisysp.a(oscillator.o)
                0x0000000008012454                daisysp::Oscillator::Process()
 .text._ZN7daisysp10Oscillator12CalcPhaseIncEf
                0x0000000008012818       0x18 DaisySP/build/libdaisysp.a(oscillator.o)
                0x0000000008012818                daisysp::Oscillator::CalcPhaseInc(float)
 .text.__aeabi_atexit
                0x0000000008012830        0xa /home/hallmar/Developer/gcc-arm-none-eabi-10.3-2021.10/bin/../lib/gcc/arm-none-eabi/10.3.1/../../../../arm-none-eabi/lib/thumb/v7e-m+dp/hard/libstdc++_nano.a(atexit_arm.o)
                0x0000000008012830                __aeabi_atexit
 *fill*         0x000000000801283a        0x6 
 .text.cosf     0x0000000008012840      0x1bc /home/hallmar/Developer/gcc-arm-none-eabi-10.3-2021.10/bin/../lib/gcc/arm-none-eabi/10.3.1/../../../../arm-none-eabi/lib/thumb/v7e-m+dp/hard/libm.a(lib_a-cosf.o)
                0x0000000008012840                cosf
 .text.with_errnof
                0x00000000080129fc       0x18 /home/hallmar/Developer/gcc-arm-none-eabi-10.3-2021.10/bin/../lib/gcc/arm-none-eabi/10.3.1/../../../../arm-none-eabi/lib/thumb/v7e-m+dp/hard/libm.a(lib_a-math_errf.o)
 .text.xflowf   0x0000000008012a14       0x20 /home/hallmar/Developer/gcc-arm-none-eabi-10.3-2021.10/bin/../lib/gcc/arm-none-eabi/10.3.1/../../../../arm-none-eabi/lib/thumb/v7e-m+dp/hard/libm.a(lib_a-math_errf.o)
 .text.__math_uflowf
                0x0000000008012a34        0xc /home/hallmar/Developer/gcc-arm-none-eabi-10.3-2021.10/bin/../lib/gcc/arm-none-eabi/10.3.1/../../../../arm-none-eabi/lib/thumb/v7e-m+dp/hard/libm.a(lib_a-math_errf.o)